   Compiling libc v0.2.189
   Compiling getrandom v0.3.4
   Compiling cfg-if v1.0.4
   Compiling zerocopy v0.8.52
   Compiling rustix v1.1.3
   Compiling byteorder v1.5.0
   Compiling bytemuck v1.25.2
   Compiling bitflags v2.13.1
   Compiling xxhash-rust v0.8.18
   Compiling serde_core v1.0.229
   Compiling zmij v1.0.23
   Compiling once_cell v1.21.4
   Compiling fastrand v2.4.1
   Compiling autocfg v1.5.1
   Compiling serde_json v1.0.151
   Compiling itoa v1.0.18
   Compiling memchr v2.8.3
   Compiling fnv v1.0.7
   Compiling zeppelin-embed-bench v0.4.2 (/private/tmp/ze135-parent-baseline-3c2fba3/crates/zeppelin-embed-bench)
   Compiling bit-vec v0.8.0
   Compiling quick-error v1.2.3
   Compiling roaring v0.10.12
   Compiling unarray v0.1.4
   Compiling regex-syntax v0.8.11
   Compiling zeppelin-embed-adversarial-oracle v0.4.2 (/private/tmp/ze135-parent-baseline-3c2fba3/tests/adversarial-oracle)
   Compiling bit-set v0.8.0
   Compiling num-traits v0.2.19
   Compiling errno v0.3.14
   Compiling wait-timeout v0.2.1
   Compiling zeppelin-embed v0.4.2 (/private/tmp/ze135-parent-baseline-3c2fba3/crates/zeppelin-embed)
   Compiling rand_core v0.9.5
   Compiling rand_xorshift v0.4.0
   Compiling tempfile v3.25.0
   Compiling rusty-fork v0.3.1
   Compiling ppv-lite86 v0.2.21
   Compiling rand_chacha v0.9.0
   Compiling rand v0.9.5
   Compiling proptest v1.10.0
   Compiling zeppelin-embed-cypher v0.4.2 (/private/tmp/ze135-parent-baseline-3c2fba3/crates/zeppelin-embed-cypher)
   Compiling zeppelin-embed-ffi v0.4.2 (/private/tmp/ze135-parent-baseline-3c2fba3/crates/zeppelin-embed-ffi)
   Compiling zeppelin-embed-workspace-tests v0.4.2 (/private/tmp/ze135-parent-baseline-3c2fba3/tests)
    Finished `test` profile [unoptimized + debuginfo] target(s) in 22.76s
────────────
 Nextest run ID 886bbaf9-b704-4d21-a4fd-6a2bd6b0fc49 with nextest profile: default
    Starting 4 tests across 1 binary (467 tests skipped)
        PASS [   0.036s] (1/4) zeppelin-embed-workspace-tests::adversarial_tests property_graph_adjacency_probe_checks_edges_faults_and_comparator_controls
        PASS [   3.962s] (2/4) zeppelin-embed-workspace-tests::adversarial_tests one_runner_episode_reaches_required_adjacency_contracts
        PASS [   3.962s] (3/4) zeppelin-embed-workspace-tests::adversarial_tests one_runner_episode_reaches_required_native_directory_contracts
        PASS [   5.752s] (4/4) zeppelin-embed-workspace-tests::adversarial_tests property_graph_directories_probe_checks_native_roots_and_independent_history
────────────
     Summary [   5.753s] 4 tests run: 4 passed, 467 skipped
