$ uname -a
Darwin Anups-MacBook-Pro.local 27.0.0 Darwin Kernel Version 27.0.0: Tue Jul 14 21:42:16 PDT 2026; root:xnu-13432.0.94.501.4~1/RELEASE_ARM64_T6031 arm64

$ sw_vers
ProductName:		macOS
ProductVersion:		27.0
BuildVersion:		26A5388g

$ rustc -Vv
rustc 1.93.0 (254b59607 2026-01-19)
binary: rustc
commit-hash: 254b59607d4417e9dffbc307138ae5c86280fe4c
commit-date: 2026-01-19
host: aarch64-apple-darwin
release: 1.93.0
LLVM version: 21.1.8

$ cargo -V
cargo 1.93.0 (083ac5135 2025-12-15)

$ cargo llvm-cov --version
cargo-llvm-cov 0.9.0

$ sysctl -n hw.model hw.memsize machdep.cpu.brand_string
Mac15,9
137438953472
Apple M3 Max
