info: cargo-llvm-cov currently setting cfg(coverage); you can opt-out it by passing --no-cfg-coverage
   Compiling proc-macro2 v1.0.107
   Compiling quote v1.0.47
   Compiling unicode-ident v1.0.24
   Compiling libc v0.2.189
   Compiling cfg-if v1.0.4
   Compiling zerocopy v0.8.52
   Compiling getrandom v0.3.4
   Compiling serde_core v1.0.229
   Compiling autocfg v1.5.1
   Compiling serde v1.0.229
   Compiling zmij v1.0.23
   Compiling rustix v1.1.3
   Compiling once_cell v1.21.4
   Compiling serde_json v1.0.151
   Compiling regex-syntax v0.8.11
   Compiling bitflags v2.13.1
   Compiling memchr v2.8.3
   Compiling clap_lex v1.1.0
   Compiling itoa v1.0.18
   Compiling anstyle v1.0.14
   Compiling either v1.17.0
   Compiling fastrand v2.4.1
   Compiling num-traits v0.2.19
   Compiling ciborium-io v0.2.2
   Compiling clap_builder v4.6.0
   Compiling itertools v0.10.5
   Compiling byteorder v1.5.0
   Compiling bit-vec v0.8.0
   Compiling cast v0.3.0
   Compiling same-file v1.0.6
   Compiling bytemuck v1.25.2
   Compiling quick-error v1.2.3
   Compiling fnv v1.0.7
   Compiling walkdir v2.5.0
   Compiling bit-set v0.8.0
   Compiling unarray v0.1.4
   Compiling anes v0.1.6
   Compiling oorandom v11.1.5
   Compiling roaring v0.10.12
   Compiling xxhash-rust v0.8.18
   Compiling errno v0.3.14
   Compiling wait-timeout v0.2.1
   Compiling is-terminal v0.4.17
   Compiling regex-automata v0.4.18
   Compiling rand_core v0.9.5
   Compiling criterion-plot v0.5.0
   Compiling syn v2.0.119
   Compiling syn v3.0.3
   Compiling rand_xorshift v0.4.0
   Compiling clap v4.6.1
   Compiling zeppelin-embed v0.4.2 (/Users/aghatage/Documents/code/zeppelin-embed-wt-ze-33/crates/zeppelin-embed)
   Compiling tempfile v3.25.0
   Compiling rusty-fork v0.3.1
   Compiling regex v1.13.1
   Compiling serde_derive v1.0.229
   Compiling zerocopy-derive v0.8.52
   Compiling tinytemplate v1.2.1
   Compiling ppv-lite86 v0.2.21
   Compiling half v2.7.1
   Compiling rand_chacha v0.9.0
   Compiling ciborium-ll v0.2.2
   Compiling rand v0.9.5
   Compiling ciborium v0.2.2
   Compiling proptest v1.10.0
   Compiling criterion v0.5.1
    Finished `test` profile [unoptimized + debuginfo] target(s) in 11.74s
     Running tests/graph_canonical.rs (target/ze33-coverage/llvm-cov-target/debug/deps/graph_canonical-a01c8efdea41ce04)

running 11 tests
test canonical_property_order_and_labels_are_byte_exact ... ok
test replay_provenance_fields_are_versioned_and_never_defaulted ... ok
test short_io_and_interrupted_reads_preserve_exact_streaming ... ok
test full_width_directed_relationships_text_and_unicode_are_distinct ... ok
test stream_failures_cancellation_and_boundaries_fail_loudly ... ok
test scalar_list_tags_and_float_payloads_have_literal_goldens ... ok
test original_vector_bits_and_every_document_field_determine_contents ... ok
test framing_is_charged_to_the_eight_mib_limit ... ok
test same_revision_replay_requires_contents_and_all_operation_fields ... ok
test forced_hash_collision_requires_every_byte_and_relocated_sources_compare_equal ... ok
test seeded_property_permutation_is_an_equivalence_relation ... ok

test result: ok. 11 passed; 0 failed; 0 ignored; 0 measured; 0 filtered out; finished in 0.03s

