info: cargo-llvm-cov currently setting cfg(coverage); you can opt-out it by passing --no-cfg-coverage
   Compiling zerocopy v0.8.52
   Compiling once_cell v1.21.4
   Compiling serde_core v1.0.229
   Compiling zeppelin-embed-bench v0.4.2 (/Users/aghatage/Documents/code/zeppelin-embed-wt-ze-33/crates/zeppelin-embed-bench)
   Compiling zeppelin-embed-adversarial-oracle v0.4.2 (/Users/aghatage/Documents/code/zeppelin-embed-wt-ze-33/tests/adversarial-oracle)
   Compiling zeppelin-embed-ffi v0.4.2 (/Users/aghatage/Documents/code/zeppelin-embed-wt-ze-33/crates/zeppelin-embed-ffi)
   Compiling tempfile v3.25.0
   Compiling rusty-fork v0.3.1
   Compiling serde_json v1.0.151
   Compiling ppv-lite86 v0.2.21
   Compiling rand_chacha v0.9.0
   Compiling rand v0.9.5
   Compiling proptest v1.10.0
   Compiling zeppelin-embed-workspace-tests v0.4.2 (/Users/aghatage/Documents/code/zeppelin-embed-wt-ze-33/tests)
    Finished `test` profile [unoptimized + debuginfo] target(s) in 12.94s
     Running adversarial_tests.rs (target/ze33-coverage/llvm-cov-target/debug/deps/adversarial_tests-dc11412a44b91ab3)

running 2 tests
test adversarial::graph_contents::canonical_oracle_rejects_changed_observations ... ok
test property_graph_contents_probe_preserves_exact_logical_equality ... ok

test result: ok. 2 passed; 0 failed; 0 ignored; 0 measured; 435 filtered out; finished in 0.01s

