warning: method `stats` is never used
   --> crates/zeppelin-embed/src/property_graph/canonical.rs:270:25
    |
252 | impl<'a> Encoder<'a> {
    | -------------------- method in this implementation
...
270 |     pub(super) const fn stats(&self) -> CanonicalStats { self.stats }
    |                         ^^^^^
    |
    = note: `#[warn(dead_code)]` (part of `#[warn(unused)]`) on by default

warning: `zeppelin-embed` (lib) generated 1 warning
   Compiling zeppelin-embed v0.4.2 (/Users/aghatage/Documents/code/zeppelin-embed-wt-ze-33/crates/zeppelin-embed)
error[E0432]: unresolved imports `zeppelin_embed::property_graph::ExpectedGraphState`, `zeppelin_embed::property_graph::GraphOperation`, `zeppelin_embed::property_graph::OperationFields`, `zeppelin_embed::property_graph::OperationProvenance`
  --> crates/zeppelin-embed/tests/graph_canonical.rs:36:80
   |
36 | ...ityKind, ExpectedGraphState, GraphGeneration, GraphOperation, GraphRevision, NodeId, OperationFields, OperationProvenance};
   |             ^^^^^^^^^^^^^^^^^^                   ^^^^^^^^^^^^^^                         ^^^^^^^^^^^^^^^  ^^^^^^^^^^^^^^^^^^^ no `OperationProvenance` in `property_graph`
   |             |                                    |                                      |
   |             |                                    |                                      no `OperationFields` in `property_graph`
   |             |                                    no `GraphOperation` in `property_graph`
   |             |                                    help: a similar name exists in the module: `GraphGeneration`
   |             no `ExpectedGraphState` in `property_graph`

For more information about this error, try `rustc --explain E0432`.
error: could not compile `zeppelin-embed` (test "graph_canonical") due to 1 previous error
