   Compiling zeppelin-embed-cypher v0.4.2 (/Users/aghatage/Documents/code/zeppelin-embed-wt-ze-123/crates/zeppelin-embed-cypher)
    Finished `test` profile [unoptimized + debuginfo] target(s) in 0.36s
────────────
 Nextest run ID 585ac56d-7bbc-4f63-88aa-6be757c3ff11 with nextest profile: default
    Starting 1 test across 1 binary (1 test skipped)
        FAIL [   0.010s] (1/1) zeppelin-embed-cypher::pattern_contract scoped_pattern_consumer_preserves_complete_projection_and_private_edge_scope
  stdout ───

    running 1 test
    test scoped_pattern_consumer_preserves_complete_projection_and_private_edge_scope ... FAILED

    failures:

    failures:
        scoped_pattern_consumer_preserves_complete_projection_and_private_edge_scope

    test result: FAILED. 0 passed; 1 failed; 0 ignored; 0 measured; 1 filtered out; finished in 0.00s

  stderr ───
    plan failure: Footprint

    thread 'scoped_pattern_consumer_preserves_complete_projection_and_private_edge_scope' (34606274) panicked at crates/zeppelin-embed-cypher/tests/pattern_contract.rs:623:12:
    called `Result::unwrap()` on an `Err` value: ParseError { kind: BindingInvariant, span: Span { start: 0, end: 0 }, message: "copied plan rejected" }
    note: run with `RUST_BACKTRACE=1` environment variable to display a backtrace

────────────
     Summary [   0.010s] 1 test run: 0 passed, 1 failed, 1 skipped
        FAIL [   0.010s] (1/1) zeppelin-embed-cypher::pattern_contract scoped_pattern_consumer_preserves_complete_projection_and_private_edge_scope
  stdout ───

    running 1 test
    test scoped_pattern_consumer_preserves_complete_projection_and_private_edge_scope ... FAILED

    failures:

    failures:
        scoped_pattern_consumer_preserves_complete_projection_and_private_edge_scope

    test result: FAILED. 0 passed; 1 failed; 0 ignored; 0 measured; 1 filtered out; finished in 0.00s

  stderr ───
    plan failure: Footprint

    thread 'scoped_pattern_consumer_preserves_complete_projection_and_private_edge_scope' (34606274) panicked at crates/zeppelin-embed-cypher/tests/pattern_contract.rs:623:12:
    called `Result::unwrap()` on an `Err` value: ParseError { kind: BindingInvariant, span: Span { start: 0, end: 0 }, message: "copied plan rejected" }
    note: run with `RUST_BACKTRACE=1` environment variable to display a backtrace

error: test run failed
