   Compiling zeppelin-embed v0.4.2 (/Users/aghatage/Documents/code/zeppelin-embed-wt-ze-123/crates/zeppelin-embed)
   Compiling zeppelin-embed-cypher v0.4.2 (/Users/aghatage/Documents/code/zeppelin-embed-wt-ze-123/crates/zeppelin-embed-cypher)
    Finished `test` profile [unoptimized + debuginfo] target(s) in 1.91s
────────────
 Nextest run ID 414e7200-4046-4287-88c5-db243cf468c2 with nextest profile: default
    Starting 1 test across 1 binary (1 test skipped)
        FAIL [   0.009s] (1/1) zeppelin-embed-cypher::pattern_contract scoped_pattern_consumer_preserves_complete_projection_and_private_edge_scope
  stdout ───

    running 1 test
    test scoped_pattern_consumer_preserves_complete_projection_and_private_edge_scope ... FAILED

    failures:

    failures:
        scoped_pattern_consumer_preserves_complete_projection_and_private_edge_scope

    test result: FAILED. 0 passed; 1 failed; 0 ignored; 0 measured; 1 filtered out; finished in 0.00s

  stderr ───

    thread 'scoped_pattern_consumer_preserves_complete_projection_and_private_edge_scope' (34605948) panicked at crates/zeppelin-embed-cypher/tests/pattern_contract.rs:591:13:
    assertion `left == right` failed: ZE123 bounded OR alternatives must be complete
      left: ["FIRST"]
     right: ["FIRST", "SECOND"]
    note: run with `RUST_BACKTRACE=1` environment variable to display a backtrace

────────────
     Summary [   0.010s] 1 test run: 0 passed, 1 failed, 1 skipped
        FAIL [   0.009s] (1/1) zeppelin-embed-cypher::pattern_contract scoped_pattern_consumer_preserves_complete_projection_and_private_edge_scope
  stdout ───

    running 1 test
    test scoped_pattern_consumer_preserves_complete_projection_and_private_edge_scope ... FAILED

    failures:

    failures:
        scoped_pattern_consumer_preserves_complete_projection_and_private_edge_scope

    test result: FAILED. 0 passed; 1 failed; 0 ignored; 0 measured; 1 filtered out; finished in 0.00s

  stderr ───

    thread 'scoped_pattern_consumer_preserves_complete_projection_and_private_edge_scope' (34605948) panicked at crates/zeppelin-embed-cypher/tests/pattern_contract.rs:591:13:
    assertion `left == right` failed: ZE123 bounded OR alternatives must be complete
      left: ["FIRST"]
     right: ["FIRST", "SECOND"]
    note: run with `RUST_BACKTRACE=1` environment variable to display a backtrace

error: test run failed
