   Compiling zeppelin-embed v0.4.2 (/Users/aghatage/Documents/code/zeppelin-embed-wt-ze-123/crates/zeppelin-embed)
   Compiling zeppelin-embed-cypher v0.4.2 (/Users/aghatage/Documents/code/zeppelin-embed-wt-ze-123/crates/zeppelin-embed-cypher)
    Finished `test` profile [unoptimized + debuginfo] target(s) in 7.23s
────────────
 Nextest run ID 09a84065-5720-4166-9983-10d481d641ed with nextest profile: default
    Starting 1 test across 1 binary
        FAIL [   0.013s] (1/1) zeppelin-embed-cypher::pattern_contract scoped_pattern_consumer_preserves_complete_projection_and_private_edge_scope
  stdout ───

    running 1 test
    test scoped_pattern_consumer_preserves_complete_projection_and_private_edge_scope ... FAILED

    failures:

    failures:
        scoped_pattern_consumer_preserves_complete_projection_and_private_edge_scope

    test result: FAILED. 0 passed; 1 failed; 0 ignored; 0 measured; 0 filtered out; finished in 0.00s

  stderr ───

    thread 'scoped_pattern_consumer_preserves_complete_projection_and_private_edge_scope' (34565620) panicked at crates/zeppelin-embed-cypher/tests/pattern_contract.rs:8:5:
    assertion `left == right` failed: ZE123 complete RETURN must survive the scoped consumer
      left: 0
     right: 5
    note: run with `RUST_BACKTRACE=1` environment variable to display a backtrace

────────────
     Summary [   0.014s] 1 test run: 0 passed, 1 failed, 0 skipped
        FAIL [   0.013s] (1/1) zeppelin-embed-cypher::pattern_contract scoped_pattern_consumer_preserves_complete_projection_and_private_edge_scope
  stdout ───

    running 1 test
    test scoped_pattern_consumer_preserves_complete_projection_and_private_edge_scope ... FAILED

    failures:

    failures:
        scoped_pattern_consumer_preserves_complete_projection_and_private_edge_scope

    test result: FAILED. 0 passed; 1 failed; 0 ignored; 0 measured; 0 filtered out; finished in 0.00s

  stderr ───

    thread 'scoped_pattern_consumer_preserves_complete_projection_and_private_edge_scope' (34565620) panicked at crates/zeppelin-embed-cypher/tests/pattern_contract.rs:8:5:
    assertion `left == right` failed: ZE123 complete RETURN must survive the scoped consumer
      left: 0
     right: 5
    note: run with `RUST_BACKTRACE=1` environment variable to display a backtrace

error: test run failed
