   Compiling getrandom v0.3.4
   Compiling zerocopy v0.8.52
   Compiling serde_core v1.0.229
   Compiling autocfg v1.5.1
   Compiling zmij v1.0.23
   Compiling serde_json v1.0.151
   Compiling itoa v1.0.18
   Compiling bit-vec v0.8.0
   Compiling quick-error v1.2.3
   Compiling zeppelin-embed-bench v0.4.2 (/Users/aghatage/Documents/code/zeppelin-embed-wt-ze-128/crates/zeppelin-embed-bench)
   Compiling memchr v2.8.3
   Compiling fnv v1.0.7
   Compiling unarray v0.1.4
   Compiling zeppelin-embed v0.4.2 (/Users/aghatage/Documents/code/zeppelin-embed-wt-ze-128/crates/zeppelin-embed)
   Compiling wait-timeout v0.2.1
   Compiling regex-syntax v0.8.11
   Compiling zeppelin-embed-adversarial-oracle v0.4.2 (/Users/aghatage/Documents/code/zeppelin-embed-wt-ze-128/tests/adversarial-oracle)
   Compiling bit-set v0.8.0
   Compiling num-traits v0.2.19
   Compiling rand_core v0.9.5
   Compiling tempfile v3.25.0
   Compiling rand_xorshift v0.4.0
   Compiling rusty-fork v0.3.1
   Compiling ppv-lite86 v0.2.21
   Compiling rand_chacha v0.9.0
   Compiling rand v0.9.5
   Compiling proptest v1.10.0
   Compiling zeppelin-embed-ffi v0.4.2 (/Users/aghatage/Documents/code/zeppelin-embed-wt-ze-128/crates/zeppelin-embed-ffi)
   Compiling zeppelin-embed-cypher v0.4.2 (/Users/aghatage/Documents/code/zeppelin-embed-wt-ze-128/crates/zeppelin-embed-cypher)
   Compiling zeppelin-embed-workspace-tests v0.4.2 (/Users/aghatage/Documents/code/zeppelin-embed-wt-ze-128/tests)
    Finished `test` profile [unoptimized + debuginfo] target(s) in 20.40s
────────────
 Nextest run ID f91a1b4b-eccf-488d-8b53-3bede8215f96 with nextest profile: default
    Starting 1 test across 1 binary (455 tests skipped)
        PASS [   2.681s] (1/1) zeppelin-embed-workspace-tests::adversarial_tests one_runner_episode_reaches_required_binding_contracts
────────────
     Summary [   2.682s] 1 test run: 1 passed, 455 skipped
