   Compiling zeppelin-embed v0.4.2 (/Users/aghatage/Documents/code/zeppelin-embed-wt-ze-126/crates/zeppelin-embed)
    Finished `test` profile [unoptimized + debuginfo] target(s) in 0.35s
────────────
 Nextest run ID f2beaeed-69cc-45c9-88e0-7a6b84204444 with nextest profile: default
    Starting 4 tests across 1 binary
        PASS [   0.011s] (1/4) zeppelin-embed::graph_compiled_context charged_fact_arena_is_credited_once_and_rejects_another_query_owner
        PASS [   0.011s] (2/4) zeppelin-embed::graph_compiled_context borrowed_driver_final_close_precedes_cancel_and_drops_completed_owner
        PASS [   0.011s] (3/4) zeppelin-embed::graph_compiled_context borrowed_driver_keeps_prior_validation_value_and_operator_work
        PASS [   0.570s] (4/4) zeppelin-embed::graph_compiled_context borrowed_driver_cannot_restart_exhausted_value_work
────────────
     Summary [   0.571s] 4 tests run: 4 passed, 0 skipped
        PASS [   0.011s] (1/4) zeppelin-embed::graph_compiled_context charged_fact_arena_is_credited_once_and_rejects_another_query_owner
  stdout ───

    running 1 test
    test charged_fact_arena_is_credited_once_and_rejects_another_query_owner ... ok

    test result: ok. 1 passed; 0 failed; 0 ignored; 0 measured; 3 filtered out; finished in 0.00s


        PASS [   0.011s] (2/4) zeppelin-embed::graph_compiled_context borrowed_driver_final_close_precedes_cancel_and_drops_completed_owner
  stdout ───

    running 1 test
    test borrowed_driver_final_close_precedes_cancel_and_drops_completed_owner ... ok

    test result: ok. 1 passed; 0 failed; 0 ignored; 0 measured; 3 filtered out; finished in 0.00s


        PASS [   0.011s] (3/4) zeppelin-embed::graph_compiled_context borrowed_driver_keeps_prior_validation_value_and_operator_work
  stdout ───

    running 1 test
    test borrowed_driver_keeps_prior_validation_value_and_operator_work ... ok

    test result: ok. 1 passed; 0 failed; 0 ignored; 0 measured; 3 filtered out; finished in 0.00s


        PASS [   0.570s] (4/4) zeppelin-embed::graph_compiled_context borrowed_driver_cannot_restart_exhausted_value_work
  stdout ───

    running 1 test
    test borrowed_driver_cannot_restart_exhausted_value_work ... ok

    test result: ok. 1 passed; 0 failed; 0 ignored; 0 measured; 3 filtered out; finished in 0.56s
