   Compiling proc-macro2 v1.0.107
   Compiling quote v1.0.47
   Compiling unicode-ident v1.0.24
   Compiling libc v0.2.189
   Compiling cfg-if v1.0.4
   Compiling zerocopy v0.8.52
   Compiling getrandom v0.3.4
   Compiling serde_core v1.0.229
   Compiling rustix v1.1.3
   Compiling zmij v1.0.23
   Compiling serde v1.0.229
   Compiling autocfg v1.5.1
   Compiling bitflags v2.13.1
   Compiling regex-syntax v0.8.11
   Compiling serde_json v1.0.151
   Compiling once_cell v1.21.4
   Compiling fastrand v2.4.1
   Compiling anstyle v1.0.14
   Compiling itoa v1.0.18
   Compiling clap_lex v1.1.0
   Compiling memchr v2.8.3
   Compiling either v1.17.0
   Compiling ciborium-io v0.2.2
   Compiling clap_builder v4.6.0
   Compiling num-traits v0.2.19
   Compiling fnv v1.0.7
   Compiling cast v0.3.0
   Compiling same-file v1.0.6
   Compiling byteorder v1.5.0
   Compiling itertools v0.10.5
   Compiling bytemuck v1.25.2
   Compiling quick-error v1.2.3
   Compiling bit-vec v0.8.0
   Compiling walkdir v2.5.0
   Compiling anes v0.1.6
   Compiling xxhash-rust v0.8.18
   Compiling unarray v0.1.4
   Compiling oorandom v11.1.5
   Compiling roaring v0.10.12
   Compiling bit-set v0.8.0
   Compiling errno v0.3.14
   Compiling wait-timeout v0.2.1
   Compiling is-terminal v0.4.17
   Compiling syn v2.0.119
   Compiling syn v3.0.3
   Compiling rand_core v0.9.5
   Compiling regex-automata v0.4.18
   Compiling rand_xorshift v0.4.0
   Compiling criterion-plot v0.5.0
   Compiling clap v4.6.1
   Compiling zeppelin-embed v0.4.2 (/private/tmp/ze-126-core-adapter-scratch/crates/zeppelin-embed)
   Compiling tempfile v3.25.0
   Compiling rusty-fork v0.3.1
   Compiling regex v1.13.1
   Compiling serde_derive v1.0.229
   Compiling zerocopy-derive v0.8.52
   Compiling tinytemplate v1.2.1
   Compiling half v2.7.1
   Compiling ppv-lite86 v0.2.21
   Compiling rand_chacha v0.9.0
   Compiling ciborium-ll v0.2.2
   Compiling rand v0.9.5
   Compiling ciborium v0.2.2
   Compiling criterion v0.5.1
   Compiling proptest v1.10.0
    Finished `test` profile [unoptimized + debuginfo] target(s) in 11.95s
────────────
 Nextest run ID 262633d6-a032-40cc-998b-ed934226c3d2 with nextest profile: default
    Starting 4 tests across 1 binary
        PASS [   0.013s] (1/4) zeppelin-embed::graph_compiled_context borrowed_driver_keeps_prior_validation_value_and_operator_work
        PASS [   0.013s] (2/4) zeppelin-embed::graph_compiled_context charged_fact_arena_is_credited_once_and_rejects_another_query_owner
        PASS [   0.013s] (3/4) zeppelin-embed::graph_compiled_context borrowed_driver_final_close_precedes_cancel_and_drops_completed_owner
        PASS [   0.714s] (4/4) zeppelin-embed::graph_compiled_context borrowed_driver_cannot_restart_exhausted_value_work
────────────
     Summary [   0.714s] 4 tests run: 4 passed, 0 skipped
