    Checking cfg-if v1.0.4
    Checking regex-syntax v0.8.11
    Checking once_cell v1.21.4
    Checking bitflags v2.13.1
    Checking ciborium-io v0.2.2
    Checking libc v0.2.189
    Checking serde_core v1.0.229
    Checking zmij v1.0.23
    Checking anstyle v1.0.14
    Checking clap_lex v1.1.0
    Checking memchr v2.8.3
    Checking itoa v1.0.18
    Checking fastrand v2.4.1
    Checking either v1.17.0
    Checking zerocopy v0.8.52
    Checking num-traits v0.2.19
    Checking quick-error v1.2.3
    Checking bytemuck v1.25.2
    Checking same-file v1.0.6
    Checking bit-vec v0.8.0
    Checking cast v0.3.0
    Checking byteorder v1.5.0
    Checking fnv v1.0.7
    Checking itertools v0.10.5
    Checking clap_builder v4.6.0
    Checking anes v0.1.6
    Checking walkdir v2.5.0
    Checking oorandom v11.1.5
    Checking unarray v0.1.4
    Checking xxhash-rust v0.8.18
    Checking bit-set v0.8.0
    Checking roaring v0.10.12
    Checking getrandom v0.3.4
    Checking errno v0.3.14
    Checking wait-timeout v0.2.1
    Checking is-terminal v0.4.17
    Checking rustix v1.1.3
    Checking rand_core v0.9.5
    Checking rand_xorshift v0.4.0
    Checking zeppelin-embed v0.4.2 (/private/tmp/ze-126-core-adapter-scratch/crates/zeppelin-embed)
    Checking criterion-plot v0.5.0
    Checking clap v4.6.1
    Checking tempfile v3.25.0
    Checking regex-automata v0.4.18
    Checking rusty-fork v0.3.1
    Checking serde v1.0.229
    Checking serde_json v1.0.151
    Checking tinytemplate v1.2.1
    Checking regex v1.13.1
    Checking ppv-lite86 v0.2.21
    Checking half v2.7.1
    Checking rand_chacha v0.9.0
    Checking ciborium-ll v0.2.2
    Checking rand v0.9.5
    Checking ciborium v0.2.2
    Checking criterion v0.5.1
    Checking proptest v1.10.0
    Finished `dev` profile [unoptimized + debuginfo] target(s) in 6.16s
