$ cargo check -p zeppelin-embed-workspace-tests --test adversarial_tests --no-default-features --features graph-result-test-support
    Checking zeppelin-embed-ffi v0.4.2 (/Users/aghatage/Documents/code/zeppelin-embed/crates/zeppelin-embed-ffi)
error[E0004]: non-exhaustive patterns: `&zeppelin_embed::property_graph::query::runtime::RuntimeError::IdentityExhausted` not covered
   --> crates/zeppelin-embed-ffi/src/graph_result/test_support/conversion.rs:619:25
    |
619 |     let refusal = match error {
    |                         ^^^^^ pattern `&zeppelin_embed::property_graph::query::runtime::RuntimeError::IdentityExhausted` not covered
    |
note: `zeppelin_embed::property_graph::query::runtime::RuntimeError` defined here
   --> /Users/aghatage/Documents/code/zeppelin-embed/crates/zeppelin-embed/src/property_graph/query/runtime.rs:157:1
    |
157 | pub enum RuntimeError {
    | ^^^^^^^^^^^^^^^^^^^^^
...
167 |     IdentityExhausted,
    |     ----------------- not covered
    = note: the matched value is of type `&zeppelin_embed::property_graph::query::runtime::RuntimeError`
help: ensure that all possible cases are being handled by adding a match arm with a wildcard pattern or an explicit pattern as shown
    |
626 ~         RuntimeError::Value(_) | RuntimeError::Batch => NativeConversionRefusal::Other,
627 ~         &zeppelin_embed::property_graph::query::runtime::RuntimeError::IdentityExhausted => todo!(),
    |

For more information about this error, try `rustc --explain E0004`.
error: could not compile `zeppelin-embed-ffi` (lib) due to 1 previous error

exit=101
