   Compiling zeppelin-embed-ffi v0.4.2 (/Users/aghatage/Documents/code/zeppelin-embed/crates/zeppelin-embed-ffi)
   Compiling zeppelin-embed-bench v0.4.2 (/Users/aghatage/Documents/code/zeppelin-embed/crates/zeppelin-embed-bench)
   Compiling zeppelin-embed-workspace-tests v0.4.2 (/Users/aghatage/Documents/code/zeppelin-embed/tests)
    Finished `test` profile [unoptimized + debuginfo] target(s) in 15.83s
     Running adversarial_tests.rs (target/debug/deps/adversarial_tests-dc11412a44b91ab3)

running 3 tests
test campaign_registry_is_complete_unique_and_smoke_bounded ... ok
ADV_DERIVED_SMOKE_PREFIX campaign=storage-durability seeds=94
ADV_DERIVED_SMOKE_PREFIX campaign=ingest-retention seeds=32
ADV_DERIVED_SMOKE_PREFIX campaign=vector-execution seeds=32
ADV_DERIVED_SMOKE_PREFIX campaign=vamana-graph seeds=88
ADV_DERIVED_SMOKE_PREFIX campaign=metadata-filter-planner seeds=32
ADV_DERIVED_SMOKE_PREFIX campaign=fts seeds=32
ADV_DERIVED_SMOKE_PREFIX campaign=hybrid-fusion seeds=55
ADV_DERIVED_SMOKE_PREFIX campaign=tiering-maintenance seeds=32
ADV_DERIVED_SMOKE_PREFIX campaign=lifecycle-accounting seeds=32
ADV_DERIVED_SMOKE_PREFIX campaign=diagnostics-health seeds=199
ADV_DERIVED_SMOKE_PREFIX campaign=ffi-bindings seeds=32
test derived_smoke_seed_prefix_covers_every_key_and_is_at_most_224 ... ok
ADV campaign=overall seed=0 profile=none ops=59 faults=0 scheduled_faults=0 feature_faults=0/0 graph_searches=3 filtered_searches=3 filtered_graph_searches=1 predicate_searches=1 hybrid_searches=1 hybrid_sealed_vector_documents=95 hybrid_lexical_documents=95 violations=0
ADV campaign=overall seed=1 profile=io-errors ops=58 faults=4 scheduled_faults=4 feature_faults=0/0 graph_searches=0 filtered_searches=4 filtered_graph_searches=0 predicate_searches=1 hybrid_searches=0 hybrid_sealed_vector_documents=0 hybrid_lexical_documents=0 violations=0
ADV campaign=overall seed=2 profile=content ops=6 faults=1 scheduled_faults=1 feature_faults=0/0 graph_searches=0 filtered_searches=1 filtered_graph_searches=0 predicate_searches=0 hybrid_searches=0 hybrid_sealed_vector_documents=0 hybrid_lexical_documents=0 violations=0
ADV campaign=overall seed=3 profile=crash ops=26 faults=1 scheduled_faults=1 feature_faults=0/0 graph_searches=2 filtered_searches=2 filtered_graph_searches=1 predicate_searches=1 hybrid_searches=1 hybrid_sealed_vector_documents=93 hybrid_lexical_documents=95 violations=0
ADV campaign=overall seed=4 profile=disk ops=58 faults=3 scheduled_faults=3 feature_faults=0/0 graph_searches=0 filtered_searches=3 filtered_graph_searches=0 predicate_searches=1 hybrid_searches=0 hybrid_sealed_vector_documents=0 hybrid_lexical_documents=0 violations=0
ADV campaign=overall seed=5 profile=clock ops=58 faults=4 scheduled_faults=4 feature_faults=0/0 graph_searches=0 filtered_searches=4 filtered_graph_searches=0 predicate_searches=1 hybrid_searches=0 hybrid_sealed_vector_documents=0 hybrid_lexical_documents=0 violations=0
ADV campaign=overall seed=6 profile=full ops=18 faults=2 scheduled_faults=2 feature_faults=0/0 graph_searches=0 filtered_searches=2 filtered_graph_searches=0 predicate_searches=1 hybrid_searches=0 hybrid_sealed_vector_documents=0 hybrid_lexical_documents=0 violations=0
ADV campaign=overall seed=7 profile=random ops=58 faults=12 scheduled_faults=12 feature_faults=0/0 graph_searches=0 filtered_searches=4 filtered_graph_searches=0 predicate_searches=1 hybrid_searches=0 hybrid_sealed_vector_documents=0 hybrid_lexical_documents=0 violations=0
ADV campaign=overall seed=8 profile=none ops=58 faults=0 scheduled_faults=0 feature_faults=0/0 graph_searches=0 filtered_searches=5 filtered_graph_searches=0 predicate_searches=1 hybrid_searches=0 hybrid_sealed_vector_documents=0 hybrid_lexical_documents=0 violations=0
ADV campaign=overall seed=9 profile=io-errors ops=59 faults=5 scheduled_faults=5 feature_faults=0/0 graph_searches=3 filtered_searches=3 filtered_graph_searches=1 predicate_searches=1 hybrid_searches=1 hybrid_sealed_vector_documents=95 hybrid_lexical_documents=95 violations=0
ADV campaign=overall seed=10 profile=content ops=15 faults=1 scheduled_faults=1 feature_faults=0/0 graph_searches=0 filtered_searches=1 filtered_graph_searches=0 predicate_searches=1 hybrid_searches=0 hybrid_sealed_vector_documents=0 hybrid_lexical_documents=0 violations=0
ADV campaign=overall seed=11 profile=crash ops=58 faults=0 scheduled_faults=0 feature_faults=0/0 graph_searches=0 filtered_searches=4 filtered_graph_searches=0 predicate_searches=1 hybrid_searches=0 hybrid_sealed_vector_documents=0 hybrid_lexical_documents=0 violations=0
ADV campaign=overall seed=12 profile=disk ops=59 faults=0 scheduled_faults=0 feature_faults=0/0 graph_searches=3 filtered_searches=4 filtered_graph_searches=1 predicate_searches=1 hybrid_searches=1 hybrid_sealed_vector_documents=95 hybrid_lexical_documents=95 violations=0
ADV campaign=overall seed=13 profile=clock ops=58 faults=2 scheduled_faults=2 feature_faults=0/0 graph_searches=0 filtered_searches=4 filtered_graph_searches=0 predicate_searches=1 hybrid_searches=0 hybrid_sealed_vector_documents=0 hybrid_lexical_documents=0 violations=0
ADV campaign=overall seed=14 profile=full ops=6 faults=1 scheduled_faults=1 feature_faults=0/0 graph_searches=0 filtered_searches=1 filtered_graph_searches=0 predicate_searches=0 hybrid_searches=0 hybrid_sealed_vector_documents=0 hybrid_lexical_documents=0 violations=0
ADV campaign=overall seed=15 profile=random ops=59 faults=14 scheduled_faults=14 feature_faults=0/0 graph_searches=2 filtered_searches=4 filtered_graph_searches=1 predicate_searches=0 hybrid_searches=1 hybrid_sealed_vector_documents=95 hybrid_lexical_documents=95 violations=0
ADV campaign=overall seed=16 profile=none ops=58 faults=0 scheduled_faults=0 feature_faults=0/0 graph_searches=0 filtered_searches=5 filtered_graph_searches=0 predicate_searches=1 hybrid_searches=0 hybrid_sealed_vector_documents=0 hybrid_lexical_documents=0 violations=0
ADV campaign=overall seed=17 profile=io-errors ops=58 faults=5 scheduled_faults=5 feature_faults=0/0 graph_searches=0 filtered_searches=4 filtered_graph_searches=0 predicate_searches=1 hybrid_searches=0 hybrid_sealed_vector_documents=0 hybrid_lexical_documents=0 violations=0
ADV campaign=overall seed=18 profile=content ops=8 faults=1 scheduled_faults=1 feature_faults=0/0 graph_searches=0 filtered_searches=1 filtered_graph_searches=0 predicate_searches=1 hybrid_searches=0 hybrid_sealed_vector_documents=0 hybrid_lexical_documents=0 violations=0
ADV campaign=overall seed=19 profile=crash ops=29 faults=4 scheduled_faults=4 feature_faults=0/0 graph_searches=0 filtered_searches=2 filtered_graph_searches=0 predicate_searches=1 hybrid_searches=0 hybrid_sealed_vector_documents=0 hybrid_lexical_documents=0 violations=0
ADV campaign=overall seed=20 profile=disk ops=58 faults=3 scheduled_faults=3 feature_faults=0/0 graph_searches=0 filtered_searches=6 filtered_graph_searches=0 predicate_searches=1 hybrid_searches=0 hybrid_sealed_vector_documents=0 hybrid_lexical_documents=0 violations=0
ADV campaign=overall seed=21 profile=clock ops=59 faults=5 scheduled_faults=5 feature_faults=0/0 graph_searches=3 filtered_searches=3 filtered_graph_searches=1 predicate_searches=0 hybrid_searches=1 hybrid_sealed_vector_documents=95 hybrid_lexical_documents=95 violations=0
ADV campaign=overall seed=22 profile=full ops=48 faults=7 scheduled_faults=7 feature_faults=0/0 graph_searches=0 filtered_searches=5 filtered_graph_searches=0 predicate_searches=1 hybrid_searches=0 hybrid_sealed_vector_documents=0 hybrid_lexical_documents=0 violations=0
ADV campaign=overall seed=23 profile=random ops=4 faults=1 scheduled_faults=1 feature_faults=0/0 graph_searches=0 filtered_searches=0 filtered_graph_searches=0 predicate_searches=0 hybrid_searches=0 hybrid_sealed_vector_documents=0 hybrid_lexical_documents=0 violations=0
ADV campaign=overall seed=24 profile=none ops=59 faults=0 scheduled_faults=0 feature_faults=0/0 graph_searches=3 filtered_searches=5 filtered_graph_searches=1 predicate_searches=1 hybrid_searches=1 hybrid_sealed_vector_documents=95 hybrid_lexical_documents=95 violations=0
ADV campaign=overall seed=25 profile=io-errors ops=58 faults=10 scheduled_faults=10 feature_faults=0/0 graph_searches=0 filtered_searches=5 filtered_graph_searches=0 predicate_searches=1 hybrid_searches=0 hybrid_sealed_vector_documents=0 hybrid_lexical_documents=0 violations=0
ADV campaign=overall seed=26 profile=content ops=5 faults=1 scheduled_faults=1 feature_faults=0/0 graph_searches=0 filtered_searches=1 filtered_graph_searches=0 predicate_searches=0 hybrid_searches=0 hybrid_sealed_vector_documents=0 hybrid_lexical_documents=0 violations=0
ADV campaign=overall seed=27 profile=crash ops=26 faults=5 scheduled_faults=5 feature_faults=0/0 graph_searches=0 filtered_searches=2 filtered_graph_searches=0 predicate_searches=1 hybrid_searches=0 hybrid_sealed_vector_documents=0 hybrid_lexical_documents=0 violations=0
ADV campaign=overall seed=28 profile=disk ops=58 faults=2 scheduled_faults=2 feature_faults=0/0 graph_searches=0 filtered_searches=4 filtered_graph_searches=0 predicate_searches=1 hybrid_searches=0 hybrid_sealed_vector_documents=0 hybrid_lexical_documents=0 violations=0
ADV campaign=overall seed=29 profile=clock ops=58 faults=4 scheduled_faults=4 feature_faults=0/0 graph_searches=0 filtered_searches=5 filtered_graph_searches=0 predicate_searches=1 hybrid_searches=0 hybrid_sealed_vector_documents=0 hybrid_lexical_documents=0 violations=0
ADV campaign=overall seed=30 profile=full ops=7 faults=2 scheduled_faults=2 feature_faults=0/0 graph_searches=0 filtered_searches=1 filtered_graph_searches=0 predicate_searches=0 hybrid_searches=0 hybrid_sealed_vector_documents=0 hybrid_lexical_documents=0 violations=0
ADV campaign=overall seed=31 profile=random ops=4 faults=2 scheduled_faults=2 feature_faults=0/0 graph_searches=0 filtered_searches=0 filtered_graph_searches=0 predicate_searches=0 hybrid_searches=0 hybrid_sealed_vector_documents=0 hybrid_lexical_documents=0 violations=0
ADV campaign=overall seed=32 profile=none ops=58 faults=0 scheduled_faults=0 feature_faults=0/0 graph_searches=0 filtered_searches=5 filtered_graph_searches=0 predicate_searches=1 hybrid_searches=0 hybrid_sealed_vector_documents=0 hybrid_lexical_documents=0 violations=0
ADV campaign=overall seed=33 profile=io-errors ops=59 faults=7 scheduled_faults=7 feature_faults=0/0 graph_searches=3 filtered_searches=4 filtered_graph_searches=1 predicate_searches=1 hybrid_searches=1 hybrid_sealed_vector_documents=95 hybrid_lexical_documents=95 violations=0
ADV campaign=overall seed=34 profile=content ops=4 faults=1 scheduled_faults=1 feature_faults=0/0 graph_searches=0 filtered_searches=0 filtered_graph_searches=0 predicate_searches=0 hybrid_searches=0 hybrid_sealed_vector_documents=0 hybrid_lexical_documents=0 violations=0
ADV campaign=overall seed=35 profile=crash ops=49 faults=2 scheduled_faults=2 feature_faults=0/0 graph_searches=0 filtered_searches=3 filtered_graph_searches=0 predicate_searches=1 hybrid_searches=0 hybrid_sealed_vector_documents=0 hybrid_lexical_documents=0 violations=0
ADV campaign=overall seed=36 profile=disk ops=59 faults=4 scheduled_faults=4 feature_faults=0/0 graph_searches=3 filtered_searches=4 filtered_graph_searches=1 predicate_searches=1 hybrid_searches=1 hybrid_sealed_vector_documents=95 hybrid_lexical_documents=95 violations=0
ADV campaign=overall seed=37 profile=clock ops=58 faults=5 scheduled_faults=5 feature_faults=0/0 graph_searches=0 filtered_searches=5 filtered_graph_searches=0 predicate_searches=1 hybrid_searches=0 hybrid_sealed_vector_documents=0 hybrid_lexical_documents=0 violations=0
ADV campaign=overall seed=38 profile=full ops=31 faults=4 scheduled_faults=4 feature_faults=0/0 graph_searches=0 filtered_searches=2 filtered_graph_searches=0 predicate_searches=1 hybrid_searches=0 hybrid_sealed_vector_documents=0 hybrid_lexical_documents=0 violations=0
ADV campaign=overall seed=39 profile=random ops=18 faults=8 scheduled_faults=8 feature_faults=0/0 graph_searches=0 filtered_searches=2 filtered_graph_searches=0 predicate_searches=1 hybrid_searches=0 hybrid_sealed_vector_documents=0 hybrid_lexical_documents=0 violations=0
ADV campaign=overall seed=40 profile=none ops=58 faults=0 scheduled_faults=0 feature_faults=0/0 graph_searches=0 filtered_searches=5 filtered_graph_searches=0 predicate_searches=1 hybrid_searches=0 hybrid_sealed_vector_documents=0 hybrid_lexical_documents=0 violations=0
ADV campaign=overall seed=41 profile=io-errors ops=58 faults=4 scheduled_faults=4 feature_faults=0/0 graph_searches=0 filtered_searches=6 filtered_graph_searches=0 predicate_searches=1 hybrid_searches=0 hybrid_sealed_vector_documents=0 hybrid_lexical_documents=0 violations=0
ADV campaign=overall seed=42 profile=content ops=29 faults=1 scheduled_faults=1 feature_faults=0/0 graph_searches=2 filtered_searches=2 filtered_graph_searches=1 predicate_searches=1 hybrid_searches=1 hybrid_sealed_vector_documents=95 hybrid_lexical_documents=95 violations=0
ADV campaign=overall seed=43 profile=crash ops=58 faults=7 scheduled_faults=7 feature_faults=0/0 graph_searches=0 filtered_searches=4 filtered_graph_searches=0 predicate_searches=1 hybrid_searches=0 hybrid_sealed_vector_documents=0 hybrid_lexical_documents=0 violations=0
ADV campaign=overall seed=44 profile=disk ops=58 faults=0 scheduled_faults=0 feature_faults=0/0 graph_searches=0 filtered_searches=7 filtered_graph_searches=0 predicate_searches=1 hybrid_searches=0 hybrid_sealed_vector_documents=0 hybrid_lexical_documents=0 violations=0
ADV campaign=overall seed=45 profile=clock ops=59 faults=2 scheduled_faults=2 feature_faults=0/0 graph_searches=3 filtered_searches=6 filtered_graph_searches=1 predicate_searches=1 hybrid_searches=0 hybrid_sealed_vector_documents=0 hybrid_lexical_documents=0 violations=0
ADV campaign=overall seed=46 profile=full ops=17 faults=7 scheduled_faults=7 feature_faults=0/0 graph_searches=0 filtered_searches=2 filtered_graph_searches=0 predicate_searches=1 hybrid_searches=0 hybrid_sealed_vector_documents=0 hybrid_lexical_documents=0 violations=0
ADV campaign=overall seed=47 profile=random ops=4 faults=1 scheduled_faults=1 feature_faults=0/0 graph_searches=0 filtered_searches=0 filtered_graph_searches=0 predicate_searches=0 hybrid_searches=0 hybrid_sealed_vector_documents=0 hybrid_lexical_documents=0 violations=0
ADV campaign=overall seed=48 profile=none ops=59 faults=0 scheduled_faults=0 feature_faults=0/0 graph_searches=3 filtered_searches=4 filtered_graph_searches=1 predicate_searches=1 hybrid_searches=1 hybrid_sealed_vector_documents=95 hybrid_lexical_documents=95 violations=0
ADV campaign=overall seed=49 profile=io-errors ops=58 faults=9 scheduled_faults=9 feature_faults=0/0 graph_searches=0 filtered_searches=3 filtered_graph_searches=0 predicate_searches=1 hybrid_searches=0 hybrid_sealed_vector_documents=0 hybrid_lexical_documents=0 violations=0
ADV campaign=overall seed=50 profile=content ops=13 faults=1 scheduled_faults=1 feature_faults=0/0 graph_searches=0 filtered_searches=1 filtered_graph_searches=0 predicate_searches=1 hybrid_searches=0 hybrid_sealed_vector_documents=0 hybrid_lexical_documents=0 violations=0
ADV campaign=overall seed=51 profile=crash ops=59 faults=5 scheduled_faults=5 feature_faults=0/0 graph_searches=0 filtered_searches=3 filtered_graph_searches=0 predicate_searches=1 hybrid_searches=0 hybrid_sealed_vector_documents=0 hybrid_lexical_documents=0 violations=0
ADV campaign=overall seed=52 profile=disk ops=58 faults=0 scheduled_faults=0 feature_faults=0/0 graph_searches=0 filtered_searches=4 filtered_graph_searches=0 predicate_searches=1 hybrid_searches=0 hybrid_sealed_vector_documents=0 hybrid_lexical_documents=0 violations=0
ADV campaign=overall seed=53 profile=clock ops=58 faults=3 scheduled_faults=3 feature_faults=0/0 graph_searches=0 filtered_searches=8 filtered_graph_searches=0 predicate_searches=1 hybrid_searches=0 hybrid_sealed_vector_documents=0 hybrid_lexical_documents=0 violations=0
ADV campaign=overall seed=54 profile=full ops=46 faults=13 scheduled_faults=13 feature_faults=0/0 graph_searches=3 filtered_searches=4 filtered_graph_searches=1 predicate_searches=1 hybrid_searches=1 hybrid_sealed_vector_documents=95 hybrid_lexical_documents=95 violations=0
ADV campaign=overall seed=55 profile=random ops=19 faults=5 scheduled_faults=5 feature_faults=0/0 graph_searches=0 filtered_searches=2 filtered_graph_searches=0 predicate_searches=1 hybrid_searches=0 hybrid_sealed_vector_documents=0 hybrid_lexical_documents=0 violations=0
ADV campaign=overall seed=56 profile=none ops=58 faults=0 scheduled_faults=0 feature_faults=0/0 graph_searches=0 filtered_searches=4 filtered_graph_searches=0 predicate_searches=1 hybrid_searches=0 hybrid_sealed_vector_documents=0 hybrid_lexical_documents=0 violations=0
ADV campaign=overall seed=57 profile=io-errors ops=59 faults=8 scheduled_faults=8 feature_faults=0/0 graph_searches=3 filtered_searches=7 filtered_graph_searches=1 predicate_searches=1 hybrid_searches=1 hybrid_sealed_vector_documents=95 hybrid_lexical_documents=95 violations=0
ADV campaign=overall seed=58 profile=content ops=5 faults=1 scheduled_faults=1 feature_faults=0/0 graph_searches=0 filtered_searches=1 filtered_graph_searches=0 predicate_searches=0 hybrid_searches=0 hybrid_sealed_vector_documents=0 hybrid_lexical_documents=0 violations=0
ADV campaign=overall seed=59 profile=crash ops=58 faults=1 scheduled_faults=1 feature_faults=0/0 graph_searches=0 filtered_searches=7 filtered_graph_searches=0 predicate_searches=1 hybrid_searches=0 hybrid_sealed_vector_documents=0 hybrid_lexical_documents=0 violations=0
ADV campaign=overall seed=60 profile=disk ops=59 faults=4 scheduled_faults=4 feature_faults=0/0 graph_searches=3 filtered_searches=4 filtered_graph_searches=1 predicate_searches=1 hybrid_searches=1 hybrid_sealed_vector_documents=95 hybrid_lexical_documents=95 violations=0
ADV campaign=overall seed=61 profile=clock ops=58 faults=5 scheduled_faults=5 feature_faults=0/0 graph_searches=0 filtered_searches=4 filtered_graph_searches=0 predicate_searches=1 hybrid_searches=0 hybrid_sealed_vector_documents=0 hybrid_lexical_documents=0 violations=0
ADV campaign=overall seed=62 profile=full ops=5 faults=3 scheduled_faults=3 feature_faults=0/0 graph_searches=0 filtered_searches=1 filtered_graph_searches=0 predicate_searches=0 hybrid_searches=0 hybrid_sealed_vector_documents=0 hybrid_lexical_documents=0 violations=0
ADV campaign=overall seed=63 profile=random ops=5 faults=2 scheduled_faults=2 feature_faults=0/0 graph_searches=0 filtered_searches=0 filtered_graph_searches=0 predicate_searches=0 hybrid_searches=0 hybrid_sealed_vector_documents=0 hybrid_lexical_documents=0 violations=0
ADV campaign=overall seed=64 profile=none ops=58 faults=0 scheduled_faults=0 feature_faults=0/0 graph_searches=0 filtered_searches=5 filtered_graph_searches=0 predicate_searches=1 hybrid_searches=0 hybrid_sealed_vector_documents=0 hybrid_lexical_documents=0 violations=0
ADV campaign=overall seed=65 profile=io-errors ops=58 faults=6 scheduled_faults=6 feature_faults=0/0 graph_searches=0 filtered_searches=4 filtered_graph_searches=0 predicate_searches=1 hybrid_searches=0 hybrid_sealed_vector_documents=0 hybrid_lexical_documents=0 violations=0
ADV campaign=overall seed=66 profile=content ops=13 faults=1 scheduled_faults=1 feature_faults=0/0 graph_searches=0 filtered_searches=1 filtered_graph_searches=0 predicate_searches=1 hybrid_searches=0 hybrid_sealed_vector_documents=0 hybrid_lexical_documents=0 violations=0
ADV campaign=overall seed=67 profile=crash ops=58 faults=1 scheduled_faults=1 feature_faults=0/0 graph_searches=0 filtered_searches=4 filtered_graph_searches=0 predicate_searches=1 hybrid_searches=0 hybrid_sealed_vector_documents=0 hybrid_lexical_documents=0 violations=0
ADV campaign=overall seed=68 profile=disk ops=58 faults=3 scheduled_faults=3 feature_faults=0/0 graph_searches=0 filtered_searches=5 filtered_graph_searches=0 predicate_searches=1 hybrid_searches=0 hybrid_sealed_vector_documents=0 hybrid_lexical_documents=0 violations=0
ADV campaign=overall seed=69 profile=clock ops=59 faults=6 scheduled_faults=6 feature_faults=0/0 graph_searches=3 filtered_searches=4 filtered_graph_searches=1 predicate_searches=1 hybrid_searches=0 hybrid_sealed_vector_documents=0 hybrid_lexical_documents=0 violations=0
ADV campaign=overall seed=70 profile=full ops=57 faults=8 scheduled_faults=8 feature_faults=0/0 graph_searches=0 filtered_searches=4 filtered_graph_searches=0 predicate_searches=1 hybrid_searches=0 hybrid_sealed_vector_documents=0 hybrid_lexical_documents=0 violations=0
ADV campaign=overall seed=71 profile=random ops=19 faults=6 scheduled_faults=6 feature_faults=0/0 graph_searches=0 filtered_searches=2 filtered_graph_searches=0 predicate_searches=1 hybrid_searches=0 hybrid_sealed_vector_documents=0 hybrid_lexical_documents=0 violations=0
ADV campaign=overall seed=72 profile=none ops=59 faults=0 scheduled_faults=0 feature_faults=0/0 graph_searches=3 filtered_searches=6 filtered_graph_searches=1 predicate_searches=1 hybrid_searches=1 hybrid_sealed_vector_documents=95 hybrid_lexical_documents=95 violations=0
ADV campaign=overall seed=73 profile=io-errors ops=58 faults=5 scheduled_faults=5 feature_faults=0/0 graph_searches=0 filtered_searches=3 filtered_graph_searches=0 predicate_searches=1 hybrid_searches=0 hybrid_sealed_vector_documents=0 hybrid_lexical_documents=0 violations=0
ADV campaign=overall seed=74 profile=content ops=5 faults=1 scheduled_faults=1 feature_faults=0/0 graph_searches=0 filtered_searches=1 filtered_graph_searches=0 predicate_searches=0 hybrid_searches=0 hybrid_sealed_vector_documents=0 hybrid_lexical_documents=0 violations=0
ADV campaign=overall seed=75 profile=crash ops=59 faults=5 scheduled_faults=5 feature_faults=0/0 graph_searches=0 filtered_searches=7 filtered_graph_searches=0 predicate_searches=1 hybrid_searches=0 hybrid_sealed_vector_documents=0 hybrid_lexical_documents=0 violations=0
ADV campaign=overall seed=76 profile=disk ops=58 faults=5 scheduled_faults=5 feature_faults=0/0 graph_searches=0 filtered_searches=5 filtered_graph_searches=0 predicate_searches=1 hybrid_searches=0 hybrid_sealed_vector_documents=0 hybrid_lexical_documents=0 violations=0
ADV campaign=overall seed=77 profile=clock ops=58 faults=7 scheduled_faults=7 feature_faults=0/0 graph_searches=0 filtered_searches=6 filtered_graph_searches=0 predicate_searches=1 hybrid_searches=0 hybrid_sealed_vector_documents=0 hybrid_lexical_documents=0 violations=0
ADV campaign=overall seed=78 profile=full ops=50 faults=9 scheduled_faults=9 feature_faults=0/0 graph_searches=3 filtered_searches=7 filtered_graph_searches=1 predicate_searches=1 hybrid_searches=1 hybrid_sealed_vector_documents=96 hybrid_lexical_documents=96 violations=0
ADV campaign=overall seed=79 profile=random ops=12 faults=9 scheduled_faults=9 feature_faults=0/0 graph_searches=0 filtered_searches=1 filtered_graph_searches=0 predicate_searches=1 hybrid_searches=0 hybrid_sealed_vector_documents=0 hybrid_lexical_documents=0 violations=0
ADV campaign=overall seed=80 profile=none ops=58 faults=0 scheduled_faults=0 feature_faults=0/0 graph_searches=0 filtered_searches=5 filtered_graph_searches=0 predicate_searches=1 hybrid_searches=0 hybrid_sealed_vector_documents=0 hybrid_lexical_documents=0 violations=0
ADV campaign=overall seed=81 profile=io-errors ops=59 faults=4 scheduled_faults=4 feature_faults=0/0 graph_searches=3 filtered_searches=6 filtered_graph_searches=1 predicate_searches=1 hybrid_searches=1 hybrid_sealed_vector_documents=95 hybrid_lexical_documents=95 violations=0
ADV campaign=overall seed=82 profile=content ops=7 faults=1 scheduled_faults=1 feature_faults=0/0 graph_searches=0 filtered_searches=1 filtered_graph_searches=0 predicate_searches=1 hybrid_searches=0 hybrid_sealed_vector_documents=0 hybrid_lexical_documents=0 violations=0
ADV campaign=overall seed=83 profile=crash ops=49 faults=1 scheduled_faults=1 feature_faults=0/0 graph_searches=0 filtered_searches=5 filtered_graph_searches=0 predicate_searches=1 hybrid_searches=0 hybrid_sealed_vector_documents=0 hybrid_lexical_documents=0 violations=0
ADV campaign=overall seed=84 profile=disk ops=59 faults=3 scheduled_faults=3 feature_faults=0/0 graph_searches=3 filtered_searches=3 filtered_graph_searches=1 predicate_searches=1 hybrid_searches=1 hybrid_sealed_vector_documents=95 hybrid_lexical_documents=95 violations=0
ADV campaign=overall seed=85 profile=clock ops=58 faults=4 scheduled_faults=4 feature_faults=0/0 graph_searches=0 filtered_searches=3 filtered_graph_searches=0 predicate_searches=1 hybrid_searches=0 hybrid_sealed_vector_documents=0 hybrid_lexical_documents=0 violations=0
ADV campaign=overall seed=86 profile=full ops=28 faults=11 scheduled_faults=11 feature_faults=0/0 graph_searches=0 filtered_searches=2 filtered_graph_searches=0 predicate_searches=1 hybrid_searches=0 hybrid_sealed_vector_documents=0 hybrid_lexical_documents=0 violations=0
ADV campaign=overall seed=87 profile=random ops=54 faults=29 scheduled_faults=29 feature_faults=0/0 graph_searches=0 filtered_searches=7 filtered_graph_searches=0 predicate_searches=0 hybrid_searches=0 hybrid_sealed_vector_documents=0 hybrid_lexical_documents=0 violations=0
ADV campaign=overall seed=88 profile=none ops=58 faults=0 scheduled_faults=0 feature_faults=0/0 graph_searches=0 filtered_searches=9 filtered_graph_searches=0 predicate_searches=1 hybrid_searches=0 hybrid_sealed_vector_documents=0 hybrid_lexical_documents=0 violations=0
ADV campaign=overall seed=89 profile=io-errors ops=58 faults=4 scheduled_faults=4 feature_faults=0/0 graph_searches=0 filtered_searches=6 filtered_graph_searches=0 predicate_searches=1 hybrid_searches=0 hybrid_sealed_vector_documents=0 hybrid_lexical_documents=0 violations=0
ADV campaign=overall seed=90 profile=content ops=5 faults=1 scheduled_faults=1 feature_faults=0/0 graph_searches=0 filtered_searches=0 filtered_graph_searches=0 predicate_searches=0 hybrid_searches=0 hybrid_sealed_vector_documents=0 hybrid_lexical_documents=0 violations=0
ADV campaign=overall seed=91 profile=crash ops=58 faults=4 scheduled_faults=4 feature_faults=0/0 graph_searches=0 filtered_searches=3 filtered_graph_searches=0 predicate_searches=1 hybrid_searches=0 hybrid_sealed_vector_documents=0 hybrid_lexical_documents=0 violations=0
ADV campaign=overall seed=92 profile=disk ops=58 faults=2 scheduled_faults=2 feature_faults=0/0 graph_searches=0 filtered_searches=5 filtered_graph_searches=0 predicate_searches=1 hybrid_searches=0 hybrid_sealed_vector_documents=0 hybrid_lexical_documents=0 violations=0
ADV campaign=overall seed=93 profile=clock ops=59 faults=6 scheduled_faults=6 feature_faults=0/0 graph_searches=2 filtered_searches=3 filtered_graph_searches=1 predicate_searches=1 hybrid_searches=0 hybrid_sealed_vector_documents=0 hybrid_lexical_documents=0 violations=0
ADV campaign=overall seed=94 profile=full ops=4 faults=1 scheduled_faults=1 feature_faults=0/0 graph_searches=0 filtered_searches=0 filtered_graph_searches=0 predicate_searches=0 hybrid_searches=0 hybrid_sealed_vector_documents=0 hybrid_lexical_documents=0 violations=0
ADV campaign=overall seed=95 profile=random ops=4 faults=2 scheduled_faults=2 feature_faults=0/0 graph_searches=0 filtered_searches=0 filtered_graph_searches=0 predicate_searches=0 hybrid_searches=0 hybrid_sealed_vector_documents=0 hybrid_lexical_documents=0 violations=0
ADV campaign=overall seed=96 profile=none ops=59 faults=0 scheduled_faults=0 feature_faults=0/0 graph_searches=3 filtered_searches=5 filtered_graph_searches=1 predicate_searches=1 hybrid_searches=1 hybrid_sealed_vector_documents=95 hybrid_lexical_documents=95 violations=0
ADV campaign=overall seed=97 profile=io-errors ops=58 faults=6 scheduled_faults=6 feature_faults=0/0 graph_searches=0 filtered_searches=7 filtered_graph_searches=0 predicate_searches=1 hybrid_searches=0 hybrid_sealed_vector_documents=0 hybrid_lexical_documents=0 violations=0
ADV campaign=overall seed=98 profile=content ops=13 faults=1 scheduled_faults=1 feature_faults=0/0 graph_searches=0 filtered_searches=1 filtered_graph_searches=0 predicate_searches=1 hybrid_searches=0 hybrid_sealed_vector_documents=0 hybrid_lexical_documents=0 violations=0
ADV campaign=overall seed=99 profile=crash ops=59 faults=2 scheduled_faults=2 feature_faults=0/0 graph_searches=3 filtered_searches=4 filtered_graph_searches=1 predicate_searches=1 hybrid_searches=1 hybrid_sealed_vector_documents=96 hybrid_lexical_documents=96 violations=0
ADV campaign=overall seed=100 profile=disk ops=58 faults=1 scheduled_faults=1 feature_faults=0/0 graph_searches=0 filtered_searches=5 filtered_graph_searches=0 predicate_searches=1 hybrid_searches=0 hybrid_sealed_vector_documents=0 hybrid_lexical_documents=0 violations=0
ADV campaign=overall seed=101 profile=clock ops=58 faults=4 scheduled_faults=4 feature_faults=0/0 graph_searches=0 filtered_searches=5 filtered_graph_searches=0 predicate_searches=1 hybrid_searches=0 hybrid_sealed_vector_documents=0 hybrid_lexical_documents=0 violations=0
ADV campaign=overall seed=102 profile=full ops=8 faults=3 scheduled_faults=3 feature_faults=0/0 graph_searches=0 filtered_searches=1 filtered_graph_searches=0 predicate_searches=1 hybrid_searches=0 hybrid_sealed_vector_documents=0 hybrid_lexical_documents=0 violations=0
ADV campaign=overall seed=103 profile=random ops=7 faults=5 scheduled_faults=5 feature_faults=0/0 graph_searches=0 filtered_searches=1 filtered_graph_searches=0 predicate_searches=1 hybrid_searches=0 hybrid_sealed_vector_documents=0 hybrid_lexical_documents=0 violations=0
ADV campaign=overall seed=104 profile=none ops=58 faults=0 scheduled_faults=0 feature_faults=0/0 graph_searches=0 filtered_searches=5 filtered_graph_searches=0 predicate_searches=1 hybrid_searches=0 hybrid_sealed_vector_documents=0 hybrid_lexical_documents=0 violations=0
ADV campaign=overall seed=105 profile=io-errors ops=59 faults=2 scheduled_faults=2 feature_faults=0/0 graph_searches=3 filtered_searches=4 filtered_graph_searches=1 predicate_searches=1 hybrid_searches=1 hybrid_sealed_vector_documents=95 hybrid_lexical_documents=95 violations=0
ADV campaign=overall seed=106 profile=content ops=5 faults=1 scheduled_faults=1 feature_faults=0/0 graph_searches=0 filtered_searches=1 filtered_graph_searches=0 predicate_searches=0 hybrid_searches=0 hybrid_sealed_vector_documents=0 hybrid_lexical_documents=0 violations=0
ADV campaign=overall seed=107 profile=crash ops=58 faults=1 scheduled_faults=1 feature_faults=0/0 graph_searches=0 filtered_searches=4 filtered_graph_searches=0 predicate_searches=1 hybrid_searches=0 hybrid_sealed_vector_documents=0 hybrid_lexical_documents=0 violations=0
ADV campaign=overall seed=108 profile=disk ops=59 faults=2 scheduled_faults=2 feature_faults=0/0 graph_searches=3 filtered_searches=5 filtered_graph_searches=1 predicate_searches=1 hybrid_searches=1 hybrid_sealed_vector_documents=95 hybrid_lexical_documents=95 violations=0
ADV campaign=overall seed=109 profile=clock ops=58 faults=5 scheduled_faults=5 feature_faults=0/0 graph_searches=0 filtered_searches=7 filtered_graph_searches=0 predicate_searches=1 hybrid_searches=0 hybrid_sealed_vector_documents=0 hybrid_lexical_documents=0 violations=0
ADV campaign=overall seed=110 profile=full ops=31 faults=7 scheduled_faults=7 feature_faults=0/0 graph_searches=0 filtered_searches=2 filtered_graph_searches=0 predicate_searches=1 hybrid_searches=0 hybrid_sealed_vector_documents=0 hybrid_lexical_documents=0 violations=0
ADV campaign=overall seed=111 profile=random ops=13 faults=4 scheduled_faults=4 feature_faults=0/0 graph_searches=0 filtered_searches=1 filtered_graph_searches=0 predicate_searches=1 hybrid_searches=0 hybrid_sealed_vector_documents=0 hybrid_lexical_documents=0 violations=0
ADV campaign=overall seed=112 profile=none ops=58 faults=0 scheduled_faults=0 feature_faults=0/0 graph_searches=0 filtered_searches=5 filtered_graph_searches=0 predicate_searches=1 hybrid_searches=0 hybrid_sealed_vector_documents=0 hybrid_lexical_documents=0 violations=0
ADV campaign=overall seed=113 profile=io-errors ops=58 faults=9 scheduled_faults=9 feature_faults=0/0 graph_searches=0 filtered_searches=5 filtered_graph_searches=0 predicate_searches=1 hybrid_searches=0 hybrid_sealed_vector_documents=0 hybrid_lexical_documents=0 violations=0
ADV campaign=overall seed=114 profile=content ops=6 faults=1 scheduled_faults=1 feature_faults=0/0 graph_searches=0 filtered_searches=1 filtered_graph_searches=0 predicate_searches=0 hybrid_searches=0 hybrid_sealed_vector_documents=0 hybrid_lexical_documents=0 violations=0
ADV campaign=overall seed=115 profile=crash ops=58 faults=2 scheduled_faults=2 feature_faults=0/0 graph_searches=0 filtered_searches=4 filtered_graph_searches=0 predicate_searches=1 hybrid_searches=0 hybrid_sealed_vector_documents=0 hybrid_lexical_documents=0 violations=0
ADV campaign=overall seed=116 profile=disk ops=58 faults=3 scheduled_faults=3 feature_faults=0/0 graph_searches=0 filtered_searches=5 filtered_graph_searches=0 predicate_searches=1 hybrid_searches=0 hybrid_sealed_vector_documents=0 hybrid_lexical_documents=0 violations=0
ADV campaign=overall seed=117 profile=clock ops=59 faults=3 scheduled_faults=3 feature_faults=0/0 graph_searches=3 filtered_searches=3 filtered_graph_searches=1 predicate_searches=1 hybrid_searches=1 hybrid_sealed_vector_documents=95 hybrid_lexical_documents=95 violations=0
ADV campaign=overall seed=118 profile=full ops=53 faults=10 scheduled_faults=10 feature_faults=0/0 graph_searches=0 filtered_searches=4 filtered_graph_searches=0 predicate_searches=1 hybrid_searches=0 hybrid_sealed_vector_documents=0 hybrid_lexical_documents=0 violations=0
ADV campaign=overall seed=119 profile=random ops=6 faults=2 scheduled_faults=2 feature_faults=0/0 graph_searches=0 filtered_searches=1 filtered_graph_searches=0 predicate_searches=0 hybrid_searches=0 hybrid_sealed_vector_documents=0 hybrid_lexical_documents=0 violations=0
ADV campaign=overall seed=120 profile=none ops=59 faults=0 scheduled_faults=0 feature_faults=0/0 graph_searches=3 filtered_searches=3 filtered_graph_searches=1 predicate_searches=1 hybrid_searches=1 hybrid_sealed_vector_documents=95 hybrid_lexical_documents=95 violations=0
ADV campaign=overall seed=121 profile=io-errors ops=58 faults=3 scheduled_faults=3 feature_faults=0/0 graph_searches=0 filtered_searches=4 filtered_graph_searches=0 predicate_searches=1 hybrid_searches=0 hybrid_sealed_vector_documents=0 hybrid_lexical_documents=0 violations=0
ADV campaign=overall seed=122 profile=content ops=5 faults=1 scheduled_faults=1 feature_faults=0/0 graph_searches=0 filtered_searches=1 filtered_graph_searches=0 predicate_searches=0 hybrid_searches=0 hybrid_sealed_vector_documents=0 hybrid_lexical_documents=0 violations=0
ADV campaign=overall seed=123 profile=crash ops=59 faults=0 scheduled_faults=0 feature_faults=0/0 graph_searches=3 filtered_searches=4 filtered_graph_searches=1 predicate_searches=1 hybrid_searches=1 hybrid_sealed_vector_documents=95 hybrid_lexical_documents=95 violations=0
ADV campaign=overall seed=124 profile=disk ops=58 faults=2 scheduled_faults=2 feature_faults=0/0 graph_searches=0 filtered_searches=5 filtered_graph_searches=0 predicate_searches=1 hybrid_searches=0 hybrid_sealed_vector_documents=0 hybrid_lexical_documents=0 violations=0
ADV campaign=overall seed=125 profile=clock ops=58 faults=6 scheduled_faults=6 feature_faults=0/0 graph_searches=0 filtered_searches=4 filtered_graph_searches=0 predicate_searches=1 hybrid_searches=0 hybrid_sealed_vector_documents=0 hybrid_lexical_documents=0 violations=0
ADV campaign=overall seed=126 profile=full ops=49 faults=10 scheduled_faults=10 feature_faults=0/0 graph_searches=3 filtered_searches=4 filtered_graph_searches=0 predicate_searches=1 hybrid_searches=1 hybrid_sealed_vector_documents=95 hybrid_lexical_documents=95 violations=0
ADV campaign=overall seed=127 profile=random ops=13 faults=5 scheduled_faults=5 feature_faults=0/0 graph_searches=0 filtered_searches=1 filtered_graph_searches=0 predicate_searches=1 hybrid_searches=0 hybrid_sealed_vector_documents=0 hybrid_lexical_documents=0 violations=0
ADV campaign=overall seed=128 profile=none ops=58 faults=0 scheduled_faults=0 feature_faults=0/0 graph_searches=0 filtered_searches=4 filtered_graph_searches=0 predicate_searches=1 hybrid_searches=0 hybrid_sealed_vector_documents=0 hybrid_lexical_documents=0 violations=0
ADV campaign=overall seed=129 profile=io-errors ops=59 faults=4 scheduled_faults=4 feature_faults=0/0 graph_searches=3 filtered_searches=6 filtered_graph_searches=1 predicate_searches=1 hybrid_searches=1 hybrid_sealed_vector_documents=95 hybrid_lexical_documents=95 violations=0
ADV campaign=overall seed=130 profile=content ops=6 faults=1 scheduled_faults=1 feature_faults=0/0 graph_searches=0 filtered_searches=1 filtered_graph_searches=0 predicate_searches=0 hybrid_searches=0 hybrid_sealed_vector_documents=0 hybrid_lexical_documents=0 violations=0
ADV campaign=overall seed=131 profile=crash ops=58 faults=2 scheduled_faults=2 feature_faults=0/0 graph_searches=0 filtered_searches=4 filtered_graph_searches=0 predicate_searches=1 hybrid_searches=0 hybrid_sealed_vector_documents=0 hybrid_lexical_documents=0 violations=0
ADV campaign=overall seed=132 profile=disk ops=59 faults=2 scheduled_faults=2 feature_faults=0/0 graph_searches=3 filtered_searches=4 filtered_graph_searches=1 predicate_searches=1 hybrid_searches=1 hybrid_sealed_vector_documents=95 hybrid_lexical_documents=95 violations=0
ADV campaign=overall seed=133 profile=clock ops=58 faults=6 scheduled_faults=6 feature_faults=0/0 graph_searches=0 filtered_searches=5 filtered_graph_searches=0 predicate_searches=1 hybrid_searches=0 hybrid_sealed_vector_documents=0 hybrid_lexical_documents=0 violations=0
ADV campaign=overall seed=134 profile=full ops=28 faults=6 scheduled_faults=6 feature_faults=0/0 graph_searches=0 filtered_searches=2 filtered_graph_searches=0 predicate_searches=1 hybrid_searches=0 hybrid_sealed_vector_documents=0 hybrid_lexical_documents=0 violations=0
ADV campaign=overall seed=135 profile=random ops=59 faults=14 scheduled_faults=14 feature_faults=0/0 graph_searches=3 filtered_searches=4 filtered_graph_searches=1 predicate_searches=1 hybrid_searches=1 hybrid_sealed_vector_documents=95 hybrid_lexical_documents=95 violations=0
ADV campaign=overall seed=136 profile=none ops=58 faults=0 scheduled_faults=0 feature_faults=0/0 graph_searches=0 filtered_searches=4 filtered_graph_searches=0 predicate_searches=1 hybrid_searches=0 hybrid_sealed_vector_documents=0 hybrid_lexical_documents=0 violations=0
ADV campaign=overall seed=137 profile=io-errors ops=58 faults=4 scheduled_faults=4 feature_faults=0/0 graph_searches=0 filtered_searches=4 filtered_graph_searches=0 predicate_searches=1 hybrid_searches=0 hybrid_sealed_vector_documents=0 hybrid_lexical_documents=0 violations=0
ADV campaign=overall seed=138 profile=content ops=13 faults=1 scheduled_faults=1 feature_faults=0/0 graph_searches=0 filtered_searches=1 filtered_graph_searches=0 predicate_searches=1 hybrid_searches=0 hybrid_sealed_vector_documents=0 hybrid_lexical_documents=0 violations=0
ADV campaign=overall seed=139 profile=crash ops=58 faults=5 scheduled_faults=5 feature_faults=0/0 graph_searches=0 filtered_searches=3 filtered_graph_searches=0 predicate_searches=1 hybrid_searches=0 hybrid_sealed_vector_documents=0 hybrid_lexical_documents=0 violations=0
ADV campaign=overall seed=140 profile=disk ops=58 faults=4 scheduled_faults=4 feature_faults=0/0 graph_searches=0 filtered_searches=5 filtered_graph_searches=0 predicate_searches=1 hybrid_searches=0 hybrid_sealed_vector_documents=0 hybrid_lexical_documents=0 violations=0
ADV campaign=overall seed=141 profile=clock ops=59 faults=4 scheduled_faults=4 feature_faults=0/0 graph_searches=3 filtered_searches=3 filtered_graph_searches=1 predicate_searches=1 hybrid_searches=1 hybrid_sealed_vector_documents=95 hybrid_lexical_documents=95 violations=0
ADV campaign=overall seed=142 profile=full ops=28 faults=6 scheduled_faults=6 feature_faults=0/0 graph_searches=0 filtered_searches=2 filtered_graph_searches=0 predicate_searches=1 hybrid_searches=0 hybrid_sealed_vector_documents=0 hybrid_lexical_documents=0 violations=0
ADV campaign=overall seed=143 profile=random ops=25 faults=12 scheduled_faults=12 feature_faults=0/0 graph_searches=0 filtered_searches=2 filtered_graph_searches=0 predicate_searches=1 hybrid_searches=0 hybrid_sealed_vector_documents=0 hybrid_lexical_documents=0 violations=0
ADV campaign=overall seed=144 profile=none ops=59 faults=0 scheduled_faults=0 feature_faults=0/0 graph_searches=3 filtered_searches=6 filtered_graph_searches=1 predicate_searches=1 hybrid_searches=1 hybrid_sealed_vector_documents=95 hybrid_lexical_documents=95 violations=0
ADV campaign=overall seed=145 profile=io-errors ops=58 faults=8 scheduled_faults=8 feature_faults=0/0 graph_searches=0 filtered_searches=4 filtered_graph_searches=0 predicate_searches=1 hybrid_searches=0 hybrid_sealed_vector_documents=0 hybrid_lexical_documents=0 violations=0
ADV campaign=overall seed=146 profile=content ops=4 faults=1 scheduled_faults=1 feature_faults=0/0 graph_searches=0 filtered_searches=0 filtered_graph_searches=0 predicate_searches=0 hybrid_searches=0 hybrid_sealed_vector_documents=0 hybrid_lexical_documents=0 violations=0
ADV campaign=overall seed=147 profile=crash ops=59 faults=4 scheduled_faults=4 feature_faults=0/0 graph_searches=2 filtered_searches=4 filtered_graph_searches=0 predicate_searches=1 hybrid_searches=1 hybrid_sealed_vector_documents=95 hybrid_lexical_documents=95 violations=0
ADV campaign=overall seed=148 profile=disk ops=58 faults=2 scheduled_faults=2 feature_faults=0/0 graph_searches=0 filtered_searches=5 filtered_graph_searches=0 predicate_searches=1 hybrid_searches=0 hybrid_sealed_vector_documents=0 hybrid_lexical_documents=0 violations=0
ADV campaign=overall seed=149 profile=clock ops=58 faults=10 scheduled_faults=10 feature_faults=0/0 graph_searches=0 filtered_searches=4 filtered_graph_searches=0 predicate_searches=1 hybrid_searches=0 hybrid_sealed_vector_documents=0 hybrid_lexical_documents=0 violations=0
ADV campaign=overall seed=150 profile=full ops=5 faults=2 scheduled_faults=2 feature_faults=0/0 graph_searches=0 filtered_searches=0 filtered_graph_searches=0 predicate_searches=0 hybrid_searches=0 hybrid_sealed_vector_documents=0 hybrid_lexical_documents=0 violations=0
ADV campaign=overall seed=151 profile=random ops=5 faults=3 scheduled_faults=3 feature_faults=0/0 graph_searches=0 filtered_searches=1 filtered_graph_searches=0 predicate_searches=0 hybrid_searches=0 hybrid_sealed_vector_documents=0 hybrid_lexical_documents=0 violations=0
ADV campaign=overall seed=152 profile=none ops=58 faults=0 scheduled_faults=0 feature_faults=0/0 graph_searches=0 filtered_searches=5 filtered_graph_searches=0 predicate_searches=1 hybrid_searches=0 hybrid_sealed_vector_documents=0 hybrid_lexical_documents=0 violations=0
ADV campaign=overall seed=153 profile=io-errors ops=59 faults=4 scheduled_faults=4 feature_faults=0/0 graph_searches=3 filtered_searches=5 filtered_graph_searches=1 predicate_searches=1 hybrid_searches=1 hybrid_sealed_vector_documents=95 hybrid_lexical_documents=95 violations=0
test smoke has been running for over 60 seconds
ADV campaign=overall seed=154 profile=content ops=13 faults=1 scheduled_faults=1 feature_faults=0/0 graph_searches=0 filtered_searches=1 filtered_graph_searches=0 predicate_searches=1 hybrid_searches=0 hybrid_sealed_vector_documents=0 hybrid_lexical_documents=0 violations=0
ADV campaign=overall seed=155 profile=crash ops=49 faults=5 scheduled_faults=5 feature_faults=0/0 graph_searches=0 filtered_searches=5 filtered_graph_searches=0 predicate_searches=1 hybrid_searches=0 hybrid_sealed_vector_documents=0 hybrid_lexical_documents=0 violations=0
ADV campaign=overall seed=156 profile=disk ops=59 faults=4 scheduled_faults=4 feature_faults=0/0 graph_searches=3 filtered_searches=6 filtered_graph_searches=1 predicate_searches=1 hybrid_searches=1 hybrid_sealed_vector_documents=95 hybrid_lexical_documents=95 violations=0
ADV campaign=overall seed=157 profile=clock ops=58 faults=2 scheduled_faults=2 feature_faults=0/0 graph_searches=0 filtered_searches=7 filtered_graph_searches=0 predicate_searches=1 hybrid_searches=0 hybrid_sealed_vector_documents=0 hybrid_lexical_documents=0 violations=0
ADV campaign=overall seed=158 profile=full ops=13 faults=3 scheduled_faults=3 feature_faults=0/0 graph_searches=0 filtered_searches=1 filtered_graph_searches=0 predicate_searches=1 hybrid_searches=0 hybrid_sealed_vector_documents=0 hybrid_lexical_documents=0 violations=0
ADV campaign=overall seed=159 profile=random ops=13 faults=8 scheduled_faults=8 feature_faults=0/0 graph_searches=0 filtered_searches=1 filtered_graph_searches=0 predicate_searches=1 hybrid_searches=0 hybrid_sealed_vector_documents=0 hybrid_lexical_documents=0 violations=0
ADV campaign=overall seed=160 profile=none ops=58 faults=0 scheduled_faults=0 feature_faults=0/0 graph_searches=0 filtered_searches=4 filtered_graph_searches=0 predicate_searches=1 hybrid_searches=0 hybrid_sealed_vector_documents=0 hybrid_lexical_documents=0 violations=0
ADV campaign=overall seed=161 profile=io-errors ops=58 faults=5 scheduled_faults=5 feature_faults=0/0 graph_searches=0 filtered_searches=3 filtered_graph_searches=0 predicate_searches=1 hybrid_searches=0 hybrid_sealed_vector_documents=0 hybrid_lexical_documents=0 violations=0
ADV campaign=overall seed=162 profile=content ops=6 faults=1 scheduled_faults=1 feature_faults=0/0 graph_searches=0 filtered_searches=1 filtered_graph_searches=0 predicate_searches=0 hybrid_searches=0 hybrid_sealed_vector_documents=0 hybrid_lexical_documents=0 violations=0
ADV campaign=overall seed=163 profile=crash ops=58 faults=5 scheduled_faults=5 feature_faults=0/0 graph_searches=0 filtered_searches=5 filtered_graph_searches=0 predicate_searches=1 hybrid_searches=0 hybrid_sealed_vector_documents=0 hybrid_lexical_documents=0 violations=0
ADV campaign=overall seed=164 profile=disk ops=58 faults=5 scheduled_faults=5 feature_faults=0/0 graph_searches=0 filtered_searches=4 filtered_graph_searches=0 predicate_searches=1 hybrid_searches=0 hybrid_sealed_vector_documents=0 hybrid_lexical_documents=0 violations=0
ADV campaign=overall seed=165 profile=clock ops=59 faults=6 scheduled_faults=6 feature_faults=0/0 graph_searches=3 filtered_searches=4 filtered_graph_searches=1 predicate_searches=1 hybrid_searches=1 hybrid_sealed_vector_documents=95 hybrid_lexical_documents=95 violations=0
ADV campaign=overall seed=166 profile=full ops=17 faults=3 scheduled_faults=3 feature_faults=0/0 graph_searches=0 filtered_searches=2 filtered_graph_searches=0 predicate_searches=1 hybrid_searches=0 hybrid_sealed_vector_documents=0 hybrid_lexical_documents=0 violations=0
ADV campaign=overall seed=167 profile=random ops=4 faults=1 scheduled_faults=1 feature_faults=0/0 graph_searches=0 filtered_searches=0 filtered_graph_searches=0 predicate_searches=0 hybrid_searches=0 hybrid_sealed_vector_documents=0 hybrid_lexical_documents=0 violations=0
ADV campaign=overall seed=168 profile=none ops=59 faults=0 scheduled_faults=0 feature_faults=0/0 graph_searches=3 filtered_searches=4 filtered_graph_searches=1 predicate_searches=1 hybrid_searches=1 hybrid_sealed_vector_documents=95 hybrid_lexical_documents=95 violations=0
ADV campaign=overall seed=169 profile=io-errors ops=58 faults=5 scheduled_faults=5 feature_faults=0/0 graph_searches=0 filtered_searches=4 filtered_graph_searches=0 predicate_searches=1 hybrid_searches=0 hybrid_sealed_vector_documents=0 hybrid_lexical_documents=0 violations=0
ADV campaign=overall seed=170 profile=content ops=5 faults=1 scheduled_faults=1 feature_faults=0/0 graph_searches=0 filtered_searches=1 filtered_graph_searches=0 predicate_searches=0 hybrid_searches=0 hybrid_sealed_vector_documents=0 hybrid_lexical_documents=0 violations=0
ADV campaign=overall seed=171 profile=crash ops=26 faults=4 scheduled_faults=4 feature_faults=0/0 graph_searches=1 filtered_searches=2 filtered_graph_searches=0 predicate_searches=1 hybrid_searches=1 hybrid_sealed_vector_documents=95 hybrid_lexical_documents=95 violations=0
ADV campaign=overall seed=172 profile=disk ops=58 faults=4 scheduled_faults=4 feature_faults=0/0 graph_searches=0 filtered_searches=5 filtered_graph_searches=0 predicate_searches=1 hybrid_searches=0 hybrid_sealed_vector_documents=0 hybrid_lexical_documents=0 violations=0
ADV campaign=overall seed=173 profile=clock ops=58 faults=6 scheduled_faults=6 feature_faults=0/0 graph_searches=0 filtered_searches=3 filtered_graph_searches=0 predicate_searches=1 hybrid_searches=0 hybrid_sealed_vector_documents=0 hybrid_lexical_documents=0 violations=0
ADV campaign=overall seed=174 profile=full ops=7 faults=2 scheduled_faults=2 feature_faults=0/0 graph_searches=0 filtered_searches=1 filtered_graph_searches=0 predicate_searches=0 hybrid_searches=0 hybrid_sealed_vector_documents=0 hybrid_lexical_documents=0 violations=0
ADV campaign=overall seed=175 profile=random ops=19 faults=14 scheduled_faults=14 feature_faults=0/0 graph_searches=0 filtered_searches=2 filtered_graph_searches=0 predicate_searches=1 hybrid_searches=0 hybrid_sealed_vector_documents=0 hybrid_lexical_documents=0 violations=0
ADV campaign=overall seed=176 profile=none ops=58 faults=0 scheduled_faults=0 feature_faults=0/0 graph_searches=0 filtered_searches=4 filtered_graph_searches=0 predicate_searches=1 hybrid_searches=0 hybrid_sealed_vector_documents=0 hybrid_lexical_documents=0 violations=0
ADV campaign=overall seed=177 profile=io-errors ops=59 faults=4 scheduled_faults=4 feature_faults=0/0 graph_searches=3 filtered_searches=4 filtered_graph_searches=1 predicate_searches=1 hybrid_searches=1 hybrid_sealed_vector_documents=95 hybrid_lexical_documents=95 violations=0
ADV campaign=overall seed=178 profile=content ops=6 faults=1 scheduled_faults=1 feature_faults=0/0 graph_searches=0 filtered_searches=1 filtered_graph_searches=0 predicate_searches=0 hybrid_searches=0 hybrid_sealed_vector_documents=0 hybrid_lexical_documents=0 violations=0
ADV campaign=overall seed=179 profile=crash ops=25 faults=2 scheduled_faults=2 feature_faults=0/0 graph_searches=0 filtered_searches=2 filtered_graph_searches=0 predicate_searches=1 hybrid_searches=0 hybrid_sealed_vector_documents=0 hybrid_lexical_documents=0 violations=0
ADV campaign=overall seed=180 profile=disk ops=59 faults=4 scheduled_faults=4 feature_faults=0/0 graph_searches=3 filtered_searches=7 filtered_graph_searches=1 predicate_searches=1 hybrid_searches=1 hybrid_sealed_vector_documents=95 hybrid_lexical_documents=95 violations=0
ADV campaign=overall seed=181 profile=clock ops=58 faults=2 scheduled_faults=2 feature_faults=0/0 graph_searches=0 filtered_searches=5 filtered_graph_searches=0 predicate_searches=1 hybrid_searches=0 hybrid_sealed_vector_documents=0 hybrid_lexical_documents=0 violations=0
ADV campaign=overall seed=182 profile=full ops=5 faults=1 scheduled_faults=1 feature_faults=0/0 graph_searches=0 filtered_searches=1 filtered_graph_searches=0 predicate_searches=0 hybrid_searches=0 hybrid_sealed_vector_documents=0 hybrid_lexical_documents=0 violations=0
ADV campaign=overall seed=183 profile=random ops=5 faults=2 scheduled_faults=2 feature_faults=0/0 graph_searches=0 filtered_searches=0 filtered_graph_searches=0 predicate_searches=0 hybrid_searches=0 hybrid_sealed_vector_documents=0 hybrid_lexical_documents=0 violations=0
ADV campaign=overall seed=184 profile=none ops=58 faults=0 scheduled_faults=0 feature_faults=0/0 graph_searches=0 filtered_searches=5 filtered_graph_searches=0 predicate_searches=1 hybrid_searches=0 hybrid_sealed_vector_documents=0 hybrid_lexical_documents=0 violations=0
ADV campaign=overall seed=185 profile=io-errors ops=58 faults=2 scheduled_faults=2 feature_faults=0/0 graph_searches=0 filtered_searches=5 filtered_graph_searches=0 predicate_searches=1 hybrid_searches=0 hybrid_sealed_vector_documents=0 hybrid_lexical_documents=0 violations=0
ADV campaign=overall seed=186 profile=content ops=8 faults=1 scheduled_faults=1 feature_faults=0/0 graph_searches=0 filtered_searches=1 filtered_graph_searches=0 predicate_searches=1 hybrid_searches=0 hybrid_sealed_vector_documents=0 hybrid_lexical_documents=0 violations=0
ADV campaign=overall seed=187 profile=crash ops=58 faults=4 scheduled_faults=4 feature_faults=0/0 graph_searches=0 filtered_searches=4 filtered_graph_searches=0 predicate_searches=1 hybrid_searches=0 hybrid_sealed_vector_documents=0 hybrid_lexical_documents=0 violations=0
ADV campaign=overall seed=188 profile=disk ops=58 faults=3 scheduled_faults=3 feature_faults=0/0 graph_searches=0 filtered_searches=3 filtered_graph_searches=0 predicate_searches=1 hybrid_searches=0 hybrid_sealed_vector_documents=0 hybrid_lexical_documents=0 violations=0
ADV campaign=overall seed=189 profile=clock ops=59 faults=7 scheduled_faults=7 feature_faults=0/0 graph_searches=2 filtered_searches=4 filtered_graph_searches=0 predicate_searches=1 hybrid_searches=1 hybrid_sealed_vector_documents=95 hybrid_lexical_documents=95 violations=0
ADV campaign=overall seed=190 profile=full ops=1 faults=2 scheduled_faults=2 feature_faults=0/0 graph_searches=0 filtered_searches=0 filtered_graph_searches=0 predicate_searches=0 hybrid_searches=0 hybrid_sealed_vector_documents=0 hybrid_lexical_documents=0 violations=0
ADV campaign=overall seed=191 profile=random ops=17 faults=11 scheduled_faults=11 feature_faults=0/0 graph_searches=0 filtered_searches=2 filtered_graph_searches=0 predicate_searches=1 hybrid_searches=0 hybrid_sealed_vector_documents=0 hybrid_lexical_documents=0 violations=0
ADV campaign=overall seed=192 profile=none ops=59 faults=0 scheduled_faults=0 feature_faults=0/0 graph_searches=3 filtered_searches=6 filtered_graph_searches=1 predicate_searches=1 hybrid_searches=1 hybrid_sealed_vector_documents=95 hybrid_lexical_documents=95 violations=0
ADV campaign=overall seed=193 profile=io-errors ops=58 faults=7 scheduled_faults=7 feature_faults=0/0 graph_searches=0 filtered_searches=5 filtered_graph_searches=0 predicate_searches=1 hybrid_searches=0 hybrid_sealed_vector_documents=0 hybrid_lexical_documents=0 violations=0
ADV campaign=overall seed=194 profile=content ops=15 faults=1 scheduled_faults=1 feature_faults=0/0 graph_searches=0 filtered_searches=1 filtered_graph_searches=0 predicate_searches=1 hybrid_searches=0 hybrid_sealed_vector_documents=0 hybrid_lexical_documents=0 violations=0
ADV campaign=overall seed=195 profile=crash ops=59 faults=7 scheduled_faults=7 feature_faults=0/0 graph_searches=3 filtered_searches=5 filtered_graph_searches=1 predicate_searches=1 hybrid_searches=1 hybrid_sealed_vector_documents=96 hybrid_lexical_documents=96 violations=0
ADV campaign=overall seed=196 profile=disk ops=58 faults=3 scheduled_faults=3 feature_faults=0/0 graph_searches=0 filtered_searches=5 filtered_graph_searches=0 predicate_searches=1 hybrid_searches=0 hybrid_sealed_vector_documents=0 hybrid_lexical_documents=0 violations=0
ADV campaign=overall seed=197 profile=clock ops=58 faults=5 scheduled_faults=5 feature_faults=0/0 graph_searches=0 filtered_searches=6 filtered_graph_searches=0 predicate_searches=1 hybrid_searches=0 hybrid_sealed_vector_documents=0 hybrid_lexical_documents=0 violations=0
ADV campaign=overall seed=198 profile=full ops=26 faults=4 scheduled_faults=4 feature_faults=0/0 graph_searches=2 filtered_searches=2 filtered_graph_searches=1 predicate_searches=1 hybrid_searches=1 hybrid_sealed_vector_documents=93 hybrid_lexical_documents=95 violations=0
ADV campaign=overall seed=199 profile=random ops=58 faults=15 scheduled_faults=15 feature_faults=0/0 graph_searches=0 filtered_searches=5 filtered_graph_searches=0 predicate_searches=1 hybrid_searches=0 hybrid_sealed_vector_documents=0 hybrid_lexical_documents=0 violations=0
ADV campaign=overall seed=200 profile=none ops=58 faults=0 scheduled_faults=0 feature_faults=0/0 graph_searches=0 filtered_searches=4 filtered_graph_searches=0 predicate_searches=1 hybrid_searches=0 hybrid_sealed_vector_documents=0 hybrid_lexical_documents=0 violations=0
ADV campaign=overall seed=201 profile=io-errors ops=59 faults=3 scheduled_faults=3 feature_faults=0/0 graph_searches=3 filtered_searches=5 filtered_graph_searches=1 predicate_searches=1 hybrid_searches=1 hybrid_sealed_vector_documents=95 hybrid_lexical_documents=95 violations=0
ADV campaign=overall seed=202 profile=content ops=4 faults=1 scheduled_faults=1 feature_faults=0/0 graph_searches=0 filtered_searches=0 filtered_graph_searches=0 predicate_searches=0 hybrid_searches=0 hybrid_sealed_vector_documents=0 hybrid_lexical_documents=0 violations=0
ADV campaign=overall seed=203 profile=crash ops=58 faults=4 scheduled_faults=4 feature_faults=0/0 graph_searches=0 filtered_searches=3 filtered_graph_searches=0 predicate_searches=1 hybrid_searches=0 hybrid_sealed_vector_documents=0 hybrid_lexical_documents=0 violations=0
ADV campaign=overall seed=204 profile=disk ops=59 faults=3 scheduled_faults=3 feature_faults=0/0 graph_searches=3 filtered_searches=5 filtered_graph_searches=1 predicate_searches=1 hybrid_searches=1 hybrid_sealed_vector_documents=95 hybrid_lexical_documents=95 violations=0
ADV campaign=overall seed=205 profile=clock ops=58 faults=2 scheduled_faults=2 feature_faults=0/0 graph_searches=0 filtered_searches=4 filtered_graph_searches=0 predicate_searches=1 hybrid_searches=0 hybrid_sealed_vector_documents=0 hybrid_lexical_documents=0 violations=0
ADV campaign=overall seed=206 profile=full ops=5 faults=2 scheduled_faults=2 feature_faults=0/0 graph_searches=0 filtered_searches=1 filtered_graph_searches=0 predicate_searches=0 hybrid_searches=0 hybrid_sealed_vector_documents=0 hybrid_lexical_documents=0 violations=0
ADV campaign=overall seed=207 profile=random ops=8 faults=5 scheduled_faults=5 feature_faults=0/0 graph_searches=0 filtered_searches=1 filtered_graph_searches=0 predicate_searches=1 hybrid_searches=0 hybrid_sealed_vector_documents=0 hybrid_lexical_documents=0 violations=0
ADV campaign=overall seed=208 profile=none ops=58 faults=0 scheduled_faults=0 feature_faults=0/0 graph_searches=0 filtered_searches=4 filtered_graph_searches=0 predicate_searches=1 hybrid_searches=0 hybrid_sealed_vector_documents=0 hybrid_lexical_documents=0 violations=0
ADV campaign=overall seed=209 profile=io-errors ops=58 faults=5 scheduled_faults=5 feature_faults=0/0 graph_searches=0 filtered_searches=5 filtered_graph_searches=0 predicate_searches=1 hybrid_searches=0 hybrid_sealed_vector_documents=0 hybrid_lexical_documents=0 violations=0
ADV campaign=overall seed=210 profile=content ops=20 faults=1 scheduled_faults=1 feature_faults=0/0 graph_searches=1 filtered_searches=2 filtered_graph_searches=1 predicate_searches=1 hybrid_searches=0 hybrid_sealed_vector_documents=0 hybrid_lexical_documents=0 violations=0
ADV campaign=overall seed=211 profile=crash ops=58 faults=2 scheduled_faults=2 feature_faults=0/0 graph_searches=0 filtered_searches=6 filtered_graph_searches=0 predicate_searches=1 hybrid_searches=0 hybrid_sealed_vector_documents=0 hybrid_lexical_documents=0 violations=0
ADV campaign=overall seed=212 profile=disk ops=58 faults=5 scheduled_faults=5 feature_faults=0/0 graph_searches=0 filtered_searches=4 filtered_graph_searches=0 predicate_searches=1 hybrid_searches=0 hybrid_sealed_vector_documents=0 hybrid_lexical_documents=0 violations=0
ADV campaign=overall seed=213 profile=clock ops=59 faults=4 scheduled_faults=4 feature_faults=0/0 graph_searches=3 filtered_searches=3 filtered_graph_searches=1 predicate_searches=1 hybrid_searches=1 hybrid_sealed_vector_documents=95 hybrid_lexical_documents=95 violations=0
ADV campaign=overall seed=214 profile=full ops=58 faults=10 scheduled_faults=10 feature_faults=0/0 graph_searches=0 filtered_searches=4 filtered_graph_searches=0 predicate_searches=1 hybrid_searches=0 hybrid_sealed_vector_documents=0 hybrid_lexical_documents=0 violations=0
ADV campaign=overall seed=215 profile=random ops=21 faults=13 scheduled_faults=13 feature_faults=0/0 graph_searches=0 filtered_searches=2 filtered_graph_searches=0 predicate_searches=1 hybrid_searches=0 hybrid_sealed_vector_documents=0 hybrid_lexical_documents=0 violations=0
ADV campaign=overall seed=216 profile=none ops=59 faults=0 scheduled_faults=0 feature_faults=0/0 graph_searches=3 filtered_searches=5 filtered_graph_searches=1 predicate_searches=1 hybrid_searches=1 hybrid_sealed_vector_documents=95 hybrid_lexical_documents=95 violations=0
ADV campaign=overall seed=217 profile=io-errors ops=58 faults=4 scheduled_faults=4 feature_faults=0/0 graph_searches=0 filtered_searches=5 filtered_graph_searches=0 predicate_searches=1 hybrid_searches=0 hybrid_sealed_vector_documents=0 hybrid_lexical_documents=0 violations=0
ADV campaign=overall seed=218 profile=content ops=13 faults=2 scheduled_faults=2 feature_faults=0/0 graph_searches=0 filtered_searches=1 filtered_graph_searches=0 predicate_searches=1 hybrid_searches=0 hybrid_sealed_vector_documents=0 hybrid_lexical_documents=0 violations=0
ADV campaign=overall seed=219 profile=crash ops=59 faults=6 scheduled_faults=6 feature_faults=0/0 graph_searches=0 filtered_searches=4 filtered_graph_searches=0 predicate_searches=1 hybrid_searches=0 hybrid_sealed_vector_documents=0 hybrid_lexical_documents=0 violations=0
ADV campaign=overall seed=220 profile=disk ops=58 faults=1 scheduled_faults=1 feature_faults=0/0 graph_searches=0 filtered_searches=6 filtered_graph_searches=0 predicate_searches=1 hybrid_searches=0 hybrid_sealed_vector_documents=0 hybrid_lexical_documents=0 violations=0
ADV campaign=overall seed=221 profile=clock ops=58 faults=6 scheduled_faults=6 feature_faults=0/0 graph_searches=0 filtered_searches=3 filtered_graph_searches=0 predicate_searches=1 hybrid_searches=0 hybrid_sealed_vector_documents=0 hybrid_lexical_documents=0 violations=0
ADV campaign=overall seed=222 profile=full ops=39 faults=10 scheduled_faults=10 feature_faults=0/0 graph_searches=3 filtered_searches=2 filtered_graph_searches=1 predicate_searches=1 hybrid_searches=1 hybrid_sealed_vector_documents=95 hybrid_lexical_documents=95 violations=0
ADV campaign=overall seed=223 profile=random ops=4 faults=3 scheduled_faults=3 feature_faults=0/0 graph_searches=0 filtered_searches=0 filtered_graph_searches=0 predicate_searches=0 hybrid_searches=0 hybrid_sealed_vector_documents=0 hybrid_lexical_documents=0 violations=0
test smoke ... ok

test result: ok. 3 passed; 0 failed; 0 ignored; 0 measured; 430 filtered out; finished in 87.26s

