warning[parse-error]: error parsing SPDX license expression
   ┌─ /Users/aghatage/.cargo/registry/src/index.crates.io-1949cf8c6b5b557f/mach-sys-0.5.4/Cargo.toml:39:12
   │
39 │ license = "GPL-3.0 OR Apache-2.0"
   │            ─────── a deprecated license identifier was used
   │
   ├ mach-sys v0.5.4
     └── mlx-rs v0.25.3
         └── zeppelin-embed-text v0.4.2

warning[duplicate]: found 2 duplicate entries for crate 'itertools'
   ┌─ /Users/aghatage/Documents/code/zeppelin-embed-wt-ze-32/Cargo.lock:45:1
   │  
45 │ ╭ itertools 0.10.5 registry+https://github.com/rust-lang/crates.io-index
46 │ │ itertools 0.14.0 registry+https://github.com/rust-lang/crates.io-index
   │ ╰──────────────────────────────────────────────────────────────────────┘ lock entries
   │  
   ├ itertools v0.10.5
     ├── bindgen v0.70.1
     │   └── (build) mlx-sys v0.2.0
     │       └── mlx-rs v0.25.3
     │           └── zeppelin-embed-text v0.4.2
     ├── criterion v0.5.1
     │   ├── (dev) zeppelin-embed v0.4.2
     │   │   ├── (dev) zeppelin-embed v0.4.2 (*)
     │   │   ├── zeppelin-embed-bench v0.4.2
     │   │   │   └── zeppelin-embed-workspace-tests v0.4.2
     │   │   ├── zeppelin-embed-ffi v0.4.2
     │   │   │   └── zeppelin-embed-workspace-tests v0.4.2 (*)
     │   │   ├── zeppelin-embed-text v0.4.2 (*)
     │   │   └── zeppelin-embed-workspace-tests v0.4.2 (*)
     │   └── (dev) zeppelin-embed-bench v0.4.2 (*)
     └── criterion-plot v0.5.0
         └── criterion v0.5.1 (*)
   ├ itertools v0.14.0
     ├── mlx-internal-macros v0.25.3
     │   └── mlx-rs v0.25.3
     │       └── zeppelin-embed-text v0.4.2
     └── mlx-rs v0.25.3 (*)

warning[duplicate]: found 2 duplicate entries for crate 'shlex'
    ┌─ /Users/aghatage/Documents/code/zeppelin-embed-wt-ze-32/Cargo.lock:104:1
    │  
104 │ ╭ shlex 1.3.0 registry+https://github.com/rust-lang/crates.io-index
105 │ │ shlex 2.0.1 registry+https://github.com/rust-lang/crates.io-index
    │ ╰─────────────────────────────────────────────────────────────────┘ lock entries
    │  
    ├ shlex v1.3.0
      └── bindgen v0.70.1
          └── (build) mlx-sys v0.2.0
              └── mlx-rs v0.25.3
                  └── zeppelin-embed-text v0.4.2
    ├ shlex v2.0.1
      └── cc v1.4.4
          ├── cmake v0.1.58
          │   └── (build) mlx-sys v0.2.0
          │       └── mlx-rs v0.25.3
          │           └── zeppelin-embed-text v0.4.2
          ├── (build) generator v0.8.9
          │   └── loom v0.7.2
          │       └── zeppelin-embed-ffi v0.4.2
          │           └── zeppelin-embed-workspace-tests v0.4.2
          ├── (build) mlx-sys v0.2.0 (*)
          └── (build) zeppelin-embed-text v0.4.2 (*)

warning[duplicate]: found 2 duplicate entries for crate 'syn'
    ┌─ /Users/aghatage/Documents/code/zeppelin-embed-wt-ze-32/Cargo.lock:110:1
    │  
110 │ ╭ syn 2.0.119 registry+https://github.com/rust-lang/crates.io-index
111 │ │ syn 3.0.3 registry+https://github.com/rust-lang/crates.io-index
    │ ╰───────────────────────────────────────────────────────────────┘ lock entries
    │  
    ├ syn v2.0.119
      ├── bindgen v0.70.1
      │   └── (build) mlx-sys v0.2.0
      │       └── mlx-rs v0.25.3
      │           └── zeppelin-embed-text v0.4.2
      ├── darling_core v0.21.3
      │   ├── darling v0.21.3
      │   │   ├── mlx-internal-macros v0.25.3
      │   │   │   └── mlx-rs v0.25.3 (*)
      │   │   └── mlx-macros v0.25.3
      │   │       └── mlx-rs v0.25.3 (*)
      │   └── darling_macro v0.21.3
      │       └── darling v0.21.3 (*)
      ├── darling_macro v0.21.3 (*)
      ├── mlx-internal-macros v0.25.3 (*)
      ├── mlx-macros v0.25.3 (*)
      ├── num_enum_derive v0.7.6
      │   └── num_enum v0.7.6
      │       └── mlx-rs v0.25.3 (*)
      ├── prettyplease v0.2.37
      │   └── bindgen v0.70.1 (*)
      ├── strum_macros v0.27.2
      │   └── strum v0.27.2
      │       └── mlx-rs v0.25.3 (*)
      └── zerocopy-derive v0.8.52
          └── zerocopy v0.8.52
              ├── half v2.7.1
              │   ├── ciborium-ll v0.2.2
              │   │   └── ciborium v0.2.2
              │   │       └── criterion v0.5.1
              │   │           ├── (dev) zeppelin-embed v0.4.2
              │   │           │   ├── (dev) zeppelin-embed v0.4.2 (*)
              │   │           │   ├── zeppelin-embed-bench v0.4.2
              │   │           │   │   └── zeppelin-embed-workspace-tests v0.4.2
              │   │           │   ├── zeppelin-embed-ffi v0.4.2
              │   │           │   │   └── zeppelin-embed-workspace-tests v0.4.2 (*)
              │   │           │   ├── zeppelin-embed-text v0.4.2 (*)
              │   │           │   └── zeppelin-embed-workspace-tests v0.4.2 (*)
              │   │           └── (dev) zeppelin-embed-bench v0.4.2 (*)
              │   └── mlx-rs v0.25.3 (*)
              └── ppv-lite86 v0.2.21
                  └── rand_chacha v0.9.0
                      ├── proptest v1.10.0
                      │   ├── (dev) zeppelin-embed v0.4.2 (*)
                      │   └── zeppelin-embed-workspace-tests v0.4.2 (*)
                      ├── rand v0.9.5
                      │   ├── proptest v1.10.0 (*)
                      │   ├── (dev) zeppelin-embed v0.4.2 (*)
                      │   └── zeppelin-embed-workspace-tests v0.4.2 (*)
                      ├── (dev) zeppelin-embed v0.4.2 (*)
                      └── zeppelin-embed-workspace-tests v0.4.2 (*)
    ├ syn v3.0.3
      ├── serde_derive v1.0.229
      │   ├── criterion v0.5.1
      │   │   ├── (dev) zeppelin-embed v0.4.2
      │   │   │   ├── (dev) zeppelin-embed v0.4.2 (*)
      │   │   │   ├── zeppelin-embed-bench v0.4.2
      │   │   │   │   └── zeppelin-embed-workspace-tests v0.4.2
      │   │   │   ├── zeppelin-embed-ffi v0.4.2
      │   │   │   │   └── zeppelin-embed-workspace-tests v0.4.2 (*)
      │   │   │   ├── zeppelin-embed-text v0.4.2
      │   │   │   └── zeppelin-embed-workspace-tests v0.4.2 (*)
      │   │   └── (dev) zeppelin-embed-bench v0.4.2 (*)
      │   └── serde v1.0.229
      │       ├── ciborium v0.2.2
      │       │   └── criterion v0.5.1 (*)
      │       ├── criterion v0.5.1 (*)
      │       └── tinytemplate v1.2.1
      │           └── criterion v0.5.1 (*)
      └── thiserror-impl v2.0.20
          └── thiserror v2.0.20
              └── mlx-rs v0.25.3
                  └── zeppelin-embed-text v0.4.2 (*)

advisories ok, bans ok, licenses ok, sources ok
