    Checking cfg-if v1.0.4
    Checking bytemuck v1.25.2
    Checking byteorder v1.5.0
   Compiling serde_core v1.0.229
    Checking xxhash-rust v0.8.18
    Checking bitflags v2.13.1
    Checking memchr v2.8.3
    Checking itoa v1.0.18
    Checking libc v0.2.189
    Checking once_cell v1.21.4
    Checking zmij v1.0.23
   Compiling zeppelin-embed-bench v0.4.2 (/Users/aghatage/Documents/code/zeppelin-embed-wt-ze-32/crates/zeppelin-embed-bench)
    Checking fastrand v2.4.1
   Compiling glob v0.3.4
   Compiling prettyplease v0.2.37
   Compiling syn v2.0.119
   Compiling either v1.17.0
   Compiling shlex v2.0.1
   Compiling find-msvc-tools v0.1.11
   Compiling regex-syntax v0.8.11
    Checking roaring v0.10.12
   Compiling minimal-lexical v0.2.1
   Compiling cc v1.4.4
   Compiling libloading v0.8.9
   Compiling hashbrown v0.17.1
   Compiling ident_case v1.0.1
   Compiling clang-sys v1.9.1
   Compiling winnow v1.0.4
   Compiling fnv v1.0.7
   Compiling strsim v0.11.1
   Compiling nom v7.1.3
   Compiling bindgen v0.70.1
    Checking errno v0.3.14
    Checking getrandom v0.3.4
   Compiling equivalent v1.0.2
   Compiling itertools v0.10.5
    Checking rustix v1.1.3
   Compiling rustc-hash v1.1.0
   Compiling log v0.4.34
    Checking zeppelin-embed v0.4.2 (/Users/aghatage/Documents/code/zeppelin-embed-wt-ze-32/crates/zeppelin-embed)
   Compiling toml_datetime v1.1.1+spec-1.1.0
   Compiling indexmap v2.14.1
   Compiling shlex v1.3.0
   Compiling num-traits v0.2.19
    Checking smallvec v1.15.2
   Compiling cmake v0.1.58
   Compiling parking_lot_core v0.9.12
   Compiling rustversion v1.0.23
   Compiling regex-automata v0.4.18
   Compiling toml_parser v1.1.3+spec-1.1.0
    Checking tempfile v3.25.0
   Compiling mach-sys v0.5.4
   Compiling syn v3.0.3
   Compiling thiserror v2.0.20
    Checking scopeguard v1.2.0
   Compiling paste v1.0.15
   Compiling heck v0.5.0
    Checking lock_api v0.4.14
   Compiling toml_edit v0.25.13+spec-1.1.0
   Compiling cexpr v0.6.0
   Compiling itertools v0.14.0
    Checking serde_json v1.0.151
    Checking parking_lot v0.12.5
   Compiling zeppelin-embed-text v0.4.2 (/Users/aghatage/Documents/code/zeppelin-embed-wt-ze-32/crates/zeppelin-embed-text)
    Checking dyn-clone v1.0.20
    Checking num-complex v0.4.6
   Compiling proc-macro-crate v3.5.0
    Checking unicode-normalization-alignments v0.1.12
   Compiling darling_core v0.21.3
    Checking unicode_categories v0.1.1
    Checking zeppelin-embed-cypher v0.4.2 (/Users/aghatage/Documents/code/zeppelin-embed-wt-ze-32/crates/zeppelin-embed-cypher)
   Compiling regex v1.13.1
    Checking zeppelin-embed-adversarial-oracle v0.4.2 (/Users/aghatage/Documents/code/zeppelin-embed-wt-ze-32/tests/adversarial-oracle)
   Compiling thiserror-impl v2.0.20
   Compiling zerocopy-derive v0.8.52
   Compiling strum_macros v0.27.2
   Compiling num_enum_derive v0.7.6
    Checking num_enum v0.7.6
   Compiling darling_macro v0.21.3
    Checking zerocopy v0.8.52
   Compiling darling v0.21.3
    Checking strum v0.27.2
   Compiling mlx-macros v0.25.3
   Compiling mlx-internal-macros v0.25.3
   Compiling mlx-sys v0.2.0
    Checking half v2.7.1
    Checking zeppelin-embed-ffi v0.4.2 (/Users/aghatage/Documents/code/zeppelin-embed-wt-ze-32/crates/zeppelin-embed-ffi)
    Checking mlx-rs v0.25.3
    Finished `dev` profile [unoptimized + debuginfo] target(s) in 1m 01s
