   Compiling proc-macro2 v1.0.107
   Compiling unicode-ident v1.0.24
   Compiling quote v1.0.47
   Compiling libc v0.2.189
   Compiling cfg-if v1.0.4
   Compiling zerocopy v0.8.52
   Compiling getrandom v0.3.4
   Compiling serde_core v1.0.229
   Compiling rustix v1.1.3
   Compiling autocfg v1.5.1
   Compiling zmij v1.0.23
   Compiling serde v1.0.229
   Compiling bitflags v2.13.1
   Compiling serde_json v1.0.151
   Compiling once_cell v1.21.4
   Compiling regex-syntax v0.8.11
   Compiling fastrand v2.4.1
   Compiling ciborium-io v0.2.2
   Compiling memchr v2.8.3
   Compiling either v1.17.0
   Compiling anstyle v1.0.14
   Compiling itoa v1.0.18
   Compiling num-traits v0.2.19
   Compiling clap_lex v1.1.0
   Compiling itertools v0.10.5
   Compiling fnv v1.0.7
   Compiling clap_builder v4.6.0
   Compiling bytemuck v1.25.2
   Compiling same-file v1.0.6
   Compiling byteorder v1.5.0
   Compiling bit-vec v0.8.0
   Compiling cast v0.3.0
   Compiling quick-error v1.2.3
   Compiling walkdir v2.5.0
   Compiling oorandom v11.1.5
   Compiling roaring v0.10.12
   Compiling unarray v0.1.4
   Compiling bit-set v0.8.0
   Compiling anes v0.1.6
   Compiling xxhash-rust v0.8.18
   Compiling errno v0.3.14
   Compiling wait-timeout v0.2.1
   Compiling is-terminal v0.4.17
   Compiling syn v2.0.119
   Compiling syn v3.0.3
   Compiling rand_core v0.9.5
   Compiling rand_xorshift v0.4.0
   Compiling regex-automata v0.4.18
   Compiling criterion-plot v0.5.0
   Compiling zeppelin-embed v0.4.2 (/Users/aghatage/Documents/code/zeppelin-embed-wt-ze-32/crates/zeppelin-embed)
   Compiling clap v4.6.1
   Compiling tempfile v3.25.0
   Compiling rusty-fork v0.3.1
   Compiling serde_derive v1.0.229
   Compiling regex v1.13.1
   Compiling zerocopy-derive v0.8.52
   Compiling tinytemplate v1.2.1
   Compiling ppv-lite86 v0.2.21
   Compiling half v2.7.1
   Compiling rand_chacha v0.9.0
   Compiling ciborium-ll v0.2.2
   Compiling rand v0.9.5
   Compiling ciborium v0.2.2
   Compiling proptest v1.10.0
   Compiling criterion v0.5.1
    Finished `test` profile [unoptimized + debuginfo] target(s) in 18.86s
     Running unittests src/lib.rs (target/debug/deps/zeppelin_embed-e6fa6a4db8bc291f)

running 6 tests
test property_graph::tests::all_scalar_and_nonempty_list_kinds_retain_their_values_without_vectors ... ok
test property_graph::tests::full_width_identity_and_checked_revisions ... ok
test property_graph::tests::batch_local_references_are_bounded_and_distinct_from_durable_ids ... ok
test property_graph::tests::raw_name_admission_checks_byte_limit_before_utf8_work ... ok
test property_graph::tests::application_keys_and_metadata_preserve_kind_and_exact_utf8 ... ok
test property_graph::tests::scalar_bits_and_typed_lists_are_distinct_from_finite_vectors ... ok

test result: ok. 6 passed; 0 failed; 0 ignored; 0 measured; 570 filtered out; finished in 0.00s

