info: cargo-llvm-cov currently setting cfg(coverage); you can opt-out it by passing --no-cfg-coverage
   Compiling zeppelin-embed-adversarial-oracle v0.4.2 (/Users/aghatage/Documents/code/zeppelin-embed/tests/adversarial-oracle)
    Finished `test` profile [unoptimized + debuginfo] target(s) in 0.33s
     Running tests/metadata_contracts.rs (target/llvm-cov-target/debug/deps/metadata_contracts-4b5e637d487ac881)

running 6 tests
test execution_receipts_require_exact_correlations_counters_and_lifecycle ... ok
test bitmap_algebra_refuses_duplicate_dead_and_uncorrelated_observations ... ok
test pruning_requires_complete_live_baselines_and_exact_source_evidence ... ok
test column_roundtrip_checks_each_independent_observation_surface ... ok
test column_parser_rejects_malformed_definitions_presence_and_physical_cells ... ok
test canonical_metadata_replay_rejects_truncation_domain_and_suffix_changes ... ok

test result: ok. 6 passed; 0 failed; 0 ignored; 0 measured; 0 filtered out; finished in 0.04s

     Running tests/storage_formats.rs (target/llvm-cov-target/debug/deps/storage_formats-31bb458efde7dcfe)

running 4 tests
test wal_parser_preserves_exact_header_and_corrupt_prefix_diagnostics ... ok
test manifest_header_rejects_each_malformed_framing_field ... ok
test manifest_payload_validates_identity_schema_epoch_and_range_boundaries ... ok
test segment_directory_rejects_checksums_reserved_bytes_and_invalid_ranges ... ok

test result: ok. 4 passed; 0 failed; 0 ignored; 0 measured; 0 filtered out; finished in 0.00s

     Running tests/storage_observations.rs (target/llvm-cov-target/debug/deps/storage_observations-646c87610b5deb83)

running 3 tests
test format_checker_rejects_wrong_case_call_control_and_partial_results ... ok
test wal_prefix_checker_rejects_changed_acknowledgements_and_public_refusals ... ok
test reachability_checker_rejects_incomplete_classification_and_changed_cleanup_evidence ... ok

test result: ok. 3 passed; 0 failed; 0 ignored; 0 measured; 0 filtered out; finished in 0.00s

