info: cargo-llvm-cov currently setting cfg(coverage); you can opt-out it by passing --no-cfg-coverage
   Compiling memchr v2.8.3
   Compiling fnv v1.0.7
   Compiling darling_core v0.21.3
   Compiling nom v7.1.3
   Compiling darling_macro v0.21.3
   Compiling cexpr v0.6.0
   Compiling darling v0.21.3
   Compiling bindgen v0.70.1
   Compiling mlx-internal-macros v0.25.3
   Compiling mlx-macros v0.25.3
   Compiling mlx-sys v0.2.0
   Compiling mlx-rs v0.25.3
   Compiling zeppelin-embed-text v0.4.2 (/Users/aghatage/Documents/code/zeppelin-embed/crates/zeppelin-embed-text)
    Finished `test` profile [unoptimized + debuginfo] target(s) in 1m 01s
     Running tests/coreml_contracts.rs (target/llvm-cov-target/debug/deps/coreml_contracts-354b1ac49695770e)

running 4 tests
test coreml_store_child ... ok
test coreml_reports_bad_artifacts_paths_shapes_and_prediction_width_without_partial_results ... ok
test coreml_runtime_evaluates_exact_rows_and_masks_under_every_requested_policy ... ok
test discovered_coreml_query_model_is_reported_and_used_by_the_store ... ok

test result: ok. 4 passed; 0 failed; 0 ignored; 0 measured; 0 filtered out; finished in 0.28s

     Running tests/lifecycle_contracts.rs (target/llvm-cov-target/debug/deps/lifecycle_contracts-33c83d7ace030990)

running 2 tests
test discovered_broken_coreml_artifact_fails_open_without_silent_backend_fallback ... ok
test paired_towers_keep_query_routing_and_chunk_deletion_across_reopen ... ok

test result: ok. 2 passed; 0 failed; 0 ignored; 0 measured; 0 filtered out; finished in 0.10s

     Running tests/runtime_contracts.rs (target/llvm-cov-target/debug/deps/runtime_contracts-b9cb46bd8b3cb0ed)

running 4 tests
test token_batches_preserve_every_row_when_padding_and_refuse_shape_loss ... ok
test mlx_rejects_unsupported_placement_and_malformed_chunk_shapes ... ok
test mapped_model_tensor_metadata_is_rejected_with_qualified_error_context ... ok
test tiny_transformers_match_independent_cpu_reference_across_pooling_and_chunk_boundaries ... ok

test result: ok. 4 passed; 0 failed; 0 ignored; 0 measured; 0 filtered out; finished in 0.53s

     Running tests/tokenizer_contracts.rs (target/llvm-cov-target/debug/deps/tokenizer_contracts-d77b62c7380f3a05)

running 2 tests
test bundle_query_padding_preserves_special_tokens_and_refuses_truncation ... ok
test bundle_unigram_uses_global_scores_normalization_and_rectangular_masks ... ok

test result: ok. 2 passed; 0 failed; 0 ignored; 0 measured; 0 filtered out; finished in 0.00s

