   Compiling zeppelin-embed v0.4.2 (/Users/aghatage/Documents/code/zeppelin-embed-wt-ze-124/crates/zeppelin-embed)
    Finished `test` profile [unoptimized + debuginfo] target(s) in 13.22s
────────────
 Nextest run ID b9fea9b2-4a14-4d77-829b-56cdf4be88d3 with nextest profile: default
    Starting 1 test across 1 binary (576 tests skipped)
        FAIL [   0.014s] (1/1) zeppelin-embed property_graph::wal::codec::adjacency_wal_reference_tags_are_append_only
  stdout ───

    running 1 test
    test property_graph::wal::codec::adjacency_wal_reference_tags_are_append_only ... FAILED

    failures:

    failures:
        property_graph::wal::codec::adjacency_wal_reference_tags_are_append_only

    test result: FAILED. 0 passed; 1 failed; 0 ignored; 0 measured; 576 filtered out; finished in 0.00s

  stderr ───

    thread 'property_graph::wal::codec::adjacency_wal_reference_tags_are_append_only' (34520158) panicked at crates/zeppelin-embed/src/property_graph/wal/codec.rs:305:5:
    assertion `left == right` failed
      left: Err(Unsupported)
     right: Ok(AdjacencyBase)
    note: run with `RUST_BACKTRACE=1` environment variable to display a backtrace

────────────
     Summary [   0.015s] 1 test run: 0 passed, 1 failed, 576 skipped
        FAIL [   0.014s] (1/1) zeppelin-embed property_graph::wal::codec::adjacency_wal_reference_tags_are_append_only
  stdout ───

    running 1 test
    test property_graph::wal::codec::adjacency_wal_reference_tags_are_append_only ... FAILED

    failures:

    failures:
        property_graph::wal::codec::adjacency_wal_reference_tags_are_append_only

    test result: FAILED. 0 passed; 1 failed; 0 ignored; 0 measured; 576 filtered out; finished in 0.00s

  stderr ───

    thread 'property_graph::wal::codec::adjacency_wal_reference_tags_are_append_only' (34520158) panicked at crates/zeppelin-embed/src/property_graph/wal/codec.rs:305:5:
    assertion `left == right` failed
      left: Err(Unsupported)
     right: Ok(AdjacencyBase)
    note: run with `RUST_BACKTRACE=1` environment variable to display a backtrace

error: test run failed
