   Compiling libc v0.2.189
   Compiling getrandom v0.3.4
   Compiling cfg-if v1.0.4
   Compiling zerocopy v0.8.52
   Compiling rustix v1.1.3
   Compiling bitflags v2.13.1
   Compiling byteorder v1.5.0
   Compiling bytemuck v1.25.2
   Compiling autocfg v1.5.1
   Compiling serde_core v1.0.229
   Compiling once_cell v1.21.4
   Compiling fastrand v2.4.1
   Compiling xxhash-rust v0.8.18
   Compiling zmij v1.0.23
   Compiling serde_json v1.0.151
   Compiling bit-vec v0.8.0
   Compiling itoa v1.0.18
   Compiling roaring v0.10.12
   Compiling quick-error v1.2.3
   Compiling memchr v2.8.3
   Compiling fnv v1.0.7
   Compiling zeppelin-embed-bench v0.4.2 (/Users/aghatage/Documents/code/zeppelin-embed-wt-ze-44/crates/zeppelin-embed-bench)
   Compiling bit-set v0.8.0
   Compiling unarray v0.1.4
   Compiling regex-syntax v0.8.11
   Compiling zeppelin-embed-adversarial-oracle v0.4.2 (/Users/aghatage/Documents/code/zeppelin-embed-wt-ze-44/tests/adversarial-oracle)
   Compiling num-traits v0.2.19
   Compiling errno v0.3.14
   Compiling wait-timeout v0.2.1
   Compiling zeppelin-embed v0.4.2 (/Users/aghatage/Documents/code/zeppelin-embed-wt-ze-44/crates/zeppelin-embed)
   Compiling rand_core v0.9.5
   Compiling rand_xorshift v0.4.0
   Compiling tempfile v3.25.0
   Compiling rusty-fork v0.3.1
   Compiling ppv-lite86 v0.2.21
   Compiling rand_chacha v0.9.0
   Compiling rand v0.9.5
   Compiling proptest v1.10.0
   Compiling zeppelin-embed-cypher v0.4.2 (/Users/aghatage/Documents/code/zeppelin-embed-wt-ze-44/crates/zeppelin-embed-cypher)
   Compiling zeppelin-embed-ffi v0.4.2 (/Users/aghatage/Documents/code/zeppelin-embed-wt-ze-44/crates/zeppelin-embed-ffi)
   Compiling zeppelin-embed-workspace-tests v0.4.2 (/Users/aghatage/Documents/code/zeppelin-embed-wt-ze-44/tests)
    Finished `test` profile [unoptimized + debuginfo] target(s) in 23.36s
────────────
 Nextest run ID dca914fc-390f-46c2-bbe4-336a8e969896 with nextest profile: default
    Starting 4 tests across 1 binary (465 tests skipped)
        PASS [   0.030s] (1/4) zeppelin-embed-workspace-tests::adversarial_tests property_graph_adjacency_probe_checks_edges_faults_and_comparator_controls
        PASS [   3.991s] (2/4) zeppelin-embed-workspace-tests::adversarial_tests one_runner_episode_reaches_required_adjacency_contracts
        PASS [   3.991s] (3/4) zeppelin-embed-workspace-tests::adversarial_tests one_runner_episode_reaches_required_native_directory_contracts
        PASS [   5.814s] (4/4) zeppelin-embed-workspace-tests::adversarial_tests property_graph_directories_probe_checks_native_roots_and_independent_history
────────────
     Summary [   5.815s] 4 tests run: 4 passed, 465 skipped
