   Compiling zeppelin-embed v0.4.2 (/Users/aghatage/Documents/code/zeppelin-embed-wt-ze-44/crates/zeppelin-embed)
    Finished `test` profile [unoptimized + debuginfo] target(s) in 0.37s
────────────
 Nextest run ID bd8b519b-9d23-4eb5-95fb-574bfdad21f9 with nextest profile: default
    Starting 7 tests across 1 binary (1 test skipped)
        PASS [   0.027s] (1/7) zeppelin-embed::graph_storage_prepare authentic_staged_batch_prepares_native_directories_inside_one_memory_owner
        PASS [   0.098s] (2/7) zeppelin-embed::graph_storage_prepare authentic_native_graph_candidate_pairs_same_batch_self_and_parallel_edges
        PASS [   0.123s] (3/7) zeppelin-embed::graph_storage_prepare native_adjacency::actual_native_producer_consolidates_before_ninth_run
        PASS [   0.040s] (4/7) zeppelin-embed::graph_storage_prepare staged_updates_detach_delete_and_recreate_preserve_old_roots_and_permanent_fences
        PASS [   0.468s] (5/7) zeppelin-embed::graph_storage_prepare native_index_preparation_sorts_chunk_spanning_arrays_in_the_shared_participant
        PASS [   1.723s] (6/7) zeppelin-embed::graph_storage_prepare native_adjacency::actual_native_producer_refuses_large_batch_at_unchanged_work_limit
        PASS [  24.255s] (7/7) zeppelin-embed::graph_storage_prepare native_adjacency::actual_native_producer_consolidates_before_2049_pending_entries
────────────
     Summary [  24.255s] 7 tests run: 7 passed, 1 skipped
        PASS [   0.027s] (1/7) zeppelin-embed::graph_storage_prepare authentic_staged_batch_prepares_native_directories_inside_one_memory_owner
  stdout ───

    running 1 test
    test authentic_staged_batch_prepares_native_directories_inside_one_memory_owner ... ok

    test result: ok. 1 passed; 0 failed; 0 ignored; 0 measured; 7 filtered out; finished in 0.02s


        PASS [   0.098s] (2/7) zeppelin-embed::graph_storage_prepare authentic_native_graph_candidate_pairs_same_batch_self_and_parallel_edges
  stdout ───

    running 1 test
    test authentic_native_graph_candidate_pairs_same_batch_self_and_parallel_edges ... ok

    test result: ok. 1 passed; 0 failed; 0 ignored; 0 measured; 7 filtered out; finished in 0.09s


        PASS [   0.123s] (3/7) zeppelin-embed::graph_storage_prepare native_adjacency::actual_native_producer_consolidates_before_ninth_run
  stdout ───

    running 1 test
    test native_adjacency::actual_native_producer_consolidates_before_ninth_run ... ok

    test result: ok. 1 passed; 0 failed; 0 ignored; 0 measured; 7 filtered out; finished in 0.11s

  stderr ───
    history generation=1 edges=1 count=1 packs=2 work=1679529 storage_peak=2143584 shared=1468225
    history generation=2 edges=2 count=1 packs=2 work=1434850 storage_peak=2143584 shared=1537068
    history generation=3 edges=3 count=1 packs=2 work=1437868 storage_peak=2143584 shared=1606385
    history generation=4 edges=4 count=1 packs=2 work=1440950 storage_peak=2143584 shared=1676272
    history generation=5 edges=5 count=1 packs=2 work=1444096 storage_peak=2143584 shared=1746729
    history generation=6 edges=6 count=1 packs=2 work=1447306 storage_peak=2143584 shared=1817756
    history generation=7 edges=7 count=1 packs=2 work=1450580 storage_peak=2143584 shared=1889353
    history generation=8 edges=8 count=1 packs=2 work=1453918 storage_peak=2143584 shared=1961520
    history generation=9 edges=9 count=1 packs=2 work=1461798 storage_peak=2143584 shared=2034753

        PASS [   0.040s] (4/7) zeppelin-embed::graph_storage_prepare staged_updates_detach_delete_and_recreate_preserve_old_roots_and_permanent_fences
  stdout ───

    running 1 test
    test staged_updates_detach_delete_and_recreate_preserve_old_roots_and_permanent_fences ... ok

    test result: ok. 1 passed; 0 failed; 0 ignored; 0 measured; 7 filtered out; finished in 0.03s


        PASS [   0.468s] (5/7) zeppelin-embed::graph_storage_prepare native_index_preparation_sorts_chunk_spanning_arrays_in_the_shared_participant
  stdout ───

    running 1 test
    test native_index_preparation_sorts_chunk_spanning_arrays_in_the_shared_participant ... ZE43 chunk-spanning indexes labels=2048 properties=2048 canonical_bytes=71705 native_bytes=65680 participant_peak=879696 work=54075056
    ok

    test result: ok. 1 passed; 0 failed; 0 ignored; 0 measured; 7 filtered out; finished in 0.46s


        PASS [   1.723s] (6/7) zeppelin-embed::graph_storage_prepare native_adjacency::actual_native_producer_refuses_large_batch_at_unchanged_work_limit
  stdout ───

    running 1 test
    test native_adjacency::actual_native_producer_refuses_large_batch_at_unchanged_work_limit ... ok

    test result: ok. 1 passed; 0 failed; 0 ignored; 0 measured; 7 filtered out; finished in 1.71s

  stderr ───
    2049 incoming: storage_peak=15320115 writer=16240940 shared=16241012 packs=28 result=Err(Work)

        PASS [  24.255s] (7/7) zeppelin-embed::graph_storage_prepare native_adjacency::actual_native_producer_consolidates_before_2049_pending_entries
  stdout ───

    running 1 test
    test native_adjacency::actual_native_producer_consolidates_before_2049_pending_entries ... ok

    test result: ok. 1 passed; 0 failed; 0 ignored; 0 measured; 7 filtered out; finished in 24.24s

  stderr ───
    history generation=1 edges=300 count=300 packs=28 work=195793127 storage_peak=16142400 shared=17406342
    history generation=2 edges=600 count=300 packs=43 work=255364982 storage_peak=24191040 shared=28712228
    history generation=3 edges=900 count=300 packs=43 work=260194512 storage_peak=24191040 shared=32750066
    history generation=4 edges=1200 count=300 packs=43 work=260155825 storage_peak=24191040 shared=36433072
    history generation=5 edges=1500 count=300 packs=43 work=262323092 storage_peak=24191040 shared=40286982
    history generation=6 edges=1800 count=300 packs=43 work=264081021 storage_peak=24191040 shared=44837820
    history generation=7 edges=2048 count=248 packs=36 work=217738221 storage_peak=24191040 shared=44355318
    history generation=8 edges=2049 count=1 packs=2 work=6239472 storage_peak=24191040 shared=27385303

