   Compiling zeppelin-embed v0.4.2 (/Users/aghatage/Documents/code/zeppelin-embed-wt-ze-44/crates/zeppelin-embed)
    Finished `test` profile [unoptimized + debuginfo] target(s) in 0.69s
────────────
 Nextest run ID e48cb9e8-49b5-4eeb-8d70-0bf341d3df70 with nextest profile: default
    Starting 1 test across 1 binary (30 tests skipped)
        FAIL [   0.015s] (1/1) zeppelin-embed::graph_directories predecessor_rejects_malformed_probe_even_on_empty_root
  stdout ───

    running 1 test
    test predecessor_rejects_malformed_probe_even_on_empty_root ... FAILED

    failures:

    failures:
        predecessor_rejects_malformed_probe_even_on_empty_root

    test result: FAILED. 0 passed; 1 failed; 0 ignored; 0 measured; 30 filtered out; finished in 0.00s

  stderr ───

    thread 'predecessor_rejects_malformed_probe_even_on_empty_root' (34998555) panicked at crates/zeppelin-embed/tests/graph_directories.rs:154:5:
    empty roots must validate the same probe as populated roots
    note: run with `RUST_BACKTRACE=1` environment variable to display a backtrace

────────────
     Summary [   0.016s] 1 test run: 0 passed, 1 failed, 30 skipped
        FAIL [   0.015s] (1/1) zeppelin-embed::graph_directories predecessor_rejects_malformed_probe_even_on_empty_root
  stdout ───

    running 1 test
    test predecessor_rejects_malformed_probe_even_on_empty_root ... FAILED

    failures:

    failures:
        predecessor_rejects_malformed_probe_even_on_empty_root

    test result: FAILED. 0 passed; 1 failed; 0 ignored; 0 measured; 30 filtered out; finished in 0.00s

  stderr ───

    thread 'predecessor_rejects_malformed_probe_even_on_empty_root' (34998555) panicked at crates/zeppelin-embed/tests/graph_directories.rs:154:5:
    empty roots must validate the same probe as populated roots
    note: run with `RUST_BACKTRACE=1` environment variable to display a backtrace

error: test run failed
