   Compiling zeppelin-embed v0.4.2 (/Users/aghatage/Documents/code/zeppelin-embed-wt-ze-44/crates/zeppelin-embed)
    Finished `test` profile [unoptimized + debuginfo] target(s) in 0.42s
────────────
 Nextest run ID f8003394-9e05-491f-8b57-bbaa0d31ef90 with nextest profile: default
    Starting 1 test across 1 binary (7 tests skipped)
        FAIL [   4.015s] (1/1) zeppelin-embed::graph_storage_prepare native_adjacency::actual_native_producer_consolidates_before_2049_pending_entries
────────────
     Summary [   4.015s] 1 test run: 0 passed, 1 failed, 7 skipped
        FAIL [   4.015s] (1/1) zeppelin-embed::graph_storage_prepare native_adjacency::actual_native_producer_consolidates_before_2049_pending_entries
  stdout ───

    running 1 test
    test native_adjacency::actual_native_producer_consolidates_before_2049_pending_entries ... FAILED

    failures:

    failures:
        native_adjacency::actual_native_producer_consolidates_before_2049_pending_entries

    test result: FAILED. 0 passed; 1 failed; 0 ignored; 0 measured; 7 filtered out; finished in 4.00s

  stderr ───
    history generation=1 edges=300 count=300 packs=24 work=178887852 storage_peak=13980736 shared=25433798

    thread 'native_adjacency::actual_native_producer_consolidates_before_2049_pending_entries' (35112557) panicked at crates/zeppelin-embed/tests/graph_storage_prepare/native_adjacency.rs:198:197:
    called `Result::unwrap()` on an `Err` value: Work
    note: run with `RUST_BACKTRACE=1` environment variable to display a backtrace

error: test run failed
