   Compiling zeppelin-embed-ffi v0.4.2 (/Users/aghatage/Documents/code/zeppelin-embed-wt-ze-141/crates/zeppelin-embed-ffi)
   Compiling zeppelin-embed-workspace-tests v0.4.2 (/Users/aghatage/Documents/code/zeppelin-embed-wt-ze-141/tests)
    Finished `test` profile [unoptimized + debuginfo] target(s) in 2.08s
────────────
 Nextest run ID acefe709-78d2-4590-81c0-0523d3820e10 with nextest profile: default
    Starting 1 test across 1 binary (474 tests skipped)
        FAIL [   0.021s] (1/1) zeppelin-embed-workspace-tests::adversarial_tests property_graph_native_response_probe_checks_conversion_and_paired_faults
  stdout ───

    running 1 test
    test property_graph_native_response_probe_checks_conversion_and_paired_faults ... FAILED

    failures:

    failures:
        property_graph_native_response_probe_checks_conversion_and_paired_faults

    test result: FAILED. 0 passed; 1 failed; 0 ignored; 0 measured; 474 filtered out; finished in 0.01s

  stderr ───

    thread 'property_graph_native_response_probe_checks_conversion_and_paired_faults' (35749949) panicked at tests/adversarial_tests.rs:19072:14:
    PG16 native conversion and independent primitive oracle: "PG16 unproved Allocation(1): refusal=Accepted matches=0 fires=0 charge_restored=true clean=false"
    note: run with `RUST_BACKTRACE=1` environment variable to display a backtrace

────────────
     Summary [   0.022s] 1 test run: 0 passed, 1 failed, 474 skipped
        FAIL [   0.021s] (1/1) zeppelin-embed-workspace-tests::adversarial_tests property_graph_native_response_probe_checks_conversion_and_paired_faults
  stdout ───

    running 1 test
    test property_graph_native_response_probe_checks_conversion_and_paired_faults ... FAILED

    failures:

    failures:
        property_graph_native_response_probe_checks_conversion_and_paired_faults

    test result: FAILED. 0 passed; 1 failed; 0 ignored; 0 measured; 474 filtered out; finished in 0.01s

  stderr ───

    thread 'property_graph_native_response_probe_checks_conversion_and_paired_faults' (35749949) panicked at tests/adversarial_tests.rs:19072:14:
    PG16 native conversion and independent primitive oracle: "PG16 unproved Allocation(1): refusal=Accepted matches=0 fires=0 charge_restored=true clean=false"
    note: run with `RUST_BACKTRACE=1` environment variable to display a backtrace

error: test run failed
