   Compiling zeppelin-embed-ffi v0.4.2 (/Users/aghatage/Documents/code/zeppelin-embed-wt-ze-141/crates/zeppelin-embed-ffi)
warning: unused variable: `bits`
   --> crates/zeppelin-embed-ffi/src/graph_result/conversion.rs:349:20
    |
349 |         Value::F64(bits) => {
    |                    ^^^^ help: if this is intentional, prefix it with an underscore: `_bits`
    |
    = note: `#[warn(unused_variables)]` (part of `#[warn(unused)]`) on by default

warning: `zeppelin-embed-ffi` (lib test) generated 1 warning (run `cargo fix --lib -p zeppelin-embed-ffi --tests` to apply 1 suggestion)
    Finished `test` profile [unoptimized + debuginfo] target(s) in 0.49s
────────────
 Nextest run ID 6381922d-db3e-4aa2-8b21-09de171d4f50 with nextest profile: default
    Starting 1 test across 1 binary (33 tests skipped)
        FAIL [   0.012s] (1/1) zeppelin-embed-ffi graph_result::conversion::tests::graph_result_native_all_pools_match_literal_field_oracle
  stdout ───

    running 1 test
    test graph_result::conversion::tests::graph_result_native_all_pools_match_literal_field_oracle ... FAILED

    failures:

    failures:
        graph_result::conversion::tests::graph_result_native_all_pools_match_literal_field_oracle

    test result: FAILED. 0 passed; 1 failed; 0 ignored; 0 measured; 33 filtered out; finished in 0.00s

  stderr ───

    thread 'graph_result::conversion::tests::graph_result_native_all_pools_match_literal_field_oracle' (35736713) panicked at crates/zeppelin-embed-ffi/src/graph_result/conversion/tests.rs:444:9:
    assertion `left == right` failed
      left: 0
     right: 9223372036854775808
    note: run with `RUST_BACKTRACE=1` environment variable to display a backtrace

────────────
     Summary [   0.013s] 1 test run: 0 passed, 1 failed, 33 skipped
        FAIL [   0.012s] (1/1) zeppelin-embed-ffi graph_result::conversion::tests::graph_result_native_all_pools_match_literal_field_oracle
  stdout ───

    running 1 test
    test graph_result::conversion::tests::graph_result_native_all_pools_match_literal_field_oracle ... FAILED

    failures:

    failures:
        graph_result::conversion::tests::graph_result_native_all_pools_match_literal_field_oracle

    test result: FAILED. 0 passed; 1 failed; 0 ignored; 0 measured; 33 filtered out; finished in 0.00s

  stderr ───

    thread 'graph_result::conversion::tests::graph_result_native_all_pools_match_literal_field_oracle' (35736713) panicked at crates/zeppelin-embed-ffi/src/graph_result/conversion/tests.rs:444:9:
    assertion `left == right` failed
      left: 0
     right: 9223372036854775808
    note: run with `RUST_BACKTRACE=1` environment variable to display a backtrace

error: test run failed
