   Compiling zeppelin-embed-ffi v0.4.2 (/Users/aghatage/Documents/code/zeppelin-embed-wt-ze-141/crates/zeppelin-embed-ffi)
    Finished `test` profile [unoptimized + debuginfo] target(s) in 0.50s
────────────
 Nextest run ID 8fdf672b-c89c-4e6d-ada0-d9b688179b46 with nextest profile: default
    Starting 1 test across 1 binary (34 tests skipped)
        FAIL [   0.011s] (1/1) zeppelin-embed-ffi graph_result::conversion::tests::graph_result_native_all_pools_match_literal_field_oracle
  stdout ───

    running 1 test
    test graph_result::conversion::tests::graph_result_native_all_pools_match_literal_field_oracle ... FAILED

    failures:

    failures:
        graph_result::conversion::tests::graph_result_native_all_pools_match_literal_field_oracle

    test result: FAILED. 0 passed; 1 failed; 0 ignored; 0 measured; 34 filtered out; finished in 0.00s

  stderr ───

    thread 'graph_result::conversion::tests::graph_result_native_all_pools_match_literal_field_oracle' (35811454) panicked at crates/zeppelin-embed-ffi/src/graph_result/conversion/tests.rs:490:9:
    assertion `left == right` failed
      left: (0, 7)
     right: (1, 7)
    note: run with `RUST_BACKTRACE=1` environment variable to display a backtrace

────────────
     Summary [   0.011s] 1 test run: 0 passed, 1 failed, 34 skipped
        FAIL [   0.011s] (1/1) zeppelin-embed-ffi graph_result::conversion::tests::graph_result_native_all_pools_match_literal_field_oracle
  stdout ───

    running 1 test
    test graph_result::conversion::tests::graph_result_native_all_pools_match_literal_field_oracle ... FAILED

    failures:

    failures:
        graph_result::conversion::tests::graph_result_native_all_pools_match_literal_field_oracle

    test result: FAILED. 0 passed; 1 failed; 0 ignored; 0 measured; 34 filtered out; finished in 0.00s

  stderr ───

    thread 'graph_result::conversion::tests::graph_result_native_all_pools_match_literal_field_oracle' (35811454) panicked at crates/zeppelin-embed-ffi/src/graph_result/conversion/tests.rs:490:9:
    assertion `left == right` failed
      left: (0, 7)
     right: (1, 7)
    note: run with `RUST_BACKTRACE=1` environment variable to display a backtrace

error: test run failed
