   Compiling zeppelin-embed-ffi v0.4.2 (/Users/aghatage/Documents/code/zeppelin-embed-wt-ze-141/crates/zeppelin-embed-ffi)
warning: unused variable: `peak_query_bytes`
   --> crates/zeppelin-embed-ffi/src/graph_result/conversion.rs:208:47
    |
208 |     fn finalize(self, counters: WorkCounters, peak_query_bytes: usize) {
    |                                               ^^^^^^^^^^^^^^^^ help: if this is intentional, prefix it with an underscore: `_peak_query_bytes`
    |
    = note: `#[warn(unused_variables)]` (part of `#[warn(unused)]`) on by default

warning: `zeppelin-embed-ffi` (lib test) generated 1 warning (run `cargo fix --lib -p zeppelin-embed-ffi --tests` to apply 1 suggestion)
    Finished `test` profile [unoptimized + debuginfo] target(s) in 0.49s
────────────
 Nextest run ID 2b503eaf-0718-421b-833c-5718ca3ac4f8 with nextest profile: default
    Starting 1 test across 1 binary (33 tests skipped)
        FAIL [   0.014s] (1/1) zeppelin-embed-ffi graph_result::conversion::tests::graph_result_native_driver_finalizes_all_23_exact_counters
  stdout ───

    running 1 test
    test graph_result::conversion::tests::graph_result_native_driver_finalizes_all_23_exact_counters ... FAILED

    failures:

    failures:
        graph_result::conversion::tests::graph_result_native_driver_finalizes_all_23_exact_counters

    test result: FAILED. 0 passed; 1 failed; 0 ignored; 0 measured; 33 filtered out; finished in 0.00s

  stderr ───

    thread 'graph_result::conversion::tests::graph_result_native_driver_finalizes_all_23_exact_counters' (35742457) panicked at crates/zeppelin-embed-ffi/src/graph_result/conversion/tests.rs:1249:9:
    assertion `left == right` failed
      left: (22, 0)
     right: (22, 165400)
    note: run with `RUST_BACKTRACE=1` environment variable to display a backtrace

────────────
     Summary [   0.015s] 1 test run: 0 passed, 1 failed, 33 skipped
        FAIL [   0.014s] (1/1) zeppelin-embed-ffi graph_result::conversion::tests::graph_result_native_driver_finalizes_all_23_exact_counters
  stdout ───

    running 1 test
    test graph_result::conversion::tests::graph_result_native_driver_finalizes_all_23_exact_counters ... FAILED

    failures:

    failures:
        graph_result::conversion::tests::graph_result_native_driver_finalizes_all_23_exact_counters

    test result: FAILED. 0 passed; 1 failed; 0 ignored; 0 measured; 33 filtered out; finished in 0.00s

  stderr ───

    thread 'graph_result::conversion::tests::graph_result_native_driver_finalizes_all_23_exact_counters' (35742457) panicked at crates/zeppelin-embed-ffi/src/graph_result/conversion/tests.rs:1249:9:
    assertion `left == right` failed
      left: (22, 0)
     right: (22, 165400)
    note: run with `RUST_BACKTRACE=1` environment variable to display a backtrace

error: test run failed
