   Compiling zeppelin-embed-ffi v0.4.2 (/Users/aghatage/Documents/code/zeppelin-embed-wt-ze-141/crates/zeppelin-embed-ffi)
    Finished `test` profile [unoptimized + debuginfo] target(s) in 0.66s
────────────
 Nextest run ID 60583622-a94f-45ac-be85-311464e20bf6 with nextest profile: default
    Starting 1 test across 1 binary (34 tests skipped)
        FAIL [   0.010s] (1/1) zeppelin-embed-ffi graph_result::conversion::tests::graph_result_native_geometry_limits_and_real_overlap_reject
  stdout ───

    running 1 test
    test graph_result::conversion::tests::graph_result_native_geometry_limits_and_real_overlap_reject ... FAILED

    failures:

    failures:
        graph_result::conversion::tests::graph_result_native_geometry_limits_and_real_overlap_reject

    test result: FAILED. 0 passed; 1 failed; 0 ignored; 0 measured; 34 filtered out; finished in 0.00s

  stderr ───

    thread 'graph_result::conversion::tests::graph_result_native_geometry_limits_and_real_overlap_reject' (35820139) panicked at crates/zeppelin-embed-ffi/src/graph_result/conversion/tests.rs:1394:9:
    assertion failed: owner.reserved_bytes() > owner.allocation_bytes()
    note: run with `RUST_BACKTRACE=1` environment variable to display a backtrace

────────────
     Summary [   0.010s] 1 test run: 0 passed, 1 failed, 34 skipped
        FAIL [   0.010s] (1/1) zeppelin-embed-ffi graph_result::conversion::tests::graph_result_native_geometry_limits_and_real_overlap_reject
  stdout ───

    running 1 test
    test graph_result::conversion::tests::graph_result_native_geometry_limits_and_real_overlap_reject ... FAILED

    failures:

    failures:
        graph_result::conversion::tests::graph_result_native_geometry_limits_and_real_overlap_reject

    test result: FAILED. 0 passed; 1 failed; 0 ignored; 0 measured; 34 filtered out; finished in 0.00s

  stderr ───

    thread 'graph_result::conversion::tests::graph_result_native_geometry_limits_and_real_overlap_reject' (35820139) panicked at crates/zeppelin-embed-ffi/src/graph_result/conversion/tests.rs:1394:9:
    assertion failed: owner.reserved_bytes() > owner.allocation_bytes()
    note: run with `RUST_BACKTRACE=1` environment variable to display a backtrace

error: test run failed
