warning: ignoring --test-threads because --no-capture is specified
   Compiling zeppelin-embed-ffi v0.4.2 (/Users/aghatage/Documents/code/zeppelin-embed-wt-ze-141/crates/zeppelin-embed-ffi)
    Finished `test` profile [unoptimized + debuginfo] target(s) in 0.60s
────────────
 Nextest run ID ac13b0d2-405b-4ae6-bcb6-6804d16db8cd with nextest profile: default
    Starting 1 test across 1 binary (34 tests skipped)
       START [         ] (1/1) zeppelin-embed-ffi graph_result::conversion::tests::graph_result_native_reports_receipts_outcomes_are_lossless

running 1 test
test graph_result::conversion::tests::graph_result_native_reports_receipts_outcomes_are_lossless ...
thread 'graph_result::conversion::tests::graph_result_native_reports_receipts_outcomes_are_lossless' (35809323) panicked at crates/zeppelin-embed-ffi/src/graph_result/conversion/tests.rs:1111:13:
assertion failed: matches!(prepare_native(&REGISTRY, &malformed, context),
    Err(ConversionError::Completed(CompletedError::Shape)))
note: run with `RUST_BACKTRACE=1` environment variable to display a backtrace
FAILED

failures:

failures:
    graph_result::conversion::tests::graph_result_native_reports_receipts_outcomes_are_lossless

test result: FAILED. 0 passed; 1 failed; 0 ignored; 0 measured; 34 filtered out; finished in 0.00s

        FAIL [   0.016s] (1/1) zeppelin-embed-ffi graph_result::conversion::tests::graph_result_native_reports_receipts_outcomes_are_lossless
────────────
     Summary [   0.017s] 1 test run: 0 passed, 1 failed, 34 skipped
        FAIL [   0.016s] (1/1) zeppelin-embed-ffi graph_result::conversion::tests::graph_result_native_reports_receipts_outcomes_are_lossless
error: test run failed
