    Blocking waiting for file lock on package cache
    Blocking waiting for file lock on package cache
    Blocking waiting for file lock on package cache
    Blocking waiting for file lock on artifact directory
   Compiling zeppelin-embed-ffi v0.4.2 (/Users/aghatage/Documents/code/zeppelin-embed/crates/zeppelin-embed-ffi)
   Compiling zeppelin-embed-workspace-tests v0.4.2 (/Users/aghatage/Documents/code/zeppelin-embed/tests)
    Finished `test` profile [unoptimized + debuginfo] target(s) in 33.58s
────────────
 Nextest run ID 8c0164da-e10b-4475-8427-2f0a6c78da5d with nextest profile: default
    Starting 1 test across 1 binary (465 tests skipped)
        PASS [   0.008s] (1/1) zeppelin-embed-workspace-tests::adversarial_tests graph_response_runner_keys_are_absent_without_graph_feature
  stdout ───

    running 1 test
    test graph_response_runner_keys_are_absent_without_graph_feature ... ok

    test result: ok. 1 passed; 0 failed; 0 ignored; 0 measured; 465 filtered out; finished in 0.00s


────────────
     Summary [   0.008s] 1 test run: 1 passed, 465 skipped
        PASS [   0.008s] (1/1) zeppelin-embed-workspace-tests::adversarial_tests graph_response_runner_keys_are_absent_without_graph_feature
  stdout ───

    running 1 test
    test graph_response_runner_keys_are_absent_without_graph_feature ... ok

    test result: ok. 1 passed; 0 failed; 0 ignored; 0 measured; 465 filtered out; finished in 0.00s


