    Blocking waiting for file lock on package cache
    Blocking waiting for file lock on package cache
    Blocking waiting for file lock on package cache
    Blocking waiting for file lock on package cache
    Blocking waiting for file lock on package cache
    Blocking waiting for file lock on package cache
    Blocking waiting for file lock on artifact directory
   Compiling zeppelin-embed-ffi v0.4.2 (/Users/aghatage/Documents/code/zeppelin-embed/crates/zeppelin-embed-ffi)
   Compiling zeppelin-embed-workspace-tests v0.4.2 (/Users/aghatage/Documents/code/zeppelin-embed/tests)
    Finished `test` profile [unoptimized + debuginfo] target(s) in 37.37s
────────────
 Nextest run ID 437cc134-9444-4e2d-9dd3-d4b62fbcc390 with nextest profile: default
    Starting 2 tests across 1 binary (465 tests skipped)
        PASS [   0.042s] (1/2) zeppelin-embed-workspace-tests::adversarial_tests property_graph_response_probe_checks_real_owners_and_paired_faults
  stdout ───

    running 1 test
    test property_graph_response_probe_checks_real_owners_and_paired_faults ... ok

    test result: ok. 1 passed; 0 failed; 0 ignored; 0 measured; 466 filtered out; finished in 0.03s

  stderr ───
    PG16 seed=0 ProbeReport { cases: 16, fault_fires: 6, clean_controls: 6 }
    PG16 seed=1 ProbeReport { cases: 16, fault_fires: 6, clean_controls: 6 }
    PG16 seed=128 ProbeReport { cases: 16, fault_fires: 6, clean_controls: 6 }
    PG16 seed=18446744073709551615 ProbeReport { cases: 16, fault_fires: 6, clean_controls: 6 }

        PASS [   0.443s] (2/2) zeppelin-embed-workspace-tests::adversarial_tests one_runner_episode_reaches_required_graph_response_contracts
  stdout ───

    running 1 test
    test one_runner_episode_reaches_required_graph_response_contracts ... ok

    test result: ok. 1 passed; 0 failed; 0 ignored; 0 measured; 466 filtered out; finished in 0.43s

  stderr ───
    PG16 actual runner seed=128 operations=58 violations=0

────────────
     Summary [   0.444s] 2 tests run: 2 passed, 465 skipped
        PASS [   0.042s] (1/2) zeppelin-embed-workspace-tests::adversarial_tests property_graph_response_probe_checks_real_owners_and_paired_faults
  stdout ───

    running 1 test
    test property_graph_response_probe_checks_real_owners_and_paired_faults ... ok

    test result: ok. 1 passed; 0 failed; 0 ignored; 0 measured; 466 filtered out; finished in 0.03s

  stderr ───
    PG16 seed=0 ProbeReport { cases: 16, fault_fires: 6, clean_controls: 6 }
    PG16 seed=1 ProbeReport { cases: 16, fault_fires: 6, clean_controls: 6 }
    PG16 seed=128 ProbeReport { cases: 16, fault_fires: 6, clean_controls: 6 }
    PG16 seed=18446744073709551615 ProbeReport { cases: 16, fault_fires: 6, clean_controls: 6 }

        PASS [   0.443s] (2/2) zeppelin-embed-workspace-tests::adversarial_tests one_runner_episode_reaches_required_graph_response_contracts
  stdout ───

    running 1 test
    test one_runner_episode_reaches_required_graph_response_contracts ... ok

    test result: ok. 1 passed; 0 failed; 0 ignored; 0 measured; 466 filtered out; finished in 0.43s

  stderr ───
    PG16 actual runner seed=128 operations=58 violations=0

