SOURCE_COMMIT_COMMAND: git rev-parse HEAD
SOURCE_COMMIT_EXIT: 0
SOURCE_COMMIT_OUTPUT: d406d34f354ca617e360ca0b46d56d85c38bd76c
WORKTREE_COMMAND: git worktree add --detach /tmp/ze-140-base-adversarial d406d34f354ca617e360ca0b46d56d85c38bd76c
WORKTREE_EXIT: 0
WORKTREE_OUTPUT_BEGIN
Preparing worktree (detached HEAD d406d34)
HEAD is now at d406d34 ZE-138: close search lowering evidence gaps
WORKTREE_OUTPUT_END
TEST_COMMAND: env NEXTEST_RETRIES=0 cargo nextest run -j 4 --status-level fail --final-status-level fail -p zeppelin-embed-workspace-tests --features graph-cypher --test adversarial_tests -E 'test(=property_graph_binding_probe_preserves_profile_types_and_faults) | test(=property_graph_lowering_probe_checks_complete_plans_and_inflight_faults) | test(=property_graph_search_lowering_probe_checks_typed_plans_and_inflight_faults)'
TEST_EXIT: 0
TEST_OUTPUT_BEGIN
   Compiling libc v0.2.189
   Compiling getrandom v0.3.4
   Compiling cfg-if v1.0.4
   Compiling zerocopy v0.8.52
   Compiling rustix v1.1.3
   Compiling bytemuck v1.25.2
   Compiling bitflags v2.13.1
   Compiling byteorder v1.5.0
   Compiling once_cell v1.21.4
   Compiling autocfg v1.5.1
   Compiling xxhash-rust v0.8.18
   Compiling fastrand v2.4.1
   Compiling serde_core v1.0.229
   Compiling zmij v1.0.23
   Compiling serde_json v1.0.151
   Compiling memchr v2.8.3
   Compiling fnv v1.0.7
   Compiling bit-vec v0.8.0
   Compiling zeppelin-embed-bench v0.4.2 (/private/tmp/ze-140-base-adversarial/crates/zeppelin-embed-bench)
   Compiling quick-error v1.2.3
   Compiling itoa v1.0.18
   Compiling roaring v0.10.12
   Compiling unarray v0.1.4
   Compiling regex-syntax v0.8.11
   Compiling zeppelin-embed-adversarial-oracle v0.4.2 (/private/tmp/ze-140-base-adversarial/tests/adversarial-oracle)
   Compiling bit-set v0.8.0
   Compiling num-traits v0.2.19
   Compiling errno v0.3.14
   Compiling wait-timeout v0.2.1
   Compiling rand_core v0.9.5
   Compiling zeppelin-embed v0.4.2 (/private/tmp/ze-140-base-adversarial/crates/zeppelin-embed)
   Compiling rand_xorshift v0.4.0
   Compiling tempfile v3.25.0
   Compiling rusty-fork v0.3.1
   Compiling ppv-lite86 v0.2.21
   Compiling rand_chacha v0.9.0
   Compiling rand v0.9.5
   Compiling proptest v1.10.0
   Compiling zeppelin-embed-cypher v0.4.2 (/private/tmp/ze-140-base-adversarial/crates/zeppelin-embed-cypher)
   Compiling zeppelin-embed-ffi v0.4.2 (/private/tmp/ze-140-base-adversarial/crates/zeppelin-embed-ffi)
   Compiling zeppelin-embed-workspace-tests v0.4.2 (/private/tmp/ze-140-base-adversarial/tests)
    Finished `test` profile [unoptimized + debuginfo] target(s) in 23.35s
────────────
 Nextest run ID 327b754a-0763-4db9-a8c5-2f5ec0f29ee3 with nextest profile: default
    Starting 3 tests across 1 binary (472 tests skipped)
────────────
     Summary [   0.069s] 3 tests run: 3 passed, 472 skipped
TEST_OUTPUT_END
WORKTREE_REMOVE_COMMAND: git worktree remove /tmp/ze-140-base-adversarial
WORKTREE_REMOVE_EXIT: 0
