===== COMMAND 1: core-plan =====
COMMAND: env NEXTEST_RETRIES=0 cargo nextest run -j 4 --status-level fail --final-status-level fail -p zeppelin-embed --features graph-cypher --test graph_query_plan
EXPECTED_EXIT: 0
RAW_OUTPUT_BEGIN
    Finished `test` profile [unoptimized + debuginfo] target(s) in 0.03s
────────────
 Nextest run ID 606c2446-b18d-4376-9f9e-d64d75f88a3a with nextest profile: default
    Starting 27 tests across 1 binary
────────────
     Summary [   0.050s] 27 tests run: 27 passed, 0 skipped
RAW_OUTPUT_END
EXIT_CODE: 0
OUTPUT_SHA256: 51895e4c6b4ac058e88feb1d6ebab9f9143a0ab8d734f926d7db5ca6af262b17
REQUIRED_OUTPUT_OBSERVED: True
COMMAND_PASSED: True

===== COMMAND 2: compiler =====
COMMAND: env NEXTEST_RETRIES=0 cargo nextest run -j 4 --status-level fail --final-status-level fail -p zeppelin-embed-cypher --test binding --test mutation_lowering --test read_lowering --test lowering_semantics --test search_lowering --test lowering_allocation --test runtime_lowering
EXPECTED_EXIT: 0
RAW_OUTPUT_BEGIN
   Compiling zeppelin-embed-cypher v0.4.2 (/Users/aghatage/Documents/code/zeppelin-embed-wt-ze-140/crates/zeppelin-embed-cypher)
    Finished `test` profile [unoptimized + debuginfo] target(s) in 0.76s
────────────
 Nextest run ID 55c285f7-d71a-4e5a-a7cf-30d48a3832b7 with nextest profile: default
    Starting 69 tests across 7 binaries
────────────
     Summary [   0.736s] 69 tests run: 69 passed, 0 skipped
RAW_OUTPUT_END
EXIT_CODE: 0
OUTPUT_SHA256: 73ed97a4a8ac4758042c7e02d0bfa8ffeba291ba05d2290cf8d2421ef1cf1b9e
REQUIRED_OUTPUT_OBSERVED: True
COMMAND_PASSED: True

===== COMMAND 3: graph-adversarial =====
COMMAND: env NEXTEST_RETRIES=0 cargo nextest run -j 4 --status-level fail --final-status-level fail -p zeppelin-embed-workspace-tests --features graph-cypher --test adversarial_tests -E 'test(=property_graph_binding_probe_preserves_profile_types_and_faults) | test(=property_graph_lowering_probe_checks_complete_plans_and_inflight_faults) | test(=property_graph_search_lowering_probe_checks_typed_plans_and_inflight_faults) | test(=property_graph_mutation_lowering_probe_checks_typed_plans_and_inflight_faults) | test(=one_runner_episode_reaches_required_mutation_lowering_contracts) | test(=native_graph_runner_keys_are_active_with_graph_feature) | test(=graph_response_runner_keys_are_absent_without_test_hook)'
EXPECTED_EXIT: 0
RAW_OUTPUT_BEGIN
   Compiling zeppelin-embed-cypher v0.4.2 (/Users/aghatage/Documents/code/zeppelin-embed-wt-ze-140/crates/zeppelin-embed-cypher)
   Compiling zeppelin-embed-bench v0.4.2 (/Users/aghatage/Documents/code/zeppelin-embed-wt-ze-140/crates/zeppelin-embed-bench)
   Compiling zeppelin-embed-ffi v0.4.2 (/Users/aghatage/Documents/code/zeppelin-embed-wt-ze-140/crates/zeppelin-embed-ffi)
   Compiling zeppelin-embed-workspace-tests v0.4.2 (/Users/aghatage/Documents/code/zeppelin-embed-wt-ze-140/tests)
    Finished `test` profile [unoptimized + debuginfo] target(s) in 3.05s
────────────
 Nextest run ID 2aaa8376-f571-455b-854c-83c823b8fb0b with nextest profile: default
    Starting 7 tests across 1 binary (470 tests skipped)
────────────
     Summary [  20.164s] 7 tests run: 7 passed, 470 skipped
RAW_OUTPUT_END
EXIT_CODE: 0
OUTPUT_SHA256: 11a618836800c5bcdaec30c73dc6a6b4be68059295e1b5b75a8dbb4d1779abf4
REQUIRED_OUTPUT_OBSERVED: True
COMMAND_PASSED: True

===== COMMAND 4: hook-registry-controls =====
COMMAND: env NEXTEST_RETRIES=0 cargo nextest run -j 4 --status-level fail --final-status-level fail -p zeppelin-embed-workspace-tests --features graph-result-test-support --test adversarial_tests -E 'test(=native_graph_runner_keys_are_active_with_graph_feature) | test(=graph_response_runner_keys_are_active_with_test_hook)'
EXPECTED_EXIT: 0
RAW_OUTPUT_BEGIN
   Compiling zeppelin-embed-ffi v0.4.2 (/Users/aghatage/Documents/code/zeppelin-embed-wt-ze-140/crates/zeppelin-embed-ffi)
   Compiling zeppelin-embed-workspace-tests v0.4.2 (/Users/aghatage/Documents/code/zeppelin-embed-wt-ze-140/tests)
    Finished `test` profile [unoptimized + debuginfo] target(s) in 2.60s
────────────
 Nextest run ID 65cd86a3-4114-4dc1-bb6f-51c3b29beddd with nextest profile: default
    Starting 2 tests across 1 binary (477 tests skipped)
────────────
     Summary [   0.010s] 2 tests run: 2 passed, 477 skipped
RAW_OUTPUT_END
EXIT_CODE: 0
OUTPUT_SHA256: 225b426de428c92c18fd9da61f43b96c793e07676b434a6fbe88edc7ea4f00e7
REQUIRED_OUTPUT_OBSERVED: True
COMMAND_PASSED: True

===== COMMAND 5: no-graph-registry-control =====
COMMAND: env NEXTEST_RETRIES=0 cargo nextest run -j 4 --status-level fail --final-status-level fail -p zeppelin-embed-workspace-tests --no-default-features --test adversarial_tests -E 'test(=native_graph_runner_keys_are_absent_without_graph_feature)'
EXPECTED_EXIT: 0
RAW_OUTPUT_BEGIN
   Compiling zeppelin-embed-ffi v0.4.2 (/Users/aghatage/Documents/code/zeppelin-embed-wt-ze-140/crates/zeppelin-embed-ffi)
   Compiling zeppelin-embed-workspace-tests v0.4.2 (/Users/aghatage/Documents/code/zeppelin-embed-wt-ze-140/tests)
    Finished `test` profile [unoptimized + debuginfo] target(s) in 1.76s
────────────
 Nextest run ID 039ec089-8381-4789-804b-458997bee8e1 with nextest profile: default
    Starting 1 test across 1 binary (433 tests skipped)
────────────
     Summary [   0.014s] 1 test run: 1 passed, 433 skipped
RAW_OUTPUT_END
EXIT_CODE: 0
OUTPUT_SHA256: 11dfed8503dfefb8a03efecddfa3ac671494b3448775d571d4753f62d2dca8c8
REQUIRED_OUTPUT_OBSERVED: True
COMMAND_PASSED: True

===== COMMAND 6: documentation =====
COMMAND: cargo test -p zeppelin-embed-cypher --doc -- --test-threads=1
EXPECTED_EXIT: 0
RAW_OUTPUT_BEGIN
    Finished `test` profile [unoptimized + debuginfo] target(s) in 0.02s
   Doc-tests zeppelin_embed_cypher

running 1 test
test crates/zeppelin-embed-cypher/src/lowering/mutation.rs - lowering::mutation::compile_mutation_in (line 56) ... ok

test result: ok. 1 passed; 0 failed; 0 ignored; 0 measured; 0 filtered out; finished in 0.00s


running 5 tests
test crates/zeppelin-embed-cypher/src/binding.rs - binding::compile_with (line 148) - compile fail ... ok
test crates/zeppelin-embed-cypher/src/lowering/mutation.rs - lowering::mutation::compile_mutation_in (line 104) - compile fail ... ok
test crates/zeppelin-embed-cypher/src/lowering/mutation.rs - lowering::mutation::compile_mutation_in (line 70) - compile fail ... ok
test crates/zeppelin-embed-cypher/src/lowering/mutation.rs - lowering::mutation::compile_mutation_in (line 81) - compile fail ... ok
test crates/zeppelin-embed-cypher/src/lowering/mutation.rs - lowering::mutation::compile_mutation_in (line 93) - compile fail ... ok

test result: ok. 5 passed; 0 failed; 0 ignored; 0 measured; 0 filtered out; finished in 0.35s

all doctests ran in 0.77s; merged doctests compilation took 0.28s
RAW_OUTPUT_END
EXIT_CODE: 0
OUTPUT_SHA256: 3037d328abf9282de8333e18b0667f3882564259fdd2f71cebfd26c7ec8686ca
REQUIRED_OUTPUT_OBSERVED: True
COMMAND_PASSED: True

===== COMMAND 7: serial-compiler-isolation =====
COMMAND: cargo test -p zeppelin-embed-cypher --test mutation_lowering --test lowering_allocation --test runtime_lowering -- --test-threads=1
EXPECTED_EXIT: 0
RAW_OUTPUT_BEGIN
    Finished `test` profile [unoptimized + debuginfo] target(s) in 0.01s
     Running tests/lowering_allocation.rs (target/debug/deps/lowering_allocation-616747733a3350d9)

running 3 tests
test mutation_lowering_real_allocator_fail_at_each_site_releases_all_backing ... ok
test read_lowering_real_allocator_fail_at_each_site_releases_all_backing ... ok
test search_lowering_real_allocator_fail_at_each_site_releases_all_backing ... ok

test result: ok. 3 passed; 0 failed; 0 ignored; 0 measured; 0 filtered out; finished in 0.14s

     Running tests/mutation_lowering.rs (target/debug/deps/mutation_lowering-bd03d71ce92ad238)

running 12 tests
test create_endpoint_dependencies_preserve_textual_property_order ... ok
test create_lowers_all_shapes_slots_names_and_directions ... ok
test mutation_clauses_keep_immediate_eager_and_downstream_projections ... ok
test mutation_deleted_boundaries_keep_static_errors_and_dynamic_obligation ... ok
test mutation_entry_is_one_shot_and_rejects_read_route ... ok
test mutation_items_preserve_set_remove_delete_and_detach_order ... ok
test mutation_lowering_limits_cancel_timeout_memory_and_work_before_consumer ... ok
test mutation_metadata_owns_exact_source_spans_columns_and_parameters ... ok
test mutation_no_return_and_limit_zero_keep_all_updates ... ok
test mutation_owner_inventory_proves_full_capacity_and_facts ... ok
test mutation_rhs_keeps_fresh_properties_and_frozen_alias_slots ... ok
test mutation_whole_statement_rejects_unsupported_suffixes_and_read_write_search ... ok

test result: ok. 12 passed; 0 failed; 0 ignored; 0 measured; 0 filtered out; finished in 0.01s

     Running tests/runtime_lowering.rs (target/debug/deps/runtime_lowering-f1f8defd2b3ef7e5)

running 7 tests
test compiled_mutation_final_check_discards_output_and_all_owners ... ok
test compiled_mutation_lowering_late_checkpoint_preserves_close_before_cancel ... ok
test compiled_read_drains_through_the_same_runtime_context_and_real_owners ... ok
test compiled_read_final_check_discards_actual_completed_output_and_all_owners ... ok
test compiled_read_parser_checkpoint_preserves_close_before_simultaneous_cancel ... ok
test compiled_read_validation_reports_original_cumulative_work_exhaustion ... ok
test compiled_search_lowering_late_checkpoint_preserves_close_before_cancel ... ok

test result: ok. 7 passed; 0 failed; 0 ignored; 0 measured; 0 filtered out; finished in 1.12s

RAW_OUTPUT_END
EXIT_CODE: 0
OUTPUT_SHA256: 9dc6d06fd3f1e38e5926605044f1acb9a5a958671b4912438f7190aa97d81be4
REQUIRED_OUTPUT_OBSERVED: True
COMMAND_PASSED: True

===== COMMAND 8: pg21-fixed-seeds =====
COMMAND: cargo test -p zeppelin-embed-workspace-tests --features graph-cypher --test adversarial_tests property_graph_mutation_lowering_probe_checks_typed_plans_and_inflight_faults -- --exact --test-threads=1 --nocapture
EXPECTED_EXIT: 0
RAW_OUTPUT_BEGIN
   Compiling zeppelin-embed-ffi v0.4.2 (/Users/aghatage/Documents/code/zeppelin-embed-wt-ze-140/crates/zeppelin-embed-ffi)
   Compiling zeppelin-embed-workspace-tests v0.4.2 (/Users/aghatage/Documents/code/zeppelin-embed-wt-ze-140/tests)
    Finished `test` profile [unoptimized + debuginfo] target(s) in 1.90s
     Running adversarial_tests.rs (target/debug/deps/adversarial_tests-2b6ca697e0f9c87b)

running 1 test
test property_graph_mutation_lowering_probe_checks_typed_plans_and_inflight_faults ... PG21 seed=0 ProbeReport { observations: 6, orientations: 2, fault_fires: 2, clean_controls: 2, comparator_fires: 9, compiler_polls: 1468, consumer_polls: 2794, selected_fire: 2131, compile_peak: 104627, full_peak: 344571 }
PG21 seed=1 ProbeReport { observations: 6, orientations: 2, fault_fires: 2, clean_controls: 2, comparator_fires: 9, compiler_polls: 1468, consumer_polls: 2794, selected_fire: 2131, compile_peak: 104627, full_peak: 344571 }
PG21 seed=140 ProbeReport { observations: 6, orientations: 2, fault_fires: 2, clean_controls: 2, comparator_fires: 9, compiler_polls: 1468, consumer_polls: 2794, selected_fire: 2131, compile_peak: 104627, full_peak: 344571 }
PG21 seed=18446744073709551615 ProbeReport { observations: 6, orientations: 2, fault_fires: 2, clean_controls: 2, comparator_fires: 9, compiler_polls: 1468, consumer_polls: 2794, selected_fire: 2131, compile_peak: 104627, full_peak: 344571 }
ok

test result: ok. 1 passed; 0 failed; 0 ignored; 0 measured; 476 filtered out; finished in 0.06s

RAW_OUTPUT_END
EXIT_CODE: 0
OUTPUT_SHA256: b44b8ff16608dd9fc488e45629d3820eaf7c429ae06043b3edef84345045cd40
REQUIRED_OUTPUT_OBSERVED: True
COMMAND_PASSED: True

===== COMMAND 9: allocator-accounting =====
COMMAND: cargo test -p zeppelin-embed-cypher --test lowering_allocation mutation_lowering_real_allocator_fail_at_each_site_releases_all_backing -- --exact --test-threads=1 --nocapture
EXPECTED_EXIT: 0
RAW_OUTPUT_BEGIN
    Finished `test` profile [unoptimized + debuginfo] target(s) in 0.01s
     Running tests/lowering_allocation.rs (target/debug/deps/lowering_allocation-616747733a3350d9)

running 1 test
test mutation_lowering_real_allocator_fail_at_each_site_releases_all_backing ... mutation_allocator_sites=257 real_heap_peak=59224 query_reservation_peak=285632 final=56
ok

test result: ok. 1 passed; 0 failed; 0 ignored; 0 measured; 2 filtered out; finished in 0.05s

RAW_OUTPUT_END
EXIT_CODE: 0
OUTPUT_SHA256: cee61d6614241bc6189c29cf8751da6f3e0ee8e8ace5d6dc8bec510364ab0d31
REQUIRED_OUTPUT_OBSERVED: True
COMMAND_PASSED: True

===== COMMAND 10: close-boundary =====
COMMAND: cargo test -p zeppelin-embed-cypher --test runtime_lowering compiled_mutation_lowering_late_checkpoint_preserves_close_before_cancel -- --exact --test-threads=1 --nocapture
EXPECTED_EXIT: 0
RAW_OUTPUT_BEGIN
    Finished `test` profile [unoptimized + debuginfo] target(s) in 0.01s
     Running tests/runtime_lowering.rs (target/debug/deps/runtime_lowering-f1f8defd2b3ef7e5)

running 1 test
test compiled_mutation_lowering_late_checkpoint_preserves_close_before_cancel ... mutation_lowering_polls=3244 binder_poll=1736 first_lowering_poll=1737 consumer_poll=3241 fire=2488
ok

test result: ok. 1 passed; 0 failed; 0 ignored; 0 measured; 6 filtered out; finished in 0.01s

RAW_OUTPUT_END
EXIT_CODE: 0
OUTPUT_SHA256: 5a3796454d7d86dbf2ec47628765a71977ae3326b34211d0988a0d0ba1e0b056
REQUIRED_OUTPUT_OBSERVED: True
COMMAND_PASSED: True

===== COMMAND 11: core-clippy =====
COMMAND: cargo clippy -p zeppelin-embed --features graph-cypher --test graph_query_plan -- -D warnings
EXPECTED_EXIT: 0
RAW_OUTPUT_BEGIN
    Checking zeppelin-embed v0.4.2 (/Users/aghatage/Documents/code/zeppelin-embed-wt-ze-140/crates/zeppelin-embed)
    Finished `dev` profile [unoptimized + debuginfo] target(s) in 2.84s
RAW_OUTPUT_END
EXIT_CODE: 0
OUTPUT_SHA256: cb3ca74eff51562667c848f6c6af4c594ac2dfe78f2fa6f0b8cb9de091a4c170
REQUIRED_OUTPUT_OBSERVED: True
COMMAND_PASSED: True

===== COMMAND 12: compiler-clippy =====
COMMAND: cargo clippy -p zeppelin-embed-cypher --lib --test binding --test mutation_lowering --test read_lowering --test lowering_semantics --test search_lowering --test lowering_allocation --test runtime_lowering --no-deps -- -D warnings
EXPECTED_EXIT: 0
RAW_OUTPUT_BEGIN
    Checking zeppelin-embed v0.4.2 (/Users/aghatage/Documents/code/zeppelin-embed-wt-ze-140/crates/zeppelin-embed)
    Checking zeppelin-embed-cypher v0.4.2 (/Users/aghatage/Documents/code/zeppelin-embed-wt-ze-140/crates/zeppelin-embed-cypher)
    Finished `dev` profile [unoptimized + debuginfo] target(s) in 1.42s
RAW_OUTPUT_END
EXIT_CODE: 0
OUTPUT_SHA256: 8616b564d3fb8c429b7e6ae2b13e98bde398b4a73fdf47ea2269a42687cb7824
REQUIRED_OUTPUT_OBSERVED: True
COMMAND_PASSED: True

===== COMMAND 13: adversarial-clippy =====
COMMAND: cargo clippy -p zeppelin-embed-workspace-tests --features graph-cypher --test adversarial_tests -- -D warnings
EXPECTED_EXIT: 0
RAW_OUTPUT_BEGIN
    Checking zeppelin-embed-cypher v0.4.2 (/Users/aghatage/Documents/code/zeppelin-embed-wt-ze-140/crates/zeppelin-embed-cypher)
    Checking zeppelin-embed-bench v0.4.2 (/Users/aghatage/Documents/code/zeppelin-embed-wt-ze-140/crates/zeppelin-embed-bench)
    Checking zeppelin-embed-ffi v0.4.2 (/Users/aghatage/Documents/code/zeppelin-embed-wt-ze-140/crates/zeppelin-embed-ffi)
    Checking zeppelin-embed-workspace-tests v0.4.2 (/Users/aghatage/Documents/code/zeppelin-embed-wt-ze-140/tests)
    Finished `dev` profile [unoptimized + debuginfo] target(s) in 3.21s
RAW_OUTPUT_END
EXIT_CODE: 0
OUTPUT_SHA256: 6eef0d8a06ff5259dd035f1ac256cb1f783a15a5698b93ede11dce213ffa1a31
REQUIRED_OUTPUT_OBSERVED: True
COMMAND_PASSED: True

===== COMMAND 14: workspace-fmt-boundary =====
COMMAND: cargo fmt --all --check
EXPECTED_EXIT: 1
RAW_OUTPUT_BEGIN
Diff in /Users/aghatage/Documents/code/zeppelin-embed-wt-ze-140/crates/zeppelin-embed/src/property_graph/storage/records.rs:16:
 mod native;
 pub use native::{RecordCatalog, RecordShape, RecordView, verify_record};
 mod prepare;
-pub use prepare::{RecordInput, prepare_record};
 pub(crate) use prepare::sort_by_symbol;
+pub use prepare::{RecordInput, prepare_record};
 mod fence;
 pub use fence::{FenceInput, FenceView, prepare_fence, verify_fence_entry};
 mod tombstone;
RAW_OUTPUT_END
EXIT_CODE: 1
OUTPUT_SHA256: f772798dc2648f6fbaa2278a516af63d55de0c71b496d0ce1dd92018f7be627d
REQUIRED_OUTPUT_OBSERVED: True
COMMAND_PASSED: True

===== COMMAND 15: owned-rustfmt =====
COMMAND: rustfmt --edition 2024 --check crates/zeppelin-embed-cypher/src/lib.rs crates/zeppelin-embed-cypher/src/lowering/mod.rs crates/zeppelin-embed-cypher/src/lowering/mutation.rs crates/zeppelin-embed-cypher/tests/binding.rs crates/zeppelin-embed-cypher/tests/lowering_allocation.rs crates/zeppelin-embed-cypher/tests/mutation_lowering.rs crates/zeppelin-embed-cypher/tests/read_lowering.rs crates/zeppelin-embed-cypher/tests/runtime_lowering.rs crates/zeppelin-embed/src/property_graph/query/plan/mod.rs crates/zeppelin-embed/src/property_graph/query/plan/mutation.rs crates/zeppelin-embed/tests/graph_query_plan.rs tests/adversarial-oracle/src/graph_mutation_lowering.rs tests/adversarial-oracle/src/lib.rs tests/adversarial/coverage.rs tests/adversarial/graph_mutation_lowering.rs tests/adversarial/mod.rs tests/adversarial/runner.rs tests/adversarial_tests.rs
EXPECTED_EXIT: 0
RAW_OUTPUT_BEGIN
RAW_OUTPUT_END
EXIT_CODE: 0
OUTPUT_SHA256: e3b0c44298fc1c149afbf4c8996fb92427ae41e4649b934ca495991b7852b855
REQUIRED_OUTPUT_OBSERVED: True
COMMAND_PASSED: True

===== COMMAND 16: diff-check =====
COMMAND: git diff --check
EXPECTED_EXIT: 0
RAW_OUTPUT_BEGIN
RAW_OUTPUT_END
EXIT_CODE: 0
OUTPUT_SHA256: e3b0c44298fc1c149afbf4c8996fb92427ae41e4649b934ca495991b7852b855
REQUIRED_OUTPUT_OBSERVED: True
COMMAND_PASSED: True
