===== MUTANT 1: relationship-before-fresh-right-endpoint =====
MUTATION_COMMAND: checked_replace crates/zeppelin-embed-cypher/src/lowering/mutation.rs --before-sha256 cb68c7faf4b052cb5be1ff2dc126eeffcfbf3e554da8022e5fc0743805557547 --old "                self.ensure_created_node(bound, right_id, right)?;\n                self.create_relationship(bound, left_id, relationship_id, right_id, relationship)?;\n" --new "                self.create_relationship(bound, left_id, relationship_id, right_id, relationship)?;\n                self.ensure_created_node(bound, right_id, right)?;\n"
BEFORE_SHA256: cb68c7faf4b052cb5be1ff2dc126eeffcfbf3e554da8022e5fc0743805557547
MUTANT_SHA256: 1c570c5e0dee129c2982ff4ce2ccd89bac362872b9f8e904c480c71a904fd07c
RED_COMMAND: env NEXTEST_RETRIES=0 cargo nextest run -j 4 --status-level fail --final-status-level fail -p zeppelin-embed-cypher --test mutation_lowering -E 'test(=create_endpoint_dependencies_preserve_textual_property_order)'
RED_EXIT: 100
RED_OUTPUT_BEGIN
   Compiling zeppelin-embed-cypher v0.4.2 (/Users/aghatage/Documents/code/zeppelin-embed-wt-ze-140/crates/zeppelin-embed-cypher)
    Finished `test` profile [unoptimized + debuginfo] target(s) in 1.15s
────────────
 Nextest run ID 9258b582-44f5-4ee0-8936-d7b8ae0c531f with nextest profile: default
    Starting 1 test across 1 binary (11 tests skipped)
        FAIL [   0.014s] (1/1) zeppelin-embed-cypher::mutation_lowering create_endpoint_dependencies_preserve_textual_property_order
  stdout ───

    running 1 test
    test create_endpoint_dependencies_preserve_textual_property_order ... FAILED

    failures:

    failures:
        create_endpoint_dependencies_preserve_textual_property_order

    test result: FAILED. 0 passed; 1 failed; 0 ignored; 0 measured; 11 filtered out; finished in 0.00s

  stderr ───

    thread 'create_endpoint_dependencies_preserve_textual_property_order' (35911084) panicked at crates/zeppelin-embed-cypher/tests/mutation_lowering.rs:288:10:
    called `Result::unwrap()` on an `Err` value: ParseError { kind: Plan(Scope), span: Span { start: 0, end: 0 }, message: "generated read plan rejected" }
    note: run with `RUST_BACKTRACE=1` environment variable to display a backtrace

────────────
     Summary [   0.015s] 1 test run: 0 passed, 1 failed, 11 skipped
        FAIL [   0.014s] (1/1) zeppelin-embed-cypher::mutation_lowering create_endpoint_dependencies_preserve_textual_property_order
  stdout ───

    running 1 test
    test create_endpoint_dependencies_preserve_textual_property_order ... FAILED

    failures:

    failures:
        create_endpoint_dependencies_preserve_textual_property_order

    test result: FAILED. 0 passed; 1 failed; 0 ignored; 0 measured; 11 filtered out; finished in 0.00s

  stderr ───

    thread 'create_endpoint_dependencies_preserve_textual_property_order' (35911084) panicked at crates/zeppelin-embed-cypher/tests/mutation_lowering.rs:288:10:
    called `Result::unwrap()` on an `Err` value: ParseError { kind: Plan(Scope), span: Span { start: 0, end: 0 }, message: "generated read plan rejected" }
    note: run with `RUST_BACKTRACE=1` environment variable to display a backtrace

error: test run failed
RED_OUTPUT_END
INTENDED_ASSERTION: Plan(Scope)
INTENDED_ASSERTION_FIRED: true
RESTORED_SHA256: cb68c7faf4b052cb5be1ff2dc126eeffcfbf3e554da8022e5fc0743805557547
GREEN_COMMAND: env NEXTEST_RETRIES=0 cargo nextest run -j 4 --status-level fail --final-status-level fail -p zeppelin-embed-cypher --test mutation_lowering -E 'test(=create_endpoint_dependencies_preserve_textual_property_order)'
GREEN_EXIT: 0
GREEN_OUTPUT_BEGIN
   Compiling zeppelin-embed-cypher v0.4.2 (/Users/aghatage/Documents/code/zeppelin-embed-wt-ze-140/crates/zeppelin-embed-cypher)
    Finished `test` profile [unoptimized + debuginfo] target(s) in 0.51s
────────────
 Nextest run ID 6153a7ba-ec74-4e32-b9c8-8c2b8e59b8c5 with nextest profile: default
    Starting 1 test across 1 binary (11 tests skipped)
────────────
     Summary [   0.014s] 1 test run: 1 passed, 11 skipped
GREEN_OUTPUT_END

===== MUTANT 2: swap-incoming-source-target =====
MUTATION_COMMAND: checked_replace crates/zeppelin-embed-cypher/src/lowering/mutation.rs --before-sha256 cb68c7faf4b052cb5be1ff2dc126eeffcfbf3e554da8022e5fc0743805557547 --old "            crate::Direction::Incoming => (right, left)," --new "            crate::Direction::Incoming => (left, right),"
BEFORE_SHA256: cb68c7faf4b052cb5be1ff2dc126eeffcfbf3e554da8022e5fc0743805557547
MUTANT_SHA256: 895ec51de7609cf9a60083af08c0c62d3b46dedd4abc51039eb31e16ba58f7fa
RED_COMMAND: env NEXTEST_RETRIES=0 cargo nextest run -j 4 --status-level fail --final-status-level fail -p zeppelin-embed-cypher --test mutation_lowering -E 'test(=create_lowers_all_shapes_slots_names_and_directions)'
RED_EXIT: 100
RED_OUTPUT_BEGIN
   Compiling zeppelin-embed-cypher v0.4.2 (/Users/aghatage/Documents/code/zeppelin-embed-wt-ze-140/crates/zeppelin-embed-cypher)
    Finished `test` profile [unoptimized + debuginfo] target(s) in 0.51s
────────────
 Nextest run ID 5eb11392-5bec-4b98-8515-db86a508f4f5 with nextest profile: default
    Starting 1 test across 1 binary (11 tests skipped)
        FAIL [   0.013s] (1/1) zeppelin-embed-cypher::mutation_lowering create_lowers_all_shapes_slots_names_and_directions
  stdout ───

    running 1 test
    test create_lowers_all_shapes_slots_names_and_directions ... FAILED

    failures:

    failures:
        create_lowers_all_shapes_slots_names_and_directions

    test result: FAILED. 0 passed; 1 failed; 0 ignored; 0 measured; 11 filtered out; finished in 0.00s

  stderr ───

    thread 'create_lowers_all_shapes_slots_names_and_directions' (35912008) panicked at crates/zeppelin-embed-cypher/tests/mutation_lowering.rs:617:13:
    assertion `left == right` failed: CREATE (a)<-[r:`τύπος`]-(b) RETURN a,r,b
      left: [CreateNode { output: 0, labels: [] }, CreateNode { output: 2, labels: [] }, CreateRelationship { output: 1, source: Slot(0), target: Slot(2), relationship_type: "τύπος" }]
     right: [CreateNode { output: 0, labels: [] }, CreateNode { output: 2, labels: [] }, CreateRelationship { output: 1, source: Slot(2), target: Slot(0), relationship_type: "τύπος" }]
    note: run with `RUST_BACKTRACE=1` environment variable to display a backtrace

────────────
     Summary [   0.014s] 1 test run: 0 passed, 1 failed, 11 skipped
        FAIL [   0.013s] (1/1) zeppelin-embed-cypher::mutation_lowering create_lowers_all_shapes_slots_names_and_directions
  stdout ───

    running 1 test
    test create_lowers_all_shapes_slots_names_and_directions ... FAILED

    failures:

    failures:
        create_lowers_all_shapes_slots_names_and_directions

    test result: FAILED. 0 passed; 1 failed; 0 ignored; 0 measured; 11 filtered out; finished in 0.00s

  stderr ───

    thread 'create_lowers_all_shapes_slots_names_and_directions' (35912008) panicked at crates/zeppelin-embed-cypher/tests/mutation_lowering.rs:617:13:
    assertion `left == right` failed: CREATE (a)<-[r:`τύπος`]-(b) RETURN a,r,b
      left: [CreateNode { output: 0, labels: [] }, CreateNode { output: 2, labels: [] }, CreateRelationship { output: 1, source: Slot(0), target: Slot(2), relationship_type: "τύπος" }]
     right: [CreateNode { output: 0, labels: [] }, CreateNode { output: 2, labels: [] }, CreateRelationship { output: 1, source: Slot(2), target: Slot(0), relationship_type: "τύπος" }]
    note: run with `RUST_BACKTRACE=1` environment variable to display a backtrace

error: test run failed
RED_OUTPUT_END
INTENDED_ASSERTION: CreateRelationship
INTENDED_ASSERTION_FIRED: true
RESTORED_SHA256: cb68c7faf4b052cb5be1ff2dc126eeffcfbf3e554da8022e5fc0743805557547
GREEN_COMMAND: env NEXTEST_RETRIES=0 cargo nextest run -j 4 --status-level fail --final-status-level fail -p zeppelin-embed-cypher --test mutation_lowering -E 'test(=create_lowers_all_shapes_slots_names_and_directions)'
GREEN_EXIT: 0
GREEN_OUTPUT_BEGIN
   Compiling zeppelin-embed-cypher v0.4.2 (/Users/aghatage/Documents/code/zeppelin-embed-wt-ze-140/crates/zeppelin-embed-cypher)
    Finished `test` profile [unoptimized + debuginfo] target(s) in 0.51s
────────────
 Nextest run ID 25de7c76-0b3a-42c2-b489-141b5492a81f with nextest profile: default
    Starting 1 test across 1 binary (11 tests skipped)
────────────
     Summary [   0.013s] 1 test run: 1 passed, 11 skipped
GREEN_OUTPUT_END

===== MUTANT 3: right-property-before-relationship =====
MUTATION_COMMAND: checked_replace crates/zeppelin-embed-cypher/src/lowering/mutation.rs --before-sha256 cb68c7faf4b052cb5be1ff2dc126eeffcfbf3e554da8022e5fc0743805557547 --old "                self.create_relationship(bound, left_id, relationship_id, right_id, relationship)?;\n                self.inline_properties(bound, relationship_id, relationship)?;\n                self.inline_properties(bound, right_id, right)?;\n" --new "                self.inline_properties(bound, right_id, right)?;\n                self.create_relationship(bound, left_id, relationship_id, right_id, relationship)?;\n                self.inline_properties(bound, relationship_id, relationship)?;\n"
BEFORE_SHA256: cb68c7faf4b052cb5be1ff2dc126eeffcfbf3e554da8022e5fc0743805557547
MUTANT_SHA256: c9a6db7cc0b1e41de898e2bc865a60d284970b6d3c4ce4c113d92768a752c827
RED_COMMAND: env NEXTEST_RETRIES=0 cargo nextest run -j 4 --status-level fail --final-status-level fail -p zeppelin-embed-cypher --test mutation_lowering -E 'test(=create_endpoint_dependencies_preserve_textual_property_order)'
RED_EXIT: 100
RED_OUTPUT_BEGIN
   Compiling zeppelin-embed-cypher v0.4.2 (/Users/aghatage/Documents/code/zeppelin-embed-wt-ze-140/crates/zeppelin-embed-cypher)
    Finished `test` profile [unoptimized + debuginfo] target(s) in 0.52s
────────────
 Nextest run ID 5f5a04b7-05f9-4113-a052-48a8d13d2e4e with nextest profile: default
    Starting 1 test across 1 binary (11 tests skipped)
        FAIL [   0.014s] (1/1) zeppelin-embed-cypher::mutation_lowering create_endpoint_dependencies_preserve_textual_property_order
  stdout ───

    running 1 test
    test create_endpoint_dependencies_preserve_textual_property_order ... FAILED

    failures:

    failures:
        create_endpoint_dependencies_preserve_textual_property_order

    test result: FAILED. 0 passed; 1 failed; 0 ignored; 0 measured; 11 filtered out; finished in 0.00s

  stderr ───

    thread 'create_endpoint_dependencies_preserve_textual_property_order' (35912930) panicked at crates/zeppelin-embed-cypher/tests/mutation_lowering.rs:288:10:
    called `Result::unwrap()` on an `Err` value: ParseError { kind: Plan(Scope), span: Span { start: 0, end: 0 }, message: "generated read plan rejected" }
    note: run with `RUST_BACKTRACE=1` environment variable to display a backtrace

────────────
     Summary [   0.015s] 1 test run: 0 passed, 1 failed, 11 skipped
        FAIL [   0.014s] (1/1) zeppelin-embed-cypher::mutation_lowering create_endpoint_dependencies_preserve_textual_property_order
  stdout ───

    running 1 test
    test create_endpoint_dependencies_preserve_textual_property_order ... FAILED

    failures:

    failures:
        create_endpoint_dependencies_preserve_textual_property_order

    test result: FAILED. 0 passed; 1 failed; 0 ignored; 0 measured; 11 filtered out; finished in 0.00s

  stderr ───

    thread 'create_endpoint_dependencies_preserve_textual_property_order' (35912930) panicked at crates/zeppelin-embed-cypher/tests/mutation_lowering.rs:288:10:
    called `Result::unwrap()` on an `Err` value: ParseError { kind: Plan(Scope), span: Span { start: 0, end: 0 }, message: "generated read plan rejected" }
    note: run with `RUST_BACKTRACE=1` environment variable to display a backtrace

error: test run failed
RED_OUTPUT_END
INTENDED_ASSERTION: Plan(Scope)
INTENDED_ASSERTION_FIRED: true
RESTORED_SHA256: cb68c7faf4b052cb5be1ff2dc126eeffcfbf3e554da8022e5fc0743805557547
GREEN_COMMAND: env NEXTEST_RETRIES=0 cargo nextest run -j 4 --status-level fail --final-status-level fail -p zeppelin-embed-cypher --test mutation_lowering -E 'test(=create_endpoint_dependencies_preserve_textual_property_order)'
GREEN_EXIT: 0
GREEN_OUTPUT_BEGIN
   Compiling zeppelin-embed-cypher v0.4.2 (/Users/aghatage/Documents/code/zeppelin-embed-wt-ze-140/crates/zeppelin-embed-cypher)
    Finished `test` profile [unoptimized + debuginfo] target(s) in 0.50s
────────────
 Nextest run ID ff20b307-90cc-486f-a7b4-826eaa579628 with nextest profile: default
    Starting 1 test across 1 binary (11 tests skipped)
────────────
     Summary [   0.016s] 1 test run: 1 passed, 11 skipped
GREEN_OUTPUT_END

===== MUTANT 4: omit-eager-barrier =====
MUTATION_COMMAND: checked_replace crates/zeppelin-embed-cypher/src/lowering/mutation.rs --before-sha256 cb68c7faf4b052cb5be1ff2dc126eeffcfbf3e554da8022e5fc0743805557547 --old "        let eager = self.operator(DraftOp::Eager, &[current], clause.span)?;" --new "        let eager = current;"
BEFORE_SHA256: cb68c7faf4b052cb5be1ff2dc126eeffcfbf3e554da8022e5fc0743805557547
MUTANT_SHA256: c17096a8ac1474bfeeeb274ad9c4276acbd6ed5f3749ea5c8668d1fe707adc3e
RED_COMMAND: env NEXTEST_RETRIES=0 cargo nextest run -j 4 --status-level fail --final-status-level fail -p zeppelin-embed-cypher --test mutation_lowering -E 'test(=mutation_clauses_keep_immediate_eager_and_downstream_projections)'
RED_EXIT: 100
RED_OUTPUT_BEGIN
   Compiling zeppelin-embed-cypher v0.4.2 (/Users/aghatage/Documents/code/zeppelin-embed-wt-ze-140/crates/zeppelin-embed-cypher)
warning: variant `Eager` is never constructed
   --> crates/zeppelin-embed-cypher/src/lowering/mod.rs:307:5
    |
305 | enum DraftOp {
    |      ------- variant in this enum
306 |     Unit,
307 |     Eager,
    |     ^^^^^
    |
    = note: `DraftOp` has a derived impl for the trait `Clone`, but this is intentionally ignored during dead code analysis
    = note: `#[warn(dead_code)]` (part of `#[warn(unused)]`) on by default

warning: `zeppelin-embed-cypher` (lib) generated 1 warning
    Finished `test` profile [unoptimized + debuginfo] target(s) in 0.51s
────────────
 Nextest run ID c3bee976-5d33-4c36-8c81-c4a7d9396b82 with nextest profile: default
    Starting 1 test across 1 binary (11 tests skipped)
        FAIL [   0.016s] (1/1) zeppelin-embed-cypher::mutation_lowering mutation_clauses_keep_immediate_eager_and_downstream_projections
  stdout ───

    running 1 test
    test mutation_clauses_keep_immediate_eager_and_downstream_projections ... FAILED

    failures:

    failures:
        mutation_clauses_keep_immediate_eager_and_downstream_projections

    test result: FAILED. 0 passed; 1 failed; 0 ignored; 0 measured; 11 filtered out; finished in 0.00s

  stderr ───

    thread 'mutation_clauses_keep_immediate_eager_and_downstream_projections' (35913851) panicked at crates/zeppelin-embed-cypher/tests/mutation_lowering.rs:796:10:
    called `Result::unwrap()` on an `Err` value: ParseError { kind: Plan(Barrier), span: Span { start: 0, end: 0 }, message: "generated read plan rejected" }
    note: run with `RUST_BACKTRACE=1` environment variable to display a backtrace

────────────
     Summary [   0.016s] 1 test run: 0 passed, 1 failed, 11 skipped
        FAIL [   0.016s] (1/1) zeppelin-embed-cypher::mutation_lowering mutation_clauses_keep_immediate_eager_and_downstream_projections
  stdout ───

    running 1 test
    test mutation_clauses_keep_immediate_eager_and_downstream_projections ... FAILED

    failures:

    failures:
        mutation_clauses_keep_immediate_eager_and_downstream_projections

    test result: FAILED. 0 passed; 1 failed; 0 ignored; 0 measured; 11 filtered out; finished in 0.00s

  stderr ───

    thread 'mutation_clauses_keep_immediate_eager_and_downstream_projections' (35913851) panicked at crates/zeppelin-embed-cypher/tests/mutation_lowering.rs:796:10:
    called `Result::unwrap()` on an `Err` value: ParseError { kind: Plan(Barrier), span: Span { start: 0, end: 0 }, message: "generated read plan rejected" }
    note: run with `RUST_BACKTRACE=1` environment variable to display a backtrace

error: test run failed
RED_OUTPUT_END
INTENDED_ASSERTION: Plan(Barrier)
INTENDED_ASSERTION_FIRED: true
RESTORED_SHA256: cb68c7faf4b052cb5be1ff2dc126eeffcfbf3e554da8022e5fc0743805557547
GREEN_COMMAND: env NEXTEST_RETRIES=0 cargo nextest run -j 4 --status-level fail --final-status-level fail -p zeppelin-embed-cypher --test mutation_lowering -E 'test(=mutation_clauses_keep_immediate_eager_and_downstream_projections)'
GREEN_EXIT: 0
GREEN_OUTPUT_BEGIN
   Compiling zeppelin-embed-cypher v0.4.2 (/Users/aghatage/Documents/code/zeppelin-embed-wt-ze-140/crates/zeppelin-embed-cypher)
    Finished `test` profile [unoptimized + debuginfo] target(s) in 0.51s
────────────
 Nextest run ID e5b652a2-d438-4818-9678-d3238e6284df with nextest profile: default
    Starting 1 test across 1 binary (11 tests skipped)
────────────
     Summary [   0.013s] 1 test run: 1 passed, 11 skipped
GREEN_OUTPUT_END

===== MUTANT 5: reverse-label-present-bit =====
MUTATION_COMMAND: checked_replace crates/zeppelin-embed-cypher/src/lowering/mutation.rs --before-sha256 cb68c7faf4b052cb5be1ff2dc126eeffcfbf3e554da8022e5fc0743805557547 --old "                    let present = matches!(item.kind, NodeKind::SetLabels { .. });" --new "                    let present = !matches!(item.kind, NodeKind::SetLabels { .. });"
BEFORE_SHA256: cb68c7faf4b052cb5be1ff2dc126eeffcfbf3e554da8022e5fc0743805557547
MUTANT_SHA256: d3d6b754524d2fada5344652d2f7dc8060ba06c7c38b8e1ab7784659838924c3
RED_COMMAND: env NEXTEST_RETRIES=0 cargo nextest run -j 4 --status-level fail --final-status-level fail -p zeppelin-embed-cypher --test mutation_lowering -E 'test(=mutation_items_preserve_set_remove_delete_and_detach_order)'
RED_EXIT: 100
RED_OUTPUT_BEGIN
   Compiling zeppelin-embed-cypher v0.4.2 (/Users/aghatage/Documents/code/zeppelin-embed-wt-ze-140/crates/zeppelin-embed-cypher)
    Finished `test` profile [unoptimized + debuginfo] target(s) in 0.51s
────────────
 Nextest run ID ab58e099-7f80-4095-965c-ae4ac90f42e9 with nextest profile: default
    Starting 1 test across 1 binary (11 tests skipped)
        FAIL [   0.014s] (1/1) zeppelin-embed-cypher::mutation_lowering mutation_items_preserve_set_remove_delete_and_detach_order
  stdout ───

    running 1 test
    test mutation_items_preserve_set_remove_delete_and_detach_order ... FAILED

    failures:

    failures:
        mutation_items_preserve_set_remove_delete_and_detach_order

    test result: FAILED. 0 passed; 1 failed; 0 ignored; 0 measured; 11 filtered out; finished in 0.00s

  stderr ───

    thread 'mutation_items_preserve_set_remove_delete_and_detach_order' (35914783) panicked at crates/zeppelin-embed-cypher/tests/mutation_lowering.rs:645:9:
    assertion `left == right` failed
      left: [SetProperty { entity: Slot(0), name: "p", value: I64(1) }, SetProperty { entity: Slot(1), name: "q", value: Null }, SetLabel { entity: Slot(0), label: "A", present: false }, SetLabel { entity: Slot(0), label: "B", present: false }, SetLabel { entity: Slot(0), label: "A", present: false }, RemoveProperty { entity: Slot(0), name: "p" }, RemoveProperty { entity: Slot(1), name: "q" }, SetLabel { entity: Slot(0), label: "A", present: true }, SetLabel { entity: Slot(0), label: "B", present: true }, Delete { entity: Slot(1), detach: false }, Delete { entity: Slot(0), detach: false }, Delete { entity: Slot(2), detach: true }, Delete { entity: Slot(1), detach: true }]
     right: [SetProperty { entity: Slot(0), name: "p", value: I64(1) }, SetProperty { entity: Slot(1), name: "q", value: Null }, SetLabel { entity: Slot(0), label: "A", present: true }, SetLabel { entity: Slot(0), label: "B", present: true }, SetLabel { entity: Slot(0), label: "A", present: true }, RemoveProperty { entity: Slot(0), name: "p" }, RemoveProperty { entity: Slot(1), name: "q" }, SetLabel { entity: Slot(0), label: "A", present: false }, SetLabel { entity: Slot(0), label: "B", present: false }, Delete { entity: Slot(1), detach: false }, Delete { entity: Slot(0), detach: false }, Delete { entity: Slot(2), detach: true }, Delete { entity: Slot(1), detach: true }]
    note: run with `RUST_BACKTRACE=1` environment variable to display a backtrace

────────────
     Summary [   0.014s] 1 test run: 0 passed, 1 failed, 11 skipped
        FAIL [   0.014s] (1/1) zeppelin-embed-cypher::mutation_lowering mutation_items_preserve_set_remove_delete_and_detach_order
  stdout ───

    running 1 test
    test mutation_items_preserve_set_remove_delete_and_detach_order ... FAILED

    failures:

    failures:
        mutation_items_preserve_set_remove_delete_and_detach_order

    test result: FAILED. 0 passed; 1 failed; 0 ignored; 0 measured; 11 filtered out; finished in 0.00s

  stderr ───

    thread 'mutation_items_preserve_set_remove_delete_and_detach_order' (35914783) panicked at crates/zeppelin-embed-cypher/tests/mutation_lowering.rs:645:9:
    assertion `left == right` failed
      left: [SetProperty { entity: Slot(0), name: "p", value: I64(1) }, SetProperty { entity: Slot(1), name: "q", value: Null }, SetLabel { entity: Slot(0), label: "A", present: false }, SetLabel { entity: Slot(0), label: "B", present: false }, SetLabel { entity: Slot(0), label: "A", present: false }, RemoveProperty { entity: Slot(0), name: "p" }, RemoveProperty { entity: Slot(1), name: "q" }, SetLabel { entity: Slot(0), label: "A", present: true }, SetLabel { entity: Slot(0), label: "B", present: true }, Delete { entity: Slot(1), detach: false }, Delete { entity: Slot(0), detach: false }, Delete { entity: Slot(2), detach: true }, Delete { entity: Slot(1), detach: true }]
     right: [SetProperty { entity: Slot(0), name: "p", value: I64(1) }, SetProperty { entity: Slot(1), name: "q", value: Null }, SetLabel { entity: Slot(0), label: "A", present: true }, SetLabel { entity: Slot(0), label: "B", present: true }, SetLabel { entity: Slot(0), label: "A", present: true }, RemoveProperty { entity: Slot(0), name: "p" }, RemoveProperty { entity: Slot(1), name: "q" }, SetLabel { entity: Slot(0), label: "A", present: false }, SetLabel { entity: Slot(0), label: "B", present: false }, Delete { entity: Slot(1), detach: false }, Delete { entity: Slot(0), detach: false }, Delete { entity: Slot(2), detach: true }, Delete { entity: Slot(1), detach: true }]
    note: run with `RUST_BACKTRACE=1` environment variable to display a backtrace

error: test run failed
RED_OUTPUT_END
INTENDED_ASSERTION: SetLabel
INTENDED_ASSERTION_FIRED: true
RESTORED_SHA256: cb68c7faf4b052cb5be1ff2dc126eeffcfbf3e554da8022e5fc0743805557547
GREEN_COMMAND: env NEXTEST_RETRIES=0 cargo nextest run -j 4 --status-level fail --final-status-level fail -p zeppelin-embed-cypher --test mutation_lowering -E 'test(=mutation_items_preserve_set_remove_delete_and_detach_order)'
GREEN_EXIT: 0
GREEN_OUTPUT_BEGIN
   Compiling zeppelin-embed-cypher v0.4.2 (/Users/aghatage/Documents/code/zeppelin-embed-wt-ze-140/crates/zeppelin-embed-cypher)
    Finished `test` profile [unoptimized + debuginfo] target(s) in 0.51s
────────────
 Nextest run ID 96ce7082-605a-46fd-9dd0-406881528126 with nextest profile: default
    Starting 1 test across 1 binary (11 tests skipped)
────────────
     Summary [   0.013s] 1 test run: 1 passed, 11 skipped
GREEN_OUTPUT_END

===== MUTANT 6: rhs-through-invariant-alias-lowering =====
MUTATION_COMMAND: checked_replace crates/zeppelin-embed-cypher/src/lowering/mutation.rs --before-sha256 cb68c7faf4b052cb5be1ff2dc126eeffcfbf3e554da8022e5fc0743805557547 --old "        self.lower_expression(bound, id, span)" --new "        self.lower_invariant_expression(bound, id, span)"
BEFORE_SHA256: cb68c7faf4b052cb5be1ff2dc126eeffcfbf3e554da8022e5fc0743805557547
MUTANT_SHA256: 2ffde68b70deca5d5bbcbb0793edddc0fad419f8c3278bc61c03ec776fa915e9
RED_COMMAND: env NEXTEST_RETRIES=0 cargo nextest run -j 4 --status-level fail --final-status-level fail -p zeppelin-embed-cypher --test mutation_lowering -E 'test(=mutation_rhs_keeps_fresh_properties_and_frozen_alias_slots)'
RED_EXIT: 100
RED_OUTPUT_BEGIN
   Compiling zeppelin-embed-cypher v0.4.2 (/Users/aghatage/Documents/code/zeppelin-embed-wt-ze-140/crates/zeppelin-embed-cypher)
    Finished `test` profile [unoptimized + debuginfo] target(s) in 0.52s
────────────
 Nextest run ID 808cd7a9-a075-4ac8-8f7d-5b4a66a12ce4 with nextest profile: default
    Starting 1 test across 1 binary (11 tests skipped)
        FAIL [   0.012s] (1/1) zeppelin-embed-cypher::mutation_lowering mutation_rhs_keeps_fresh_properties_and_frozen_alias_slots
  stdout ───

    running 1 test
    test mutation_rhs_keeps_fresh_properties_and_frozen_alias_slots ... FAILED

    failures:

    failures:
        mutation_rhs_keeps_fresh_properties_and_frozen_alias_slots

    test result: FAILED. 0 passed; 1 failed; 0 ignored; 0 measured; 11 filtered out; finished in 0.00s

  stderr ───

    thread 'mutation_rhs_keeps_fresh_properties_and_frozen_alias_slots' (35915720) panicked at crates/zeppelin-embed-cypher/tests/mutation_lowering.rs:811:10:
    called `Result::unwrap()` on an `Err` value: ParseError { kind: BindingInvariant, span: Span { start: 32, end: 41 }, message: "row-dependent search expression" }
    note: run with `RUST_BACKTRACE=1` environment variable to display a backtrace

────────────
     Summary [   0.013s] 1 test run: 0 passed, 1 failed, 11 skipped
        FAIL [   0.012s] (1/1) zeppelin-embed-cypher::mutation_lowering mutation_rhs_keeps_fresh_properties_and_frozen_alias_slots
  stdout ───

    running 1 test
    test mutation_rhs_keeps_fresh_properties_and_frozen_alias_slots ... FAILED

    failures:

    failures:
        mutation_rhs_keeps_fresh_properties_and_frozen_alias_slots

    test result: FAILED. 0 passed; 1 failed; 0 ignored; 0 measured; 11 filtered out; finished in 0.00s

  stderr ───

    thread 'mutation_rhs_keeps_fresh_properties_and_frozen_alias_slots' (35915720) panicked at crates/zeppelin-embed-cypher/tests/mutation_lowering.rs:811:10:
    called `Result::unwrap()` on an `Err` value: ParseError { kind: BindingInvariant, span: Span { start: 32, end: 41 }, message: "row-dependent search expression" }
    note: run with `RUST_BACKTRACE=1` environment variable to display a backtrace

error: test run failed
RED_OUTPUT_END
INTENDED_ASSERTION: row-dependent search expression
INTENDED_ASSERTION_FIRED: true
RESTORED_SHA256: cb68c7faf4b052cb5be1ff2dc126eeffcfbf3e554da8022e5fc0743805557547
GREEN_COMMAND: env NEXTEST_RETRIES=0 cargo nextest run -j 4 --status-level fail --final-status-level fail -p zeppelin-embed-cypher --test mutation_lowering -E 'test(=mutation_rhs_keeps_fresh_properties_and_frozen_alias_slots)'
GREEN_EXIT: 0
GREEN_OUTPUT_BEGIN
   Compiling zeppelin-embed-cypher v0.4.2 (/Users/aghatage/Documents/code/zeppelin-embed-wt-ze-140/crates/zeppelin-embed-cypher)
    Finished `test` profile [unoptimized + debuginfo] target(s) in 0.52s
────────────
 Nextest run ID 342d7b71-59b5-49e4-90ab-7bfc76c6ea80 with nextest profile: default
    Starting 1 test across 1 binary (11 tests skipped)
────────────
     Summary [   0.014s] 1 test run: 1 passed, 11 skipped
GREEN_OUTPUT_END

===== MUTANT 7: restore-node-only-detach-validation =====
MUTATION_COMMAND: checked_replace crates/zeppelin-embed/src/property_graph/query/plan/mutation.rs --before-sha256 45d08e1888198bc796635a114809b0e7cfe22027b2eb9718f7536fca7f536889 --old "            Mutation::Delete {\n                entity: receiver, ..\n            } => entity(\n                description,\n                receiver,\n                output,\n                seen,\n                context,\n                ValueKinds::NODE\n                    .union(ValueKinds::REL)\n                    .union(ValueKinds::NULL),\n            )?,\n" --new "            Mutation::Delete {\n                entity: receiver,\n                detach,\n            } => {\n                let kinds = if detach {\n                    ValueKinds::NODE.union(ValueKinds::NULL)\n                } else {\n                    ValueKinds::NODE\n                        .union(ValueKinds::REL)\n                        .union(ValueKinds::NULL)\n                };\n                entity(description, receiver, output, seen, context, kinds)?;\n            }\n"
BEFORE_SHA256: 45d08e1888198bc796635a114809b0e7cfe22027b2eb9718f7536fca7f536889
MUTANT_SHA256: 55f214b7d19e58149e32645d53e6e222404105e5d2281dce7f9ce5dead7da520
RED_COMMAND: env NEXTEST_RETRIES=0 cargo nextest run -j 4 --status-level fail --final-status-level fail -p zeppelin-embed --features graph-cypher --test graph_query_plan -E 'test(=detach_delete_accepts_node_relationship_and_null_targets)'
RED_EXIT: 100
RED_OUTPUT_BEGIN
   Compiling zeppelin-embed v0.4.2 (/Users/aghatage/Documents/code/zeppelin-embed-wt-ze-140/crates/zeppelin-embed)
    Finished `test` profile [unoptimized + debuginfo] target(s) in 1.93s
────────────
 Nextest run ID fbb34e14-f984-4409-868b-7978a0de4be3 with nextest profile: default
    Starting 1 test across 1 binary (26 tests skipped)
        FAIL [   0.011s] (1/1) zeppelin-embed::graph_query_plan detach_delete_accepts_node_relationship_and_null_targets
  stdout ───

    running 1 test
    test detach_delete_accepts_node_relationship_and_null_targets ... FAILED

    failures:

    failures:
        detach_delete_accepts_node_relationship_and_null_targets

    test result: FAILED. 0 passed; 1 failed; 0 ignored; 0 measured; 26 filtered out; finished in 0.00s

  stderr ───

    thread 'detach_delete_accepts_node_relationship_and_null_targets' (35916769) panicked at crates/zeppelin-embed/tests/graph_query_plan.rs:890:9:
    assertion `left == right` failed
      left: Err(Type)
     right: Ok(())
    note: run with `RUST_BACKTRACE=1` environment variable to display a backtrace

────────────
     Summary [   0.011s] 1 test run: 0 passed, 1 failed, 26 skipped
        FAIL [   0.011s] (1/1) zeppelin-embed::graph_query_plan detach_delete_accepts_node_relationship_and_null_targets
  stdout ───

    running 1 test
    test detach_delete_accepts_node_relationship_and_null_targets ... FAILED

    failures:

    failures:
        detach_delete_accepts_node_relationship_and_null_targets

    test result: FAILED. 0 passed; 1 failed; 0 ignored; 0 measured; 26 filtered out; finished in 0.00s

  stderr ───

    thread 'detach_delete_accepts_node_relationship_and_null_targets' (35916769) panicked at crates/zeppelin-embed/tests/graph_query_plan.rs:890:9:
    assertion `left == right` failed
      left: Err(Type)
     right: Ok(())
    note: run with `RUST_BACKTRACE=1` environment variable to display a backtrace

error: test run failed
RED_OUTPUT_END
INTENDED_ASSERTION: left: Err(Type)
INTENDED_ASSERTION_FIRED: true
RESTORED_SHA256: 45d08e1888198bc796635a114809b0e7cfe22027b2eb9718f7536fca7f536889
GREEN_COMMAND: env NEXTEST_RETRIES=0 cargo nextest run -j 4 --status-level fail --final-status-level fail -p zeppelin-embed --features graph-cypher --test graph_query_plan -E 'test(=detach_delete_accepts_node_relationship_and_null_targets)'
GREEN_EXIT: 0
GREEN_OUTPUT_BEGIN
   Compiling zeppelin-embed v0.4.2 (/Users/aghatage/Documents/code/zeppelin-embed-wt-ze-140/crates/zeppelin-embed)
    Finished `test` profile [unoptimized + debuginfo] target(s) in 1.95s
────────────
 Nextest run ID 63c57cd2-1863-4999-9c96-4856f3c245c7 with nextest profile: default
    Starting 1 test across 1 binary (26 tests skipped)
────────────
     Summary [   0.011s] 1 test run: 1 passed, 26 skipped
GREEN_OUTPUT_END

===== MUTANT 8: force-dynamic-deleted-flag-false =====
MUTATION_COMMAND: checked_replace crates/zeppelin-embed-cypher/src/lowering/mod.rs --before-sha256 22e3babdbbcc30f4b08901fc4aa608273c22430145d3e55cdc4525cc819e8e62 --old "                bound.requires_deleted_runtime_validation()," --new "                false,"
BEFORE_SHA256: 22e3babdbbcc30f4b08901fc4aa608273c22430145d3e55cdc4525cc819e8e62
MUTANT_SHA256: 20ae4afd61c284d553bdb23b2e5896af915e676a75d588b0f8172c72ba7270c6
RED_COMMAND: env NEXTEST_RETRIES=0 cargo nextest run -j 4 --status-level fail --final-status-level fail -p zeppelin-embed-cypher --test mutation_lowering -E 'test(=mutation_deleted_boundaries_keep_static_errors_and_dynamic_obligation)'
RED_EXIT: 100
RED_OUTPUT_BEGIN
   Compiling zeppelin-embed v0.4.2 (/Users/aghatage/Documents/code/zeppelin-embed-wt-ze-140/crates/zeppelin-embed)
   Compiling zeppelin-embed-cypher v0.4.2 (/Users/aghatage/Documents/code/zeppelin-embed-wt-ze-140/crates/zeppelin-embed-cypher)
    Finished `test` profile [unoptimized + debuginfo] target(s) in 2.61s
────────────
 Nextest run ID 2f1b7706-797a-4f37-b923-82d194e7c2bc with nextest profile: default
    Starting 1 test across 1 binary (11 tests skipped)
        FAIL [   0.010s] (1/1) zeppelin-embed-cypher::mutation_lowering mutation_deleted_boundaries_keep_static_errors_and_dynamic_obligation
  stdout ───

    running 1 test
    test mutation_deleted_boundaries_keep_static_errors_and_dynamic_obligation ... FAILED

    failures:

    failures:
        mutation_deleted_boundaries_keep_static_errors_and_dynamic_obligation

    test result: FAILED. 0 passed; 1 failed; 0 ignored; 0 measured; 11 filtered out; finished in 0.00s

  stderr ───

    thread 'mutation_deleted_boundaries_keep_static_errors_and_dynamic_obligation' (35918737) panicked at crates/zeppelin-embed-cypher/tests/mutation_lowering.rs:930:13:
    OPTIONAL MATCH (n) DELETE n RETURN n
    note: run with `RUST_BACKTRACE=1` environment variable to display a backtrace

────────────
     Summary [   0.010s] 1 test run: 0 passed, 1 failed, 11 skipped
        FAIL [   0.010s] (1/1) zeppelin-embed-cypher::mutation_lowering mutation_deleted_boundaries_keep_static_errors_and_dynamic_obligation
  stdout ───

    running 1 test
    test mutation_deleted_boundaries_keep_static_errors_and_dynamic_obligation ... FAILED

    failures:

    failures:
        mutation_deleted_boundaries_keep_static_errors_and_dynamic_obligation

    test result: FAILED. 0 passed; 1 failed; 0 ignored; 0 measured; 11 filtered out; finished in 0.00s

  stderr ───

    thread 'mutation_deleted_boundaries_keep_static_errors_and_dynamic_obligation' (35918737) panicked at crates/zeppelin-embed-cypher/tests/mutation_lowering.rs:930:13:
    OPTIONAL MATCH (n) DELETE n RETURN n
    note: run with `RUST_BACKTRACE=1` environment variable to display a backtrace

error: test run failed
RED_OUTPUT_END
INTENDED_ASSERTION: OPTIONAL MATCH (n) DELETE n RETURN n
INTENDED_ASSERTION_FIRED: true
RESTORED_SHA256: 22e3babdbbcc30f4b08901fc4aa608273c22430145d3e55cdc4525cc819e8e62
GREEN_COMMAND: env NEXTEST_RETRIES=0 cargo nextest run -j 4 --status-level fail --final-status-level fail -p zeppelin-embed-cypher --test mutation_lowering -E 'test(=mutation_deleted_boundaries_keep_static_errors_and_dynamic_obligation)'
GREEN_EXIT: 0
GREEN_OUTPUT_BEGIN
   Compiling zeppelin-embed-cypher v0.4.2 (/Users/aghatage/Documents/code/zeppelin-embed-wt-ze-140/crates/zeppelin-embed-cypher)
    Finished `test` profile [unoptimized + debuginfo] target(s) in 1.26s
────────────
 Nextest run ID fa61e468-335b-4ea8-8000-7a95df726762 with nextest profile: default
    Starting 1 test across 1 binary (11 tests skipped)
────────────
     Summary [   0.011s] 1 test run: 1 passed, 11 skipped
GREEN_OUTPUT_END

===== MUTANT 9: omit-mutation-arena-owner =====
MUTATION_COMMAND: checked_replace crates/zeppelin-embed-cypher/src/lowering/mod.rs --before-sha256 22e3babdbbcc30f4b08901fc4aa608273c22430145d3e55cdc4525cc819e8e62 --old "            RetainedAllocation::arena(&mutations).map_err(memory_error)?,\n" --new ""
BEFORE_SHA256: 22e3babdbbcc30f4b08901fc4aa608273c22430145d3e55cdc4525cc819e8e62
MUTANT_SHA256: 1ec566a738915cd607ad56ec757df6a3b55f8ab49e66a06a1a71448708e51cf5
RED_COMMAND: env NEXTEST_RETRIES=0 cargo nextest run -j 4 --status-level fail --final-status-level fail -p zeppelin-embed-cypher --test mutation_lowering -E 'test(=mutation_owner_inventory_proves_full_capacity_and_facts)'
RED_EXIT: 100
RED_OUTPUT_BEGIN
   Compiling zeppelin-embed-cypher v0.4.2 (/Users/aghatage/Documents/code/zeppelin-embed-wt-ze-140/crates/zeppelin-embed-cypher)
    Finished `test` profile [unoptimized + debuginfo] target(s) in 1.34s
────────────
 Nextest run ID 5870544c-a1a2-47c9-8efb-f5531fcf922c with nextest profile: default
    Starting 1 test across 1 binary (11 tests skipped)
        FAIL [   0.010s] (1/1) zeppelin-embed-cypher::mutation_lowering mutation_owner_inventory_proves_full_capacity_and_facts
  stdout ───

    running 1 test
    test mutation_owner_inventory_proves_full_capacity_and_facts ... FAILED

    failures:

    failures:
        mutation_owner_inventory_proves_full_capacity_and_facts

    test result: FAILED. 0 passed; 1 failed; 0 ignored; 0 measured; 11 filtered out; finished in 0.00s

  stderr ───

    thread 'mutation_owner_inventory_proves_full_capacity_and_facts' (35919970) panicked at crates/zeppelin-embed-cypher/tests/mutation_lowering.rs:1065:17:
    assertion `left == right` failed
      left: 34
     right: 35
    note: run with `RUST_BACKTRACE=1` environment variable to display a backtrace

────────────
     Summary [   0.011s] 1 test run: 0 passed, 1 failed, 11 skipped
        FAIL [   0.010s] (1/1) zeppelin-embed-cypher::mutation_lowering mutation_owner_inventory_proves_full_capacity_and_facts
  stdout ───

    running 1 test
    test mutation_owner_inventory_proves_full_capacity_and_facts ... FAILED

    failures:

    failures:
        mutation_owner_inventory_proves_full_capacity_and_facts

    test result: FAILED. 0 passed; 1 failed; 0 ignored; 0 measured; 11 filtered out; finished in 0.00s

  stderr ───

    thread 'mutation_owner_inventory_proves_full_capacity_and_facts' (35919970) panicked at crates/zeppelin-embed-cypher/tests/mutation_lowering.rs:1065:17:
    assertion `left == right` failed
      left: 34
     right: 35
    note: run with `RUST_BACKTRACE=1` environment variable to display a backtrace

error: test run failed
RED_OUTPUT_END
INTENDED_ASSERTION: left: 34
INTENDED_ASSERTION_FIRED: true
RESTORED_SHA256: 22e3babdbbcc30f4b08901fc4aa608273c22430145d3e55cdc4525cc819e8e62
GREEN_COMMAND: env NEXTEST_RETRIES=0 cargo nextest run -j 4 --status-level fail --final-status-level fail -p zeppelin-embed-cypher --test mutation_lowering -E 'test(=mutation_owner_inventory_proves_full_capacity_and_facts)'
GREEN_EXIT: 0
GREEN_OUTPUT_BEGIN
   Compiling zeppelin-embed-cypher v0.4.2 (/Users/aghatage/Documents/code/zeppelin-embed-wt-ze-140/crates/zeppelin-embed-cypher)
    Finished `test` profile [unoptimized + debuginfo] target(s) in 1.25s
────────────
 Nextest run ID 9a4dc942-17b9-4bc4-865e-2b43c5c7e101 with nextest profile: default
    Starting 1 test across 1 binary (11 tests skipped)
────────────
     Summary [   0.010s] 1 test run: 1 passed, 11 skipped
GREEN_OUTPUT_END

===== MUTANT 10: omit-mutation-span-owner =====
MUTATION_COMMAND: checked_replace crates/zeppelin-embed-cypher/src/lowering/mod.rs --before-sha256 22e3babdbbcc30f4b08901fc4aa608273c22430145d3e55cdc4525cc819e8e62 --old "            RetainedAllocation::arena(&self.mutation_spans.arena).map_err(memory_error)?," --new "            RetainedAllocation::arena(&mutations).map_err(memory_error)?,"
BEFORE_SHA256: 22e3babdbbcc30f4b08901fc4aa608273c22430145d3e55cdc4525cc819e8e62
MUTANT_SHA256: 7fab70b2e267f7eb2605b0be8145044dea48848f3c87f543ea906350189599bd
RED_COMMAND: env NEXTEST_RETRIES=0 cargo nextest run -j 4 --status-level fail --final-status-level fail -p zeppelin-embed-cypher --test mutation_lowering -E 'test(=mutation_owner_inventory_proves_full_capacity_and_facts)'
RED_EXIT: 100
RED_OUTPUT_BEGIN
   Compiling zeppelin-embed-cypher v0.4.2 (/Users/aghatage/Documents/code/zeppelin-embed-wt-ze-140/crates/zeppelin-embed-cypher)
    Finished `test` profile [unoptimized + debuginfo] target(s) in 1.23s
────────────
 Nextest run ID a5c15973-6ee3-45fe-a322-75e450462c71 with nextest profile: default
    Starting 1 test across 1 binary (11 tests skipped)
        FAIL [   0.018s] (1/1) zeppelin-embed-cypher::mutation_lowering mutation_owner_inventory_proves_full_capacity_and_facts
  stdout ───

    running 1 test
    test mutation_owner_inventory_proves_full_capacity_and_facts ... FAILED

    failures:

    failures:
        mutation_owner_inventory_proves_full_capacity_and_facts

    test result: FAILED. 0 passed; 1 failed; 0 ignored; 0 measured; 11 filtered out; finished in 0.00s

  stderr ───

    thread 'mutation_owner_inventory_proves_full_capacity_and_facts' (35920984) panicked at crates/zeppelin-embed-cypher/tests/mutation_lowering.rs:1094:22:
    called `Result::unwrap()` on an `Err` value: UnprovedInput
    note: run with `RUST_BACKTRACE=1` environment variable to display a backtrace

────────────
     Summary [   0.018s] 1 test run: 0 passed, 1 failed, 11 skipped
        FAIL [   0.018s] (1/1) zeppelin-embed-cypher::mutation_lowering mutation_owner_inventory_proves_full_capacity_and_facts
  stdout ───

    running 1 test
    test mutation_owner_inventory_proves_full_capacity_and_facts ... FAILED

    failures:

    failures:
        mutation_owner_inventory_proves_full_capacity_and_facts

    test result: FAILED. 0 passed; 1 failed; 0 ignored; 0 measured; 11 filtered out; finished in 0.00s

  stderr ───

    thread 'mutation_owner_inventory_proves_full_capacity_and_facts' (35920984) panicked at crates/zeppelin-embed-cypher/tests/mutation_lowering.rs:1094:22:
    called `Result::unwrap()` on an `Err` value: UnprovedInput
    note: run with `RUST_BACKTRACE=1` environment variable to display a backtrace

error: test run failed
RED_OUTPUT_END
INTENDED_ASSERTION: UnprovedInput
INTENDED_ASSERTION_FIRED: true
RESTORED_SHA256: 22e3babdbbcc30f4b08901fc4aa608273c22430145d3e55cdc4525cc819e8e62
GREEN_COMMAND: env NEXTEST_RETRIES=0 cargo nextest run -j 4 --status-level fail --final-status-level fail -p zeppelin-embed-cypher --test mutation_lowering -E 'test(=mutation_owner_inventory_proves_full_capacity_and_facts)'
GREEN_EXIT: 0
GREEN_OUTPUT_BEGIN
   Compiling zeppelin-embed-cypher v0.4.2 (/Users/aghatage/Documents/code/zeppelin-embed-wt-ze-140/crates/zeppelin-embed-cypher)
    Finished `test` profile [unoptimized + debuginfo] target(s) in 1.20s
────────────
 Nextest run ID 713f7ee9-b425-421d-8228-4bc7e6f6913e with nextest profile: default
    Starting 1 test across 1 binary (11 tests skipped)
────────────
     Summary [   0.016s] 1 test run: 1 passed, 11 skipped
GREEN_OUTPUT_END

===== MUTANT 11: omit-final-mutation-capacity =====
MUTATION_COMMAND: checked_replace crates/zeppelin-embed-cypher/src/lowering/mod.rs --before-sha256 22e3babdbbcc30f4b08901fc4aa608273c22430145d3e55cdc4525cc819e8e62 --old "        let mut mutations = QueryArena::new(memory, self.mutations.len()).map_err(memory_error)?;\n" --new "        let mut mutations = QueryArena::new(memory, self.mutations.len().saturating_sub(1))\n            .map_err(memory_error)?;\n"
BEFORE_SHA256: 22e3babdbbcc30f4b08901fc4aa608273c22430145d3e55cdc4525cc819e8e62
MUTANT_SHA256: f6c008a7f0a7ae6eeb8b1cdad063aae71cdf9d4b8d4019c2f1f95807b25840c6
RED_COMMAND: env NEXTEST_RETRIES=0 cargo nextest run -j 4 --status-level fail --final-status-level fail -p zeppelin-embed-cypher --test lowering_allocation -E 'test(=mutation_lowering_real_allocator_fail_at_each_site_releases_all_backing)'
RED_EXIT: 100
RED_OUTPUT_BEGIN
   Compiling zeppelin-embed-cypher v0.4.2 (/Users/aghatage/Documents/code/zeppelin-embed-wt-ze-140/crates/zeppelin-embed-cypher)
    Finished `test` profile [unoptimized + debuginfo] target(s) in 0.80s
────────────
 Nextest run ID c572be18-4979-4900-bc59-e6d5b4c59684 with nextest profile: default
    Starting 1 test across 1 binary (2 tests skipped)
        FAIL [   0.016s] (1/1) zeppelin-embed-cypher::lowering_allocation mutation_lowering_real_allocator_fail_at_each_site_releases_all_backing
  stdout ───

    running 1 test
    test mutation_lowering_real_allocator_fail_at_each_site_releases_all_backing ... FAILED

    failures:

    failures:
        mutation_lowering_real_allocator_fail_at_each_site_releases_all_backing

    test result: FAILED. 0 passed; 1 failed; 0 ignored; 0 measured; 2 filtered out; finished in 0.00s

  stderr ───

    thread 'mutation_lowering_real_allocator_fail_at_each_site_releases_all_backing' (35922026) panicked at crates/zeppelin-embed-cypher/tests/lowering_allocation.rs:288:16:
    called `Result::unwrap()` on an `Err` value: ParseError { kind: Resource(Memory), span: Span { start: 0, end: 0 }, message: "read lowering reservation" }
    note: run with `RUST_BACKTRACE=1` environment variable to display a backtrace

────────────
     Summary [   0.016s] 1 test run: 0 passed, 1 failed, 2 skipped
        FAIL [   0.016s] (1/1) zeppelin-embed-cypher::lowering_allocation mutation_lowering_real_allocator_fail_at_each_site_releases_all_backing
  stdout ───

    running 1 test
    test mutation_lowering_real_allocator_fail_at_each_site_releases_all_backing ... FAILED

    failures:

    failures:
        mutation_lowering_real_allocator_fail_at_each_site_releases_all_backing

    test result: FAILED. 0 passed; 1 failed; 0 ignored; 0 measured; 2 filtered out; finished in 0.00s

  stderr ───

    thread 'mutation_lowering_real_allocator_fail_at_each_site_releases_all_backing' (35922026) panicked at crates/zeppelin-embed-cypher/tests/lowering_allocation.rs:288:16:
    called `Result::unwrap()` on an `Err` value: ParseError { kind: Resource(Memory), span: Span { start: 0, end: 0 }, message: "read lowering reservation" }
    note: run with `RUST_BACKTRACE=1` environment variable to display a backtrace

error: test run failed
RED_OUTPUT_END
INTENDED_ASSERTION: read lowering reservation
INTENDED_ASSERTION_FIRED: true
RESTORED_SHA256: 22e3babdbbcc30f4b08901fc4aa608273c22430145d3e55cdc4525cc819e8e62
GREEN_COMMAND: env NEXTEST_RETRIES=0 cargo nextest run -j 4 --status-level fail --final-status-level fail -p zeppelin-embed-cypher --test lowering_allocation -E 'test(=mutation_lowering_real_allocator_fail_at_each_site_releases_all_backing)'
GREEN_EXIT: 0
GREEN_OUTPUT_BEGIN
   Compiling zeppelin-embed-cypher v0.4.2 (/Users/aghatage/Documents/code/zeppelin-embed-wt-ze-140/crates/zeppelin-embed-cypher)
    Finished `test` profile [unoptimized + debuginfo] target(s) in 0.78s
────────────
 Nextest run ID af0b8afa-c19a-4532-ab1a-928d1289d8b8 with nextest profile: default
    Starting 1 test across 1 binary (2 tests skipped)
────────────
     Summary [   0.076s] 1 test run: 1 passed, 2 skipped
GREEN_OUTPUT_END

ALL_MUTANTS_RESTORED: 11/11
