info: cargo-llvm-cov currently setting cfg(coverage); you can opt-out it by passing --no-cfg-coverage
   Compiling zeppelin-embed-bench v0.4.2 (/Users/aghatage/Documents/code/zeppelin-embed-wt-ze-113/crates/zeppelin-embed-bench)
    Finished `test` profile [unoptimized + debuginfo] target(s) in 3.06s
     Running unittests src/lib.rs (target/llvm-cov-target/debug/deps/zeppelin_embed_bench-4f0f6fd7b10ca3f3)

running 28 tests
test graph_recall::cross_dataset_tests::glove_angular_recall_at_100_reaches_090_after_connectivity_repair ... ignored, needs the full glove-100-angular fixture and multi-hour graph build
test platform::energy::tests::energy_operator_command_requires_sudo ... ok
test platform::energy::tests::energy_parser_reports_positive_joules ... ok
test platform::bandwidth::tests::performance_core_count_parser_reads_system_profiler_shape ... ok
test graph_recall::cross_dataset_tests::cosine_normalization_records_zero_rows_without_inventing_a_direction ... ok
test graph_recall::cross_dataset_tests::cross_graph_dataset_contracts_are_exact ... ok
test platform::memory_graph::tests::cli_requires_three_repeats_and_parses_explicit_seed ... ok
test platform::memory_graph::tests::iteration_auto_scaling_terminates_at_a_positive_bounded_count ... ok
test platform::memory_graph::tests::relative_standard_deviation_uses_all_repeats ... ok
test platform::taint::tests::clean_taint_inputs_remain_unlabelled ... ok
test platform::taint::tests::load_and_sandbox_taints_are_both_retained_in_stable_order ... ok
test platform::taint::tests::unreadable_load_is_tainted ... ok
test platform::memory_graph::tests::chain_construction_is_one_full_cycle_without_early_repetition ... ok
test platform::memory_graph::tests::working_set_size_is_exactly_the_claimed_line_count ... ok
test graph_recall::cross_dataset_tests::cross_graph_loaders_reject_bad_geometry_and_nonfinite_cosine_rows ... ok
test user_bench::tests::percentiles_are_nearest_rank_on_the_sorted_sample ... ok
test user_bench::tests::recall_at_k_counts_shared_ids_over_k ... ok
test user_bench::tests::render_tables_emits_every_cell_row_with_blank_placeholders_for_missing_results ... ok
test platform::bandwidth::tests::bandwidth_smoke_is_plausible ... ok
test platform::footprint::tests::footprint_smoke_has_working_counter_case ... ok
test platform::memory_graph::tests::address_serialized_next_block_derives_from_current_block_contents ... ok
test graph_recall::cross_dataset_tests::small_cross_graph_build_cache_and_loaders_preserve_dataset_identity ... ok
test platform::memory_graph::tests::address_serialized_starts_cover_every_node_once_before_reuse ... ok
test platform::memory_graph::tests::address_serialized_fixture_is_one_full_cycle_without_hot_attractors ... ok
test platform::fsync::tests::fsync_smoke_latencies_are_plausible ... ok
test platform::bandwidth::tests::bandwidth_method_comparison_uses_matched_buffers ... ok
test platform::footprint::tests::footprint_clean_mmap_costs_zero_phys_footprint ... ok
test graph_recall::cross_dataset_tests::small_seeded_angular_recall_at_100_lower_bound_reaches_090 ... ok

test result: ok. 27 passed; 0 failed; 1 ignored; 0 measured; 0 filtered out; finished in 1.41s

     Running tests/frontier.rs (target/llvm-cov-target/debug/deps/frontier-9f684412329b84e1)

running 122 tests
test beir_eval_contract::the_mean_of_no_judged_queries_is_zero_rather_than_a_division_by_zero ... ok
test beir_eval_contract::dcg_uses_log2_of_rank_plus_one_with_ranks_from_one ... ok
test beir_eval_contract::dcg_truncates_at_k ... ok
test b1_profile_contract_rejects_release_and_debug_codegen ... ok
test beir_eval_contract::an_unmeasured_corpus_never_passes_the_gate ... ok
test beir_eval_contract::a_query_with_no_positive_judgement_is_skipped_not_scored_zero ... ok
test beir_eval_contract::ndcg_at_10_matches_a_hand_computed_graded_example ... ok
test beir_eval_contract::qrels_parse_with_and_without_the_header_row ... ok
test beir_eval_contract::astra_00_duplicate_parent_receives_gain_once ... ok
test beir_eval_contract::the_mean_skips_unjudged_queries_and_counts_missing_runs_as_zero ... ok
test beir_eval_contract::retrieving_nothing_scores_zero_not_one ... ok
test beir_eval_contract::a_malformed_qrels_row_is_a_typed_error_not_a_silent_skip ... ok
test beir_eval_contract::a_perfect_ranking_scores_exactly_one ... ok
test beir_eval_contract::the_gate_targets_are_the_flat_column_not_the_multifield_one ... ok
test beir_eval_contract::ranking_order_actually_matters ... ok
test beir_eval_contract::a_negative_grade_is_clamped_to_non_relevant_not_rejected ... ok
test benchmark_contracts::attested_compute_calibration_cannot_override_busy_preflight_or_zero_work ... ok
test benchmark_contracts::compute_calibration_stays_idle_on_load_and_rejects_overflow_before_sampling ... ok
test benchmark_contracts::compute_calibration_honors_a_load_veto_after_warmup_without_publishing_a_rate ... ok
test benchmark_contracts::kernel_gate_reports_all_invalid_measurements_before_computing_ratios ... ok
test beir_loader_reports_the_required_missing_path_and_io_source ... ok
test benchmark_contracts::measurement_odd_runs_use_the_middle_observation ... ok
test benchmark_contracts::measurement_rejects_nonfinite_variance_from_finite_samples ... ok
test benchmark_contracts::process_summary_rejects_invalid_counts_and_values_with_actionable_diagnostics ... ok
test benchmark_contracts::populated_user_report_keeps_backend_tier_and_missing_measurements_distinct ... ok
test benchmark_contracts::user_statistics_handle_empty_sets_duplicates_and_nearest_rank_boundaries ... ok
test benchmark_contracts::seeded_query_order_is_repeatable_and_contains_every_row_once ... ok
test frontier_attestation_rejects_an_unavailable_current_machine_identifier ... ok
test frontier_attestation_missing_schema_and_each_required_field_are_rejected ... ok
test frontier_attestation_write_refuses_live_battery_state ... ok
test frontier_attestation_writer_refuses_probe_failures_without_creating_a_file ... ok
test frontier_attestation_rejects_schema_identity_clock_and_thermal_corruption ... ok
test frontier_attestation_writer_refuses_clocks_outside_the_iso8601_range ... ok
test frontier_attestation_ttl_accepts_the_exact_edge_and_rejects_one_second_past ... ok
test frontier_below_tripwire_forces_continuation_despite_irreducible_pmu ... ok
test frontier_calibration_rejects_incoherent_raw_run_provenance ... ok
test frontier_cli_attest_is_an_exact_arity_command ... ok
test frontier_cli_no_arguments_returns_the_existing_usage_error ... ok
test benchmark_contracts::calibration_loading_retains_io_and_json_causes_through_the_roofline_api ... ok
test frontier_calibration_rejects_incomplete_artifacts_and_blank_override_reason ... ok
test frontier_cli_report_and_denominator_options_preserve_existing_validation ... ok
test frontier_cli_seed_requires_a_numeric_value ... ok
test frontier_cli_smoke_presence_is_recorded_and_absence_is_rejected ... ok
test frontier_cli_tune_requires_an_explicit_campaign ... ok
test frontier_cli_unknown_campaign_is_typed_and_not_silently_defaulted ... ok
test frontier_cli_unknown_subcommand_is_a_typed_usage_error ... ok
test frontier_cli_unknown_tune_flag_is_a_typed_error ... ok
test frontier_cli_valid_seed_is_parsed_into_the_tune_command ... ok
test beir_loader_reports_the_exact_malformed_file_and_line ... ok
test frontier_compute_calibration_reaches_platform_result ... ignored, requires a quiet benchmark host for strict timing statistics
test frontier_attestation_writer_refuses_warning_throttle_and_ambiguous_thermal_state ... ok
test frontier_compute_calibration_obeys_preflight_and_strict_statistics ... ok
test beir_loader_reads_the_standard_layout_without_dropping_optional_or_blank_rows ... ok
test frontier_exactly_one_hundred_completes_only_through_irreducible_pmu ... ok
test frontier_default_calibration_contains_two_supplied_operator_runs ... ok
test frontier_determinism_same_seed_produces_same_search_trajectory ... ok
test benchmark_contracts::ledger_rejects_blank_attestation_and_corrupt_counter_evidence_before_adoption ... ok
test frontier_default_roofline_loads_tracked_compute_provenance ... ok
test frontier_machine_identifier_falls_back_to_system_profiler_after_sysctl_failure ... ok
test frontier_machine_identifier_falls_back_when_sysctl_returns_a_blank_identifier ... ok
test benchmark_contracts::ledger_io_failures_name_the_affected_path_and_preserve_observed_history ... ok
test frontier_machine_identifier_prefers_sysctl_and_reports_both_command_failures ... ok
test frontier_attributed_synthetic_completion_stays_provisional_in_ledger ... ok
test frontier_measurement_rejects_load_that_starts_during_a_low_variance_run ... ok
test frontier_measurement_rejects_weakened_policies_invalid_samples_and_source_failures ... ok
test frontier_planted_broken_fast_is_discarded_before_speed_ranking ... ok
test frontier_planted_premature_stop_cannot_complete_on_percentage_or_stagnation ... ok
test frontier_planted_regression_is_ranked_below_baseline_and_reverted ... ok
test frontier_attestation_writer_and_file_source_report_typed_failures ... ok
test frontier_pmu_counter_export_parses_ipc_stalls_and_bandwidth ... ok
test frontier_attestation_writer_output_round_trips_through_error_fallback ... ok
test frontier_attestation_atomic_replace_is_private_and_leaves_no_temporary_file ... ok
test frontier_pmu_parser_requires_every_counter_family_and_rejects_nan ... ok
test frontier_pmu_rejects_incomplete_nonfinite_and_unattributed_evidence ... ok
test frontier_preflight_fails_closed_on_mocked_battery_state ... ok
test frontier_preflight_favorable_direct_probe_is_marked_direct ... ok
test frontier_preflight_probe_errors_with_battery_attestation_stays_idle ... ok
test frontier_ledger_is_append_only_and_detects_prior_byte_rewrites ... ok
test frontier_preflight_probe_errors_with_expired_attestation_stays_idle ... ok
test frontier_preflight_probe_errors_with_fresh_valid_attestation_is_ready_and_marked ... ok
test frontier_preflight_probe_errors_without_attestation_stays_idle ... ok
test frontier_ledger_preserves_append_order_and_summarizes_authority ... ok
test frontier_preflight_requires_explicit_ac_and_unthrottled_thermal_evidence ... ok
test frontier_attestation_persistence_reports_typed_open_and_rename_failures ... ok
test frontier_preflight_status_zero_iokit_error_can_use_fresh_attestation ... ok
test frontier_preflight_successful_battery_probe_cannot_be_overridden_by_attestation ... ok
test frontier_registry_labels_only_the_production_dotprod_shape ... ok
test frontier_roofline_above_one_hundred_is_loud_and_denominators_only_move_up ... ok
test frontier_resumed_search_matches_uninterrupted_seeded_trajectory ... ok
test frontier_roofline_math_matches_hand_computed_memory_and_compute_cases ... ok
test frontier_roofline_rejects_missing_invalid_and_downward_denominators ... ok
test frontier_calibration_loader_rejects_schema_and_tier_corruption ... ok
test frontier_stale_denominator_cannot_complete_despite_irreducible_pmu ... ok
test frontier_roofline_selects_declared_bound_and_exactly_one_hundred_is_not_stale ... ok
test frontier_tuner_rejects_empty_duplicate_invalid_and_all_incorrect_candidates ... ok
test frontier_tuner_rejects_mismatched_and_out_of_range_resume_state ... ok
test frontier_tuner_single_point_and_exhausted_restarts_terminate_without_repeats ... ok
test frontier_variance_budget_exhaustion_never_promotes_noisy_runs ... ok
test frontier_variance_cap_discards_noisy_run_and_retries_without_averaging_it ... ok
test frontier_ledger_rejects_malformed_history_with_line_context ... ok
test frontier_ledger_rejects_incomplete_rows_before_writing_bytes ... ok
test frontier_variant_identity_and_callable_builds_preserve_tier_and_shape_provenance ... ok
test frontier_variant_registry_consumes_task03_knob_space_and_materializes_real_builds ... ok
test frontier_workload_abstraction_executes_contiguous_and_strided_synthetic_patterns ... ok
test frontier_workload_construction_rejects_invalid_and_overflowing_shapes ... ok
test kernel_roofline_contract::measured_task03_rows_clear_generous_fivefold_headroom ... ok
test frontier_workload_sampler_propagates_execution_failure_before_timing ... ok
test kernel_roofline_contract::roofline_and_ratio_contracts_reject_a_tenfold_float_regression ... ok
test process_median_contract::across_process_summary_exposes_the_outlier_hidden_by_within_process_rsd ... ok
test process_median_contract::across_process_summary_refuses_even_or_invalid_process_sets ... ok
test frontier_measurement_and_ledger_row_preserve_attested_provenance ... ok
test frontier_calibration_rejects_lower_without_override_and_records_override ... ok
test scheme_level_scoring_matches_production_entry_points_and_measures_actual_buffers ... ok
test scheme_level_cli_and_audit_metadata_are_fail_closed_and_machine_readable ... ok
test scheme_level_validation_failures_and_candidate_records_are_typed ... ok
test frontier_roofline_loads_persisted_compute_calibration ... ok
test frontier_ledger_rejects_unknown_decisions_statuses_and_missing_attribution ... ok
test frontier_search_state_round_trips_for_process_resumption ... ok
test frontier_tuner_state_loader_rejects_io_json_schema_and_field_corruption ... ok
test frontier_cli_rejects_bad_subcommands_seeds_campaigns_and_persistence_flags ... ok
test frontier_pmu_capture_degrades_explicitly_when_recording_is_unavailable ... ok
test scheme_level_streaming_fixture_is_scoreable_and_above_ceiling_is_a_defect ... ok

test result: ok. 121 passed; 0 failed; 1 ignored; 0 measured; 0 filtered out; finished in 0.28s


    Finished report saved to /tmp/ze-113-qualification/green.json
