   Compiling zeppelin-embed v0.4.2 (/Users/aghatage/Documents/code/zeppelin-embed-wt-ze-123/crates/zeppelin-embed)
    Finished `test` profile [unoptimized + debuginfo] target(s) in 1.73s
────────────
 Nextest run ID f263f6ea-4adf-45fe-ae6b-c4a488a3f430 with nextest profile: default
    Starting 1 test across 1 binary (21 tests skipped)
        FAIL [   0.011s] (1/1) zeppelin-embed::graph_query_plan typed_pattern_requires_array_and_every_alternative_name_backing
  stdout ───

    running 1 test
    test typed_pattern_requires_array_and_every_alternative_name_backing ... FAILED

    failures:

    failures:
        typed_pattern_requires_array_and_every_alternative_name_backing

    test result: FAILED. 0 passed; 1 failed; 0 ignored; 0 measured; 21 filtered out; finished in 0.00s

  stderr ───

    thread 'typed_pattern_requires_array_and_every_alternative_name_backing' (34623828) panicked at crates/zeppelin-embed/tests/graph_query_plan.rs:1905:9:
    assertion failed: matches!(GraphPlan::validate(description, &mut facts,
        PlanFootprint::declared(1024 * 1024),
        PlanBacking::vector(&regions).unwrap(), &mut context),
        Err(PlanError::Footprint))
    note: run with `RUST_BACKTRACE=1` environment variable to display a backtrace

────────────
     Summary [   0.012s] 1 test run: 0 passed, 1 failed, 21 skipped
        FAIL [   0.011s] (1/1) zeppelin-embed::graph_query_plan typed_pattern_requires_array_and_every_alternative_name_backing
  stdout ───

    running 1 test
    test typed_pattern_requires_array_and_every_alternative_name_backing ... FAILED

    failures:

    failures:
        typed_pattern_requires_array_and_every_alternative_name_backing

    test result: FAILED. 0 passed; 1 failed; 0 ignored; 0 measured; 21 filtered out; finished in 0.00s

  stderr ───

    thread 'typed_pattern_requires_array_and_every_alternative_name_backing' (34623828) panicked at crates/zeppelin-embed/tests/graph_query_plan.rs:1905:9:
    assertion failed: matches!(GraphPlan::validate(description, &mut facts,
        PlanFootprint::declared(1024 * 1024),
        PlanBacking::vector(&regions).unwrap(), &mut context),
        Err(PlanError::Footprint))
    note: run with `RUST_BACKTRACE=1` environment variable to display a backtrace

error: test run failed
