   Compiling zerocopy v0.8.52
   Compiling serde_core v1.0.229
   Compiling once_cell v1.21.4
   Compiling zeppelin-embed-bench v0.4.2 (/Users/aghatage/Documents/code/zeppelin-embed-wt-ze-123/crates/zeppelin-embed-bench)
   Compiling zeppelin-embed-adversarial-oracle v0.4.2 (/Users/aghatage/Documents/code/zeppelin-embed-wt-ze-123/tests/adversarial-oracle)
   Compiling zeppelin-embed-ffi v0.4.2 (/Users/aghatage/Documents/code/zeppelin-embed-wt-ze-123/crates/zeppelin-embed-ffi)
   Compiling zeppelin-embed-cypher v0.4.2 (/Users/aghatage/Documents/code/zeppelin-embed-wt-ze-123/crates/zeppelin-embed-cypher)
   Compiling tempfile v3.25.0
   Compiling rusty-fork v0.3.1
   Compiling serde_json v1.0.151
   Compiling ppv-lite86 v0.2.21
   Compiling rand_chacha v0.9.0
   Compiling rand v0.9.5
   Compiling proptest v1.10.0
   Compiling zeppelin-embed-workspace-tests v0.4.2 (/Users/aghatage/Documents/code/zeppelin-embed-wt-ze-123/tests)
    Finished `test` profile [unoptimized + debuginfo] target(s) in 13.13s
────────────
 Nextest run ID cacc1f1a-fbfb-43b1-b224-e0e1f16cea22 with nextest profile: default
    Starting 1 test across 1 binary (455 tests skipped)
        FAIL [   0.017s] (1/1) zeppelin-embed-workspace-tests::adversarial_tests property_graph_query_probe_checks_values_scopes_and_inflight_faults
  stdout ───

    running 1 test
    test property_graph_query_probe_checks_values_scopes_and_inflight_faults ... FAILED

    failures:

    failures:
        property_graph_query_probe_checks_values_scopes_and_inflight_faults

    test result: FAILED. 0 passed; 1 failed; 0 ignored; 0 measured; 455 filtered out; finished in 0.01s

  stderr ───

    thread 'property_graph_query_probe_checks_values_scopes_and_inflight_faults' (34583354) panicked at tests/adversarial_tests.rs:18693:5:
    assertion `left == right` failed
      left: (390, 2, 3, 3)
     right: (390, 11, 4, 4)
    note: run with `RUST_BACKTRACE=1` environment variable to display a backtrace

────────────
     Summary [   0.018s] 1 test run: 0 passed, 1 failed, 455 skipped
        FAIL [   0.017s] (1/1) zeppelin-embed-workspace-tests::adversarial_tests property_graph_query_probe_checks_values_scopes_and_inflight_faults
  stdout ───

    running 1 test
    test property_graph_query_probe_checks_values_scopes_and_inflight_faults ... FAILED

    failures:

    failures:
        property_graph_query_probe_checks_values_scopes_and_inflight_faults

    test result: FAILED. 0 passed; 1 failed; 0 ignored; 0 measured; 455 filtered out; finished in 0.01s

  stderr ───

    thread 'property_graph_query_probe_checks_values_scopes_and_inflight_faults' (34583354) panicked at tests/adversarial_tests.rs:18693:5:
    assertion `left == right` failed
      left: (390, 2, 3, 3)
     right: (390, 11, 4, 4)
    note: run with `RUST_BACKTRACE=1` environment variable to display a backtrace

error: test run failed
