warning: unused import: `GraphName`
 --> crates/zeppelin-embed-cypher/src/lowering/mod.rs:5:38
  |
5 | use zeppelin_embed::property_graph::{GraphName, query::{ValueContext, plan::*, resources::*}};
  |                                      ^^^^^^^^^
  |
  = note: `#[warn(unused_imports)]` (part of `#[warn(unused)]`) on by default

warning: `zeppelin-embed-cypher` (lib) generated 1 warning (run `cargo fix --lib -p zeppelin-embed-cypher` to apply 1 suggestion)
   Compiling zeppelin-embed-cypher v0.4.2 (/Users/aghatage/Documents/code/zeppelin-embed-wt-ze-126/crates/zeppelin-embed-cypher)
    Finished `test` profile [unoptimized + debuginfo] target(s) in 0.23s
────────────
 Nextest run ID 4d886b02-98da-4e4e-abac-42ef779951d1 with nextest profile: default
    Starting 1 test across 1 binary (1 test skipped)
        FAIL [   0.014s] (1/1) zeppelin-embed-cypher::read_lowering read_lowering_remaps_nested_lists_arithmetic_and_scalar_functions
  stdout ───

    running 1 test
    test read_lowering_remaps_nested_lists_arithmetic_and_scalar_functions ... FAILED

    failures:

    failures:
        read_lowering_remaps_nested_lists_arithmetic_and_scalar_functions

    test result: FAILED. 0 passed; 1 failed; 0 ignored; 0 measured; 1 filtered out; finished in 0.00s

  stderr ───

    thread 'read_lowering_remaps_nested_lists_arithmetic_and_scalar_functions' (34724366) panicked at crates/zeppelin-embed-cypher/tests/read_lowering.rs:48:12:
    called `Result::unwrap()` on an `Err` value: ParseError { kind: BindingInvariant, span: Span { start: 7, end: 31 }, message: "scalar lowering pending" }
    note: run with `RUST_BACKTRACE=1` environment variable to display a backtrace

────────────
     Summary [   0.015s] 1 test run: 0 passed, 1 failed, 1 skipped
        FAIL [   0.014s] (1/1) zeppelin-embed-cypher::read_lowering read_lowering_remaps_nested_lists_arithmetic_and_scalar_functions
  stdout ───

    running 1 test
    test read_lowering_remaps_nested_lists_arithmetic_and_scalar_functions ... FAILED

    failures:

    failures:
        read_lowering_remaps_nested_lists_arithmetic_and_scalar_functions

    test result: FAILED. 0 passed; 1 failed; 0 ignored; 0 measured; 1 filtered out; finished in 0.00s

  stderr ───

    thread 'read_lowering_remaps_nested_lists_arithmetic_and_scalar_functions' (34724366) panicked at crates/zeppelin-embed-cypher/tests/read_lowering.rs:48:12:
    called `Result::unwrap()` on an `Err` value: ParseError { kind: BindingInvariant, span: Span { start: 7, end: 31 }, message: "scalar lowering pending" }
    note: run with `RUST_BACKTRACE=1` environment variable to display a backtrace

error: test run failed
