   Compiling zeppelin-embed v0.4.2 (/Users/aghatage/Documents/code/zeppelin-embed-wt-ze-126/crates/zeppelin-embed)
   Compiling zeppelin-embed-cypher v0.4.2 (/Users/aghatage/Documents/code/zeppelin-embed-wt-ze-126/crates/zeppelin-embed-cypher)
    Finished `test` profile [unoptimized + debuginfo] target(s) in 6.37s
────────────
 Nextest run ID 8de8b013-8649-427d-9fd7-090565afe57b with nextest profile: default
    Starting 1 test across 1 binary (6 tests skipped)
        FAIL [   0.016s] (1/1) zeppelin-embed-cypher::read_lowering read_lowering_completed_path_predicate_keeps_self_list_dependencies_and_spans
  stdout ───

    running 1 test
    test read_lowering_completed_path_predicate_keeps_self_list_dependencies_and_spans ... FAILED

    failures:

    failures:
        read_lowering_completed_path_predicate_keeps_self_list_dependencies_and_spans

    test result: FAILED. 0 passed; 1 failed; 0 ignored; 0 measured; 6 filtered out; finished in 0.00s

  stderr ───

    thread 'read_lowering_completed_path_predicate_keeps_self_list_dependencies_and_spans' (34855110) panicked at crates/zeppelin-embed-cypher/tests/read_lowering.rs:340:16:
    called `Result::unwrap()` on an `Err` value: ParseError { kind: Plan(Scope), span: Span { start: 0, end: 0 }, message: "generated read plan rejected" }
    note: run with `RUST_BACKTRACE=1` environment variable to display a backtrace

────────────
     Summary [   0.017s] 1 test run: 0 passed, 1 failed, 6 skipped
        FAIL [   0.016s] (1/1) zeppelin-embed-cypher::read_lowering read_lowering_completed_path_predicate_keeps_self_list_dependencies_and_spans
  stdout ───

    running 1 test
    test read_lowering_completed_path_predicate_keeps_self_list_dependencies_and_spans ... FAILED

    failures:

    failures:
        read_lowering_completed_path_predicate_keeps_self_list_dependencies_and_spans

    test result: FAILED. 0 passed; 1 failed; 0 ignored; 0 measured; 6 filtered out; finished in 0.00s

  stderr ───

    thread 'read_lowering_completed_path_predicate_keeps_self_list_dependencies_and_spans' (34855110) panicked at crates/zeppelin-embed-cypher/tests/read_lowering.rs:340:16:
    called `Result::unwrap()` on an `Err` value: ParseError { kind: Plan(Scope), span: Span { start: 0, end: 0 }, message: "generated read plan rejected" }
    note: run with `RUST_BACKTRACE=1` environment variable to display a backtrace

error: test run failed
