    Checking byteorder v1.5.0
    Checking bytemuck v1.25.2
    Checking xxhash-rust v0.8.18
    Checking libc v0.2.189
    Checking roaring v0.10.12
    Checking zeppelin-embed v0.4.2 (/Users/aghatage/Documents/code/zeppelin-embed-wt-ze-126/crates/zeppelin-embed)
error: passing a unit value to a function
   --> crates/zeppelin-embed/src/kernels/mod.rs:793:5
    |
793 |     observe_selected_score(table, vector_fault_kernel_id_dot_i8(), a.len());
    |     ^^^^^^^^^^^^^^^^^^^^^^^^^^^^^^^^^^^^^^^^^^^^^^^^^^^^^^^^^^^^^^^^^^^^^^^
    |
    = help: for further information visit https://rust-lang.github.io/rust-clippy/rust-1.93.0/index.html#unit_arg
    = note: `-D clippy::unit-arg` implied by `-D warnings`
    = help: to override `-D warnings` add `#[allow(clippy::unit_arg)]`
help: move the expression in front of the call and replace it with the unit literal `()`
    |
793 ~     vector_fault_kernel_id_dot_i8();
794 ~     observe_selected_score(table, (), a.len());
    |

error: passing a unit value to a function
   --> crates/zeppelin-embed/src/kernels/mod.rs:807:5
    |
807 |     observe_selected_score(table, vector_fault_kernel_id_dot_f32(), a.len());
    |     ^^^^^^^^^^^^^^^^^^^^^^^^^^^^^^^^^^^^^^^^^^^^^^^^^^^^^^^^^^^^^^^^^^^^^^^^
    |
    = help: for further information visit https://rust-lang.github.io/rust-clippy/rust-1.93.0/index.html#unit_arg
help: move the expression in front of the call and replace it with the unit literal `()`
    |
807 ~     vector_fault_kernel_id_dot_f32();
808 ~     observe_selected_score(table, (), a.len());
    |

error: passing a unit value to a function
   --> crates/zeppelin-embed/src/kernels/mod.rs:822:5
    |
822 |     observe_selected_score(table, vector_fault_kernel_id_dot_f16(), a.len());
    |     ^^^^^^^^^^^^^^^^^^^^^^^^^^^^^^^^^^^^^^^^^^^^^^^^^^^^^^^^^^^^^^^^^^^^^^^^
    |
    = help: for further information visit https://rust-lang.github.io/rust-clippy/rust-1.93.0/index.html#unit_arg
help: move the expression in front of the call and replace it with the unit literal `()`
    |
822 ~     vector_fault_kernel_id_dot_f16();
823 ~     observe_selected_score(table, (), a.len());
    |

error: passing a unit value to a function
   --> crates/zeppelin-embed/src/kernels/mod.rs:837:5
    |
837 |     observe_selected_score(table, vector_fault_kernel_id_hamming(), a.len());
    |     ^^^^^^^^^^^^^^^^^^^^^^^^^^^^^^^^^^^^^^^^^^^^^^^^^^^^^^^^^^^^^^^^^^^^^^^^
    |
    = help: for further information visit https://rust-lang.github.io/rust-clippy/rust-1.93.0/index.html#unit_arg
help: move the expression in front of the call and replace it with the unit literal `()`
    |
837 ~     vector_fault_kernel_id_hamming();
838 ~     observe_selected_score(table, (), a.len());
    |

error: passing a unit value to a function
   --> crates/zeppelin-embed/src/kernels/mod.rs:851:5
    |
851 | /     observe_selected_score(
852 | |         table,
853 | |         vector_fault_kernel_id_dot_i8_batch(),
854 | |         d.saturating_mul(out.len()),
855 | |     );
    | |_____^
    |
    = help: for further information visit https://rust-lang.github.io/rust-clippy/rust-1.93.0/index.html#unit_arg
help: move the expression in front of the call and replace it with the unit literal `()`
    |
851 ~     vector_fault_kernel_id_dot_i8_batch();
852 +     observe_selected_score(
853 +         table,
854 +         (),
855 +         d.saturating_mul(out.len()),
856 ~     );
    |

error: passing a unit value to a function
   --> crates/zeppelin-embed/src/kernels/mod.rs:868:5
    |
868 | /     observe_selected_score(
869 | |         table,
870 | |         vector_fault_kernel_id_hamming_batch(),
871 | |         d_bytes.saturating_mul(out.len()),
872 | |     );
    | |_____^
    |
    = help: for further information visit https://rust-lang.github.io/rust-clippy/rust-1.93.0/index.html#unit_arg
help: move the expression in front of the call and replace it with the unit literal `()`
    |
868 ~     vector_fault_kernel_id_hamming_batch();
869 +     observe_selected_score(
870 +         table,
871 +         (),
872 +         d_bytes.saturating_mul(out.len()),
873 ~     );
    |

error: passing a unit value to a function
   --> crates/zeppelin-embed/src/kernels/mod.rs:888:5
    |
888 |     observe_selected_score(table, vector_fault_kernel_id_dot_bit4(), q.len());
    |     ^^^^^^^^^^^^^^^^^^^^^^^^^^^^^^^^^^^^^^^^^^^^^^^^^^^^^^^^^^^^^^^^^^^^^^^^^
    |
    = help: for further information visit https://rust-lang.github.io/rust-clippy/rust-1.93.0/index.html#unit_arg
help: move the expression in front of the call and replace it with the unit literal `()`
    |
888 ~     vector_fault_kernel_id_dot_bit4();
889 ~     observe_selected_score(table, (), q.len());
    |

error: passing a unit value to a function
   --> crates/zeppelin-embed/src/kernels/mod.rs:897:5
    |
897 |     observe_selected_score(table, vector_fault_kernel_id_dot_bit4_prepared(), q.len());
    |     ^^^^^^^^^^^^^^^^^^^^^^^^^^^^^^^^^^^^^^^^^^^^^^^^^^^^^^^^^^^^^^^^^^^^^^^^^^^^^^^^^^
    |
    = help: for further information visit https://rust-lang.github.io/rust-clippy/rust-1.93.0/index.html#unit_arg
help: move the expression in front of the call and replace it with the unit literal `()`
    |
897 ~     vector_fault_kernel_id_dot_bit4_prepared();
898 ~     observe_selected_score(table, (), q.len());
    |

error: passing a unit value to a function
   --> crates/zeppelin-embed/src/kernels/mod.rs:914:5
    |
914 | /     observe_selected_score(
915 | |         table,
916 | |         vector_fault_kernel_id_score_bit4_batch(),
917 | |         d.saturating_mul(out.len()),
918 | |     );
    | |_____^
    |
    = help: for further information visit https://rust-lang.github.io/rust-clippy/rust-1.93.0/index.html#unit_arg
help: move the expression in front of the call and replace it with the unit literal `()`
    |
914 ~     vector_fault_kernel_id_score_bit4_batch();
915 +     observe_selected_score(
916 +         table,
917 +         (),
918 +         d.saturating_mul(out.len()),
919 ~     );
    |

error: passing a unit value to a function
   --> crates/zeppelin-embed/src/kernels/mod.rs:986:9
    |
986 | /         observe_selected_score(
987 | |             table,
988 | |             vector_fault_kernel_id_score_bit4_ptrs(),
989 | |             q.len().saturating_mul(out.len()),
990 | |         );
    | |_________^
    |
    = help: for further information visit https://rust-lang.github.io/rust-clippy/rust-1.93.0/index.html#unit_arg
help: move the expression in front of the call and replace it with the unit literal `()`
    |
986 ~         vector_fault_kernel_id_score_bit4_ptrs();
987 +         observe_selected_score(
988 +             table,
989 +             (),
990 +             q.len().saturating_mul(out.len()),
991 ~         );
    |

error: passing a unit value to a function
    --> crates/zeppelin-embed/src/kernels/mod.rs:1007:5
     |
1007 | /     observe_selected_score(
1008 | |         table,
1009 | |         vector_fault_kernel_id_dot_bit4_batch(),
1010 | |         d.saturating_mul(out.len()),
1011 | |     );
     | |_____^
     |
     = help: for further information visit https://rust-lang.github.io/rust-clippy/rust-1.93.0/index.html#unit_arg
help: move the expression in front of the call and replace it with the unit literal `()`
     |
1007 ~     vector_fault_kernel_id_dot_bit4_batch();
1008 +     observe_selected_score(
1009 +         table,
1010 +         (),
1011 +         d.saturating_mul(out.len()),
1012 ~     );
     |

error: call to `std::mem::drop` with a value that does not implement `Drop`. Dropping such a type only extends its contained lifetimes
    --> crates/zeppelin-embed/src/lifecycle/mod.rs:6955:5
     |
6955 |     drop(searcher);
     |     ^^^^^^^^^^^^^^
     |
note: argument has type `graph::search::GraphSearcher<'_>`
    --> crates/zeppelin-embed/src/lifecycle/mod.rs:6955:10
     |
6955 |     drop(searcher);
     |          ^^^^^^^^
     = help: for further information visit https://rust-lang.github.io/rust-clippy/rust-1.93.0/index.html#drop_non_drop
     = note: `-D clippy::drop-non-drop` implied by `-D warnings`
     = help: to override `-D warnings` add `#[allow(clippy::drop_non_drop)]`

error: the following explicit lifetimes could be elided: 'a
    --> crates/zeppelin-embed/src/lifecycle/mod.rs:7269:34
     |
7269 | fn exact_rescore_rows_for_search<'a>(
     |                                  ^^
7270 |     segment: &'a crate::segment::reader::SegmentReader,
     |               ^^
...
7275 | ) -> Result<&'a [f32], QueryError> {
     |              ^^
     |
     = help: for further information visit https://rust-lang.github.io/rust-clippy/rust-1.93.0/index.html#needless_lifetimes
     = note: `-D clippy::needless-lifetimes` implied by `-D warnings`
     = help: to override `-D warnings` add `#[allow(clippy::needless_lifetimes)]`
help: elide the lifetimes
     |
7269 ~ fn exact_rescore_rows_for_search(
7270 ~     segment: &crate::segment::reader::SegmentReader,
7271 |     #[cfg(any(test, feature = "test-support"))] controller: Option<
 ...
7274 |     #[cfg(any(test, feature = "test-support"))] tier: crate::scan::vector_fault::VectorSearchTier,
7275 ~ ) -> Result<&[f32], QueryError> {
     |

error: the following explicit lifetimes could be elided: 'a
    --> crates/zeppelin-embed/src/lifecycle/mod.rs:7298:34
     |
7298 | fn query_rescore_rows_for_search<'a>(
     |                                  ^^
7299 |     segment: &'a crate::segment::reader::SegmentReader,
     |               ^^
...
7304 | ) -> Result<&'a [f32], QueryError> {
     |              ^^
     |
     = help: for further information visit https://rust-lang.github.io/rust-clippy/rust-1.93.0/index.html#needless_lifetimes
help: elide the lifetimes
     |
7298 ~ fn query_rescore_rows_for_search(
7299 ~     segment: &crate::segment::reader::SegmentReader,
7300 |     #[cfg(any(test, feature = "test-support"))] controller: Option<
 ...
7303 |     #[cfg(any(test, feature = "test-support"))] tier: crate::scan::vector_fault::VectorSearchTier,
7304 ~ ) -> Result<&[f32], QueryError> {
     |

error: could not compile `zeppelin-embed` (lib) due to 14 previous errors
