   Compiling zeppelin-embed-cypher v0.4.2 (/Users/aghatage/Documents/code/zeppelin-embed-wt-ze-126/crates/zeppelin-embed-cypher)
    Finished `test` profile [unoptimized + debuginfo] target(s) in 0.67s
────────────
 Nextest run ID bae90d8f-b52b-409a-9edb-5cb0c84139c3 with nextest profile: default
    Starting 1 test across 1 binary (12 tests skipped)
        FAIL [   0.015s] (1/1) zeppelin-embed-cypher::read_lowering read_lowering_copies_all_accepted_scalar_operation_families_and_label_synthesis
  stdout ───

    running 1 test
    test read_lowering_copies_all_accepted_scalar_operation_families_and_label_synthesis ... FAILED

    failures:

    failures:
        read_lowering_copies_all_accepted_scalar_operation_families_and_label_synthesis

    test result: FAILED. 0 passed; 1 failed; 0 ignored; 0 measured; 12 filtered out; finished in 0.00s

  stderr ───

    thread 'read_lowering_copies_all_accepted_scalar_operation_families_and_label_synthesis' (34905679) panicked at crates/zeppelin-embed-cypher/tests/read_lowering.rs:477:70:
    assertion `left == right` failed
      left: "A"
     right: "n:A:B"
    note: run with `RUST_BACKTRACE=1` environment variable to display a backtrace

────────────
     Summary [   0.016s] 1 test run: 0 passed, 1 failed, 12 skipped
        FAIL [   0.015s] (1/1) zeppelin-embed-cypher::read_lowering read_lowering_copies_all_accepted_scalar_operation_families_and_label_synthesis
  stdout ───

    running 1 test
    test read_lowering_copies_all_accepted_scalar_operation_families_and_label_synthesis ... FAILED

    failures:

    failures:
        read_lowering_copies_all_accepted_scalar_operation_families_and_label_synthesis

    test result: FAILED. 0 passed; 1 failed; 0 ignored; 0 measured; 12 filtered out; finished in 0.00s

  stderr ───

    thread 'read_lowering_copies_all_accepted_scalar_operation_families_and_label_synthesis' (34905679) panicked at crates/zeppelin-embed-cypher/tests/read_lowering.rs:477:70:
    assertion `left == right` failed
      left: "A"
     right: "n:A:B"
    note: run with `RUST_BACKTRACE=1` environment variable to display a backtrace

error: test run failed
