   Compiling zeppelin-embed-workspace-tests v0.4.2 (/Users/aghatage/Documents/code/zeppelin-embed-wt-ze-49/tests)
    Finished `test` profile [unoptimized + debuginfo] target(s) in 2.71s
────────────
 Nextest run ID 32f3100e-f3db-4ca2-94de-9184569556d9 with nextest profile: default
    Starting 1 test across 1 binary (447 tests skipped)
        FAIL [   0.027s] (1/1) zeppelin-embed-workspace-tests::adversarial_tests adversarial::graph_runtime::completed_row_limit_refuses_collection_before_copying_the_unconsumed_row
  stdout ───

    running 1 test
    test adversarial::graph_runtime::completed_row_limit_refuses_collection_before_copying_the_unconsumed_row ... FAILED

    failures:

    failures:
        adversarial::graph_runtime::completed_row_limit_refuses_collection_before_copying_the_unconsumed_row

    test result: FAILED. 0 passed; 1 failed; 0 ignored; 0 measured; 447 filtered out; finished in 0.01s

  stderr ───

    thread 'adversarial::graph_runtime::completed_row_limit_refuses_collection_before_copying_the_unconsumed_row' (34050259) panicked at tests/adversarial/graph_runtime.rs:128:71:
    row cap before collector copy: "PG9 wrong fault phase/copy count: RuntimeFailure { operator: PlanNodeId(1), error: Limit(CompletedRows), counters: WorkCounters { values: [3, 0, 0, 0, 0, 0, 0, 0, 0, 0, 0, 0, 0, 0, 0, 0, 1, 3, 0, 0, 0, 32] } }"
    note: run with `RUST_BACKTRACE=1` environment variable to display a backtrace

────────────
     Summary [   0.029s] 1 test run: 0 passed, 1 failed, 447 skipped
        FAIL [   0.027s] (1/1) zeppelin-embed-workspace-tests::adversarial_tests adversarial::graph_runtime::completed_row_limit_refuses_collection_before_copying_the_unconsumed_row
  stdout ───

    running 1 test
    test adversarial::graph_runtime::completed_row_limit_refuses_collection_before_copying_the_unconsumed_row ... FAILED

    failures:

    failures:
        adversarial::graph_runtime::completed_row_limit_refuses_collection_before_copying_the_unconsumed_row

    test result: FAILED. 0 passed; 1 failed; 0 ignored; 0 measured; 447 filtered out; finished in 0.01s

  stderr ───

    thread 'adversarial::graph_runtime::completed_row_limit_refuses_collection_before_copying_the_unconsumed_row' (34050259) panicked at tests/adversarial/graph_runtime.rs:128:71:
    row cap before collector copy: "PG9 wrong fault phase/copy count: RuntimeFailure { operator: PlanNodeId(1), error: Limit(CompletedRows), counters: WorkCounters { values: [3, 0, 0, 0, 0, 0, 0, 0, 0, 0, 0, 0, 0, 0, 0, 0, 1, 3, 0, 0, 0, 32] } }"
    note: run with `RUST_BACKTRACE=1` environment variable to display a backtrace

error: test run failed
