   Compiling zeppelin-embed v0.4.2 (/Users/aghatage/Documents/code/zeppelin-embed-wt-ze-49/crates/zeppelin-embed)
    Finished `test` profile [unoptimized + debuginfo] target(s) in 0.22s
────────────
 Nextest run ID ca446674-6dda-437d-9406-92016a1881ea with nextest profile: default
    Starting 1 test across 1 binary (5 tests skipped)
        FAIL [   0.015s] (1/1) zeppelin-embed::graph_query_runtime retained_input_capabilities_charge_spare_capacity_once_and_reject_missing_spans
  stdout ───

    running 1 test
    test retained_input_capabilities_charge_spare_capacity_once_and_reject_missing_spans ... FAILED

    failures:

    failures:
        retained_input_capabilities_charge_spare_capacity_once_and_reject_missing_spans

    test result: FAILED. 0 passed; 1 failed; 0 ignored; 0 measured; 5 filtered out; finished in 0.00s

  stderr ───

    thread 'retained_input_capabilities_charge_spare_capacity_once_and_reject_missing_spans' (33959420) panicked at crates/zeppelin-embed/tests/graph_query_runtime.rs:98:9:
    assertion `left == right` failed: embedded region-arena controls must not be charged twice
      left: 1560
     right: 1496
    note: run with `RUST_BACKTRACE=1` environment variable to display a backtrace

────────────
     Summary [   0.016s] 1 test run: 0 passed, 1 failed, 5 skipped
        FAIL [   0.015s] (1/1) zeppelin-embed::graph_query_runtime retained_input_capabilities_charge_spare_capacity_once_and_reject_missing_spans
  stdout ───

    running 1 test
    test retained_input_capabilities_charge_spare_capacity_once_and_reject_missing_spans ... FAILED

    failures:

    failures:
        retained_input_capabilities_charge_spare_capacity_once_and_reject_missing_spans

    test result: FAILED. 0 passed; 1 failed; 0 ignored; 0 measured; 5 filtered out; finished in 0.00s

  stderr ───

    thread 'retained_input_capabilities_charge_spare_capacity_once_and_reject_missing_spans' (33959420) panicked at crates/zeppelin-embed/tests/graph_query_runtime.rs:98:9:
    assertion `left == right` failed: embedded region-arena controls must not be charged twice
      left: 1560
     right: 1496
    note: run with `RUST_BACKTRACE=1` environment variable to display a backtrace

error: test run failed
