   Compiling zeppelin-embed v0.4.2 (/Users/aghatage/Documents/code/zeppelin-embed-wt-ze-49/crates/zeppelin-embed)
    Finished `test` profile [unoptimized + debuginfo] target(s) in 0.24s
────────────
 Nextest run ID 1ae79503-e84e-4bbb-86aa-4bae947ae19c with nextest profile: default
    Starting 1 test across 1 binary (7 tests skipped)
        FAIL [   0.013s] (1/1) zeppelin-embed::graph_query_runtime failed_variable_reservation_does_not_count_uncopied_bytes
  stdout ───

    running 1 test
    test failed_variable_reservation_does_not_count_uncopied_bytes ... FAILED

    failures:

    failures:
        failed_variable_reservation_does_not_count_uncopied_bytes

    test result: FAILED. 0 passed; 1 failed; 0 ignored; 0 measured; 7 filtered out; finished in 0.00s

  stderr ───

    thread 'failed_variable_reservation_does_not_count_uncopied_bytes' (33972542) panicked at crates/zeppelin-embed/tests/graph_query_runtime.rs:278:5:
    assertion `left == right` failed: failed fixed-capacity check performed no copy
      left: 5
     right: 0
    note: run with `RUST_BACKTRACE=1` environment variable to display a backtrace

────────────
     Summary [   0.014s] 1 test run: 0 passed, 1 failed, 7 skipped
        FAIL [   0.013s] (1/1) zeppelin-embed::graph_query_runtime failed_variable_reservation_does_not_count_uncopied_bytes
  stdout ───

    running 1 test
    test failed_variable_reservation_does_not_count_uncopied_bytes ... FAILED

    failures:

    failures:
        failed_variable_reservation_does_not_count_uncopied_bytes

    test result: FAILED. 0 passed; 1 failed; 0 ignored; 0 measured; 7 filtered out; finished in 0.00s

  stderr ───

    thread 'failed_variable_reservation_does_not_count_uncopied_bytes' (33972542) panicked at crates/zeppelin-embed/tests/graph_query_runtime.rs:278:5:
    assertion `left == right` failed: failed fixed-capacity check performed no copy
      left: 5
     right: 0
    note: run with `RUST_BACKTRACE=1` environment variable to display a backtrace

error: test run failed
