   Compiling zeppelin-embed v0.4.2 (/private/tmp/ze44-root-predecessor-check/crates/zeppelin-embed)
warning: variable `generation_bound` is assigned to, but never used
    --> crates/zeppelin-embed/src/property_graph/storage/tree/directory.rs:1600:13
     |
1600 |         let mut generation_bound = self.root.generation;
     |             ^^^^^^^^^^^^^^^^^^^^
     |
     = note: consider using `_generation_bound` instead
     = note: `#[warn(unused_variables)]` (part of `#[warn(unused)]`) on by default

warning: value assigned to `generation_bound` is never read
    --> crates/zeppelin-embed/src/property_graph/storage/tree/directory.rs:1645:13
     |
1645 |             generation_bound = page.header().generation;
     |             ^^^^^^^^^^^^^^^^^^^^^^^^^^^^^^^^^^^^^^^^^^^
     |
     = help: maybe it is overwritten before being read?
     = note: `#[warn(unused_assignments)]` (part of `#[warn(unused)]`) on by default

warning: `zeppelin-embed` (lib) generated 2 warnings
    Finished `test` profile [unoptimized + debuginfo] target(s) in 2.15s
────────────
 Nextest run ID d8469048-7744-46df-b0d4-162f66f1ca68 with nextest profile: default
    Starting 1 test across 1 binary (32 tests skipped)
        FAIL [   0.019s] (1/1) zeppelin-embed::graph_directories predecessor_seek_rejects_future_leaf_on_selected_and_previous_paths
  stdout ───

    running 1 test
    test predecessor_seek_rejects_future_leaf_on_selected_and_previous_paths ... FAILED

    failures:

    failures:
        predecessor_seek_rejects_future_leaf_on_selected_and_previous_paths

    test result: FAILED. 0 passed; 1 failed; 0 ignored; 0 measured; 32 filtered out; finished in 0.01s

  stderr ───

    thread 'predecessor_seek_rejects_future_leaf_on_selected_and_previous_paths' (34997277) panicked at crates/zeppelin-embed/tests/graph_directories.rs:356:9:
    selected and cross-leaf paths retain the original parent generation
    note: run with `RUST_BACKTRACE=1` environment variable to display a backtrace

────────────
     Summary [   0.020s] 1 test run: 0 passed, 1 failed, 32 skipped
        FAIL [   0.019s] (1/1) zeppelin-embed::graph_directories predecessor_seek_rejects_future_leaf_on_selected_and_previous_paths
  stdout ───

    running 1 test
    test predecessor_seek_rejects_future_leaf_on_selected_and_previous_paths ... FAILED

    failures:

    failures:
        predecessor_seek_rejects_future_leaf_on_selected_and_previous_paths

    test result: FAILED. 0 passed; 1 failed; 0 ignored; 0 measured; 32 filtered out; finished in 0.01s

  stderr ───

    thread 'predecessor_seek_rejects_future_leaf_on_selected_and_previous_paths' (34997277) panicked at crates/zeppelin-embed/tests/graph_directories.rs:356:9:
    selected and cross-leaf paths retain the original parent generation
    note: run with `RUST_BACKTRACE=1` environment variable to display a backtrace

error: test run failed
