   Compiling zerocopy v0.8.52
   Compiling serde_core v1.0.229
   Compiling zeppelin-embed-bench v0.4.2 (/Users/aghatage/Documents/code/zeppelin-embed-wt-ze-141/crates/zeppelin-embed-bench)
   Compiling zeppelin-embed-adversarial-oracle v0.4.2 (/Users/aghatage/Documents/code/zeppelin-embed-wt-ze-141/tests/adversarial-oracle)
   Compiling zeppelin-embed-cypher v0.4.2 (/Users/aghatage/Documents/code/zeppelin-embed-wt-ze-141/crates/zeppelin-embed-cypher)
   Compiling tempfile v3.25.0
   Compiling rusty-fork v0.3.1
   Compiling zeppelin-embed-ffi v0.4.2 (/Users/aghatage/Documents/code/zeppelin-embed-wt-ze-141/crates/zeppelin-embed-ffi)
   Compiling serde_json v1.0.151
   Compiling ppv-lite86 v0.2.21
   Compiling rand_chacha v0.9.0
   Compiling rand v0.9.5
   Compiling proptest v1.10.0
   Compiling zeppelin-embed-workspace-tests v0.4.2 (/Users/aghatage/Documents/code/zeppelin-embed-wt-ze-141/tests)
    Finished `test` profile [unoptimized + debuginfo] target(s) in 15.52s
────────────
 Nextest run ID c0ba6dd0-7985-4721-a104-bfe905ef75cf with nextest profile: default
    Starting 4 tests across 1 binary (469 tests skipped)
        PASS [   0.025s] (1/4) zeppelin-embed-workspace-tests::adversarial_tests completed_owner_probe_preserves_bits_bags_and_real_fault_controls
        PASS [   0.054s] (2/4) zeppelin-embed-workspace-tests::adversarial_tests property_graph_response_probe_checks_real_owners_and_paired_faults
        PASS [   3.382s] (3/4) zeppelin-embed-workspace-tests::adversarial_tests one_runner_episode_reaches_required_graph_response_contracts
        PASS [   3.774s] (4/4) zeppelin-embed-workspace-tests::adversarial_tests one_runner_episode_reaches_completed_owner_controls
────────────
     Summary [   3.775s] 4 tests run: 4 passed, 469 skipped
