    Checking bitflags v2.13.1
    Checking cfg-if v1.0.4
    Checking fastrand v2.4.1
    Checking once_cell v1.21.4
    Checking zeppelin-embed v0.4.2 (/Users/aghatage/Documents/code/zeppelin-embed-wt-ze-141/crates/zeppelin-embed)
    Checking errno v0.3.14
    Checking getrandom v0.3.4
    Checking rustix v1.1.3
    Checking tempfile v3.25.0
    Checking zeppelin-embed-cypher v0.4.2 (/Users/aghatage/Documents/code/zeppelin-embed-wt-ze-141/crates/zeppelin-embed-cypher)
    Checking zeppelin-embed-ffi v0.4.2 (/Users/aghatage/Documents/code/zeppelin-embed-wt-ze-141/crates/zeppelin-embed-ffi)
error: accessing first element with `values.get(0)`
   --> crates/zeppelin-embed-ffi/src/graph_result/test_support/conversion.rs:485:18
    |
485 |     let scalar = values.get(0).ok_or_else(observation_shape)?;
    |                  ^^^^^^^^^^^^^ help: try: `values.first()`
    |
    = help: for further information visit https://rust-lang.github.io/rust-clippy/rust-1.93.0/index.html#get_first
    = note: `-D clippy::get-first` implied by `-D warnings`
    = help: to override `-D warnings` add `#[allow(clippy::get_first)]`

error: could not compile `zeppelin-embed-ffi` (lib) due to 1 previous error
warning: build failed, waiting for other jobs to finish...
error: this function has too many arguments (10/7)
   --> crates/zeppelin-embed-ffi/src/graph_result/conversion/tests.rs:410:1
    |
410 | / fn report_fixture(
411 | |     call: u32,
412 | |     kind: SearchKind,
413 | |     requested_tier: Option<SearchTier>,
...   |
420 | |     work: WorkCounters,
421 | | ) -> SearchReport {
    | |_________________^
    |
    = help: for further information visit https://rust-lang.github.io/rust-clippy/rust-1.93.0/index.html#too_many_arguments
    = note: `-D clippy::too-many-arguments` implied by `-D warnings`
    = help: to override `-D warnings` add `#[allow(clippy::too_many_arguments)]`

error: call to `std::mem::drop` with a value that does not implement `Drop`. Dropping such a type only extends its contained lifetimes
    --> crates/zeppelin-embed-ffi/src/graph_result/conversion/tests.rs:1126:9
     |
1126 |         drop(source);
     |         ^^^^^^^^^^^^
     |
note: argument has type `graph_result::conversion::tests::NativeSource<'_>`
    --> crates/zeppelin-embed-ffi/src/graph_result/conversion/tests.rs:1126:14
     |
1126 |         drop(source);
     |              ^^^^^^
     = help: for further information visit https://rust-lang.github.io/rust-clippy/rust-1.93.0/index.html#drop_non_drop
     = note: `-D clippy::drop-non-drop` implied by `-D warnings`
     = help: to override `-D warnings` add `#[allow(clippy::drop_non_drop)]`

error: could not compile `zeppelin-embed-ffi` (lib test) due to 3 previous errors
