    Finished `test` profile [unoptimized + debuginfo] target(s) in 0.01s
────────────
 Nextest run ID a766fb3a-2e0d-4260-b1a8-6ed3252bad02 with nextest profile: default
    Starting 1 test across 1 binary (30 tests skipped)
        FAIL [   0.007s] (1/1) zeppelin-embed-ffi graph_result::conversion::tests::graph_result_native_driver_finalizes_all_23_exact_counters
  stdout ───

    running 1 test
    test graph_result::conversion::tests::graph_result_native_driver_finalizes_all_23_exact_counters ... FAILED

    failures:

    failures:
        graph_result::conversion::tests::graph_result_native_driver_finalizes_all_23_exact_counters

    test result: FAILED. 0 passed; 1 failed; 0 ignored; 0 measured; 30 filtered out; finished in 0.00s

  stderr ───

    thread 'graph_result::conversion::tests::graph_result_native_driver_finalizes_all_23_exact_counters' (35479580) panicked at crates/zeppelin-embed-ffi/src/graph_result/conversion/tests.rs:771:54:
    called `Result::unwrap()` on an `Err` value: Limit(SearchInvocations)
    note: run with `RUST_BACKTRACE=1` environment variable to display a backtrace

────────────
     Summary [   0.008s] 1 test run: 0 passed, 1 failed, 30 skipped
        FAIL [   0.007s] (1/1) zeppelin-embed-ffi graph_result::conversion::tests::graph_result_native_driver_finalizes_all_23_exact_counters
  stdout ───

    running 1 test
    test graph_result::conversion::tests::graph_result_native_driver_finalizes_all_23_exact_counters ... FAILED

    failures:

    failures:
        graph_result::conversion::tests::graph_result_native_driver_finalizes_all_23_exact_counters

    test result: FAILED. 0 passed; 1 failed; 0 ignored; 0 measured; 30 filtered out; finished in 0.00s

  stderr ───

    thread 'graph_result::conversion::tests::graph_result_native_driver_finalizes_all_23_exact_counters' (35479580) panicked at crates/zeppelin-embed-ffi/src/graph_result/conversion/tests.rs:771:54:
    called `Result::unwrap()` on an `Err` value: Limit(SearchInvocations)
    note: run with `RUST_BACKTRACE=1` environment variable to display a backtrace

error: test run failed
