   Compiling zeppelin-embed v0.4.2 (/private/tmp/ze44-root-read-probe/crates/zeppelin-embed)
warning: function `validate_graph_root_reference` is never used
   --> crates/zeppelin-embed/src/property_graph/wal/mod.rs:316:15
    |
316 | pub(crate) fn validate_graph_root_reference(
    |               ^^^^^^^^^^^^^^^^^^^^^^^^^^^^^
    |
    = note: `#[warn(dead_code)]` (part of `#[warn(unused)]`) on by default

warning: function `validate_reference_geometry` is never used
   --> crates/zeppelin-embed/src/property_graph/wal/codec.rs:166:15
    |
166 | pub(super) fn validate_reference_geometry(v: RequiredRef) -> Result<(), WalError> {
    |               ^^^^^^^^^^^^^^^^^^^^^^^^^^^

warning: `zeppelin-embed` (lib) generated 2 warnings
    Finished `test` profile [unoptimized + debuginfo] target(s) in 2.47s
────────────
 Nextest run ID e9f6b5fd-a030-4f49-a85d-ed24e509e37b with nextest profile: default
    Starting 1 test across 1 binary (3 tests skipped)
        FAIL [   0.054s] (1/1) zeppelin-embed::graph_storage_prepare authentic_native_graph_candidate_pairs_same_batch_self_and_parallel_edges
  stdout ───

    running 1 test
    test authentic_native_graph_candidate_pairs_same_batch_self_and_parallel_edges ... FAILED

    failures:

    failures:
        authentic_native_graph_candidate_pairs_same_batch_self_and_parallel_edges

    test result: FAILED. 0 passed; 1 failed; 0 ignored; 0 measured; 3 filtered out; finished in 0.05s

  stderr ───

    thread 'authentic_native_graph_candidate_pairs_same_batch_self_and_parallel_edges' (35080323) panicked at crates/zeppelin-embed/tests/graph_storage_prepare.rs:453:13:
    WAL/source binding corruption 3 was admitted
    note: run with `RUST_BACKTRACE=1` environment variable to display a backtrace

────────────
     Summary [   0.054s] 1 test run: 0 passed, 1 failed, 3 skipped
        FAIL [   0.054s] (1/1) zeppelin-embed::graph_storage_prepare authentic_native_graph_candidate_pairs_same_batch_self_and_parallel_edges
  stdout ───

    running 1 test
    test authentic_native_graph_candidate_pairs_same_batch_self_and_parallel_edges ... FAILED

    failures:

    failures:
        authentic_native_graph_candidate_pairs_same_batch_self_and_parallel_edges

    test result: FAILED. 0 passed; 1 failed; 0 ignored; 0 measured; 3 filtered out; finished in 0.05s

  stderr ───

    thread 'authentic_native_graph_candidate_pairs_same_batch_self_and_parallel_edges' (35080323) panicked at crates/zeppelin-embed/tests/graph_storage_prepare.rs:453:13:
    WAL/source binding corruption 3 was admitted
    note: run with `RUST_BACKTRACE=1` environment variable to display a backtrace

error: test run failed
