   Compiling zeppelin-embed v0.4.2 (/Users/aghatage/Documents/code/zeppelin-embed-wt-ze-37/crates/zeppelin-embed)
    Finished `test` profile [unoptimized + debuginfo] target(s) in 1.61s
────────────
 Nextest run ID 724e614f-c2d5-46aa-b4ce-a9294d157d67 with nextest profile: default
    Starting 1 test across 1 binary (26 tests skipped)
        FAIL [   0.011s] (1/1) zeppelin-embed::graph_write_staging result_materialization_counts_overlapping_arenas_and_retains_real_registration
  stdout ───

    running 1 test
    test result_materialization_counts_overlapping_arenas_and_retains_real_registration ... FAILED

    failures:

    failures:
        result_materialization_counts_overlapping_arenas_and_retains_real_registration

    test result: FAILED. 0 passed; 1 failed; 0 ignored; 0 measured; 26 filtered out; finished in 0.00s

  stderr ───

    thread 'result_materialization_counts_overlapping_arenas_and_retains_real_registration' (34147238) panicked at crates/zeppelin-embed/tests/graph_write_staging.rs:466:5:
    the complete ABI arena must fit its result limit
    note: run with `RUST_BACKTRACE=1` environment variable to display a backtrace

────────────
     Summary [   0.012s] 1 test run: 0 passed, 1 failed, 26 skipped
        FAIL [   0.011s] (1/1) zeppelin-embed::graph_write_staging result_materialization_counts_overlapping_arenas_and_retains_real_registration
  stdout ───

    running 1 test
    test result_materialization_counts_overlapping_arenas_and_retains_real_registration ... FAILED

    failures:

    failures:
        result_materialization_counts_overlapping_arenas_and_retains_real_registration

    test result: FAILED. 0 passed; 1 failed; 0 ignored; 0 measured; 26 filtered out; finished in 0.00s

  stderr ───

    thread 'result_materialization_counts_overlapping_arenas_and_retains_real_registration' (34147238) panicked at crates/zeppelin-embed/tests/graph_write_staging.rs:466:5:
    the complete ABI arena must fit its result limit
    note: run with `RUST_BACKTRACE=1` environment variable to display a backtrace

error: test run failed
