   Compiling zeppelin-embed v0.4.2 (/Users/aghatage/Documents/code/zeppelin-embed-wt-ze-37/crates/zeppelin-embed)
    Finished `test` profile [unoptimized + debuginfo] target(s) in 0.22s
────────────
 Nextest run ID 4f17b5a5-2394-4889-9040-9a22e5394f3f with nextest profile: default
    Starting 1 test across 1 binary (3 tests skipped)
        FAIL [   0.008s] (1/1) zeppelin-embed::graph_write_staging receipt_limits_reject_before_returning_ids_including_replay_results
  stdout ───

    running 1 test
    test receipt_limits_reject_before_returning_ids_including_replay_results ... FAILED

    failures:

    failures:
        receipt_limits_reject_before_returning_ids_including_replay_results

    test result: FAILED. 0 passed; 1 failed; 0 ignored; 0 measured; 3 filtered out; finished in 0.00s

  stderr ───

    thread 'receipt_limits_reject_before_returning_ids_including_replay_results' (33931901) panicked at crates/zeppelin-embed/tests/graph_write_staging.rs:110:5:
    zero result rows must reject before exposing an allocated identity
    note: run with `RUST_BACKTRACE=1` environment variable to display a backtrace

────────────
     Summary [   0.009s] 1 test run: 0 passed, 1 failed, 3 skipped
        FAIL [   0.008s] (1/1) zeppelin-embed::graph_write_staging receipt_limits_reject_before_returning_ids_including_replay_results
  stdout ───

    running 1 test
    test receipt_limits_reject_before_returning_ids_including_replay_results ... FAILED

    failures:

    failures:
        receipt_limits_reject_before_returning_ids_including_replay_results

    test result: FAILED. 0 passed; 1 failed; 0 ignored; 0 measured; 3 filtered out; finished in 0.00s

  stderr ───

    thread 'receipt_limits_reject_before_returning_ids_including_replay_results' (33931901) panicked at crates/zeppelin-embed/tests/graph_write_staging.rs:110:5:
    zero result rows must reject before exposing an allocated identity
    note: run with `RUST_BACKTRACE=1` environment variable to display a backtrace

error: test run failed
