   Compiling zeppelin-embed v0.4.2 (/Users/aghatage/Documents/code/zeppelin-embed-wt-ze-37/crates/zeppelin-embed)
    Finished `test` profile [unoptimized + debuginfo] target(s) in 0.35s
────────────
 Nextest run ID 120c5d4a-59bc-4931-bc92-966c3b822f1a with nextest profile: default
    Starting 1 test across 1 binary (26 tests skipped)
        FAIL [   0.012s] (1/1) zeppelin-embed::graph_write_staging result_registry_capacity_fits_writer_envelope_before_private_ids
  stdout ───

    running 1 test
    test result_registry_capacity_fits_writer_envelope_before_private_ids ... FAILED

    failures:

    failures:
        result_registry_capacity_fits_writer_envelope_before_private_ids

    test result: FAILED. 0 passed; 1 failed; 0 ignored; 0 measured; 26 filtered out; finished in 0.00s

  stderr ───

    thread 'result_registry_capacity_fits_writer_envelope_before_private_ids' (34137434) panicked at crates/zeppelin-embed/tests/graph_write_staging.rs:1935:5:
    assertion `left == right` failed: known registry/control capacity must fit the writer envelope before private IDs
      left: 1
     right: 0
    note: run with `RUST_BACKTRACE=1` environment variable to display a backtrace

────────────
     Summary [   0.012s] 1 test run: 0 passed, 1 failed, 26 skipped
        FAIL [   0.012s] (1/1) zeppelin-embed::graph_write_staging result_registry_capacity_fits_writer_envelope_before_private_ids
  stdout ───

    running 1 test
    test result_registry_capacity_fits_writer_envelope_before_private_ids ... FAILED

    failures:

    failures:
        result_registry_capacity_fits_writer_envelope_before_private_ids

    test result: FAILED. 0 passed; 1 failed; 0 ignored; 0 measured; 26 filtered out; finished in 0.00s

  stderr ───

    thread 'result_registry_capacity_fits_writer_envelope_before_private_ids' (34137434) panicked at crates/zeppelin-embed/tests/graph_write_staging.rs:1935:5:
    assertion `left == right` failed: known registry/control capacity must fit the writer envelope before private IDs
      left: 1
     right: 0
    note: run with `RUST_BACKTRACE=1` environment variable to display a backtrace

error: test run failed
