   Compiling zeppelin-embed v0.4.2 (/Users/aghatage/Documents/code/zeppelin-embed-wt-ze-37/crates/zeppelin-embed)
    Finished `test` profile [unoptimized + debuginfo] target(s) in 0.18s
────────────
 Nextest run ID ade09c60-5bcb-4cf5-acee-1343ea1a69fe with nextest profile: default
    Starting 1 test across 1 binary (1 test skipped)
        FAIL [   0.013s] (1/1) zeppelin-embed::graph_write_staging mixed_replay_preserves_original_generation_and_uniform_duplicates_reject
  stdout ───

    running 1 test
    test mixed_replay_preserves_original_generation_and_uniform_duplicates_reject ... FAILED

    failures:

    failures:
        mixed_replay_preserves_original_generation_and_uniform_duplicates_reject

    test result: FAILED. 0 passed; 1 failed; 0 ignored; 0 measured; 1 filtered out; finished in 0.00s

  stderr ───

    thread 'mixed_replay_preserves_original_generation_and_uniform_duplicates_reject' (33913257) panicked at crates/zeppelin-embed/tests/graph_write_staging.rs:62:5:
    assertion `left == right` failed
      left: ItemReceipt { entity: Node(NodeId(10)), revision: GraphRevision(4), generation: GraphGeneration(8), replayed: false }
     right: ItemReceipt { entity: Node(NodeId(9)), revision: GraphRevision(4), generation: GraphGeneration(5), replayed: true }
    note: run with `RUST_BACKTRACE=1` environment variable to display a backtrace

────────────
     Summary [   0.014s] 1 test run: 0 passed, 1 failed, 1 skipped
        FAIL [   0.013s] (1/1) zeppelin-embed::graph_write_staging mixed_replay_preserves_original_generation_and_uniform_duplicates_reject
  stdout ───

    running 1 test
    test mixed_replay_preserves_original_generation_and_uniform_duplicates_reject ... FAILED

    failures:

    failures:
        mixed_replay_preserves_original_generation_and_uniform_duplicates_reject

    test result: FAILED. 0 passed; 1 failed; 0 ignored; 0 measured; 1 filtered out; finished in 0.00s

  stderr ───

    thread 'mixed_replay_preserves_original_generation_and_uniform_duplicates_reject' (33913257) panicked at crates/zeppelin-embed/tests/graph_write_staging.rs:62:5:
    assertion `left == right` failed
      left: ItemReceipt { entity: Node(NodeId(10)), revision: GraphRevision(4), generation: GraphGeneration(8), replayed: false }
     right: ItemReceipt { entity: Node(NodeId(9)), revision: GraphRevision(4), generation: GraphGeneration(5), replayed: true }
    note: run with `RUST_BACKTRACE=1` environment variable to display a backtrace

error: test run failed
