   Compiling zeppelin-embed v0.4.2 (/Users/aghatage/Documents/code/zeppelin-embed-wt-ze-37/crates/zeppelin-embed)
    Finished `test` profile [unoptimized + debuginfo] target(s) in 2.83s
────────────
 Nextest run ID 00a7719f-1826-436a-bc42-41bf66c8fb0d with nextest profile: default
    Starting 54 tests across 3 binaries
        PASS [   0.008s] ( 1/54) zeppelin-embed::graph_canonical full_width_directed_relationships_text_and_unicode_are_distinct
        PASS [   0.008s] ( 2/54) zeppelin-embed::graph_canonical canonical_property_order_and_labels_are_byte_exact
        PASS [   0.009s] ( 3/54) zeppelin-embed::graph_canonical forced_hash_collision_requires_every_byte_and_relocated_sources_compare_equal
        PASS [   0.009s] ( 4/54) zeppelin-embed::graph_canonical framing_is_charged_to_the_eight_mib_limit
        PASS [   0.007s] ( 5/54) zeppelin-embed::graph_canonical replay_provenance_fields_are_versioned_and_never_defaulted
        PASS [   0.007s] ( 6/54) zeppelin-embed::graph_canonical original_vector_bits_and_every_document_field_determine_contents
        PASS [   0.006s] ( 7/54) zeppelin-embed::graph_canonical scalar_list_tags_and_float_payloads_have_literal_goldens
        PASS [   0.008s] ( 8/54) zeppelin-embed::graph_canonical same_revision_replay_requires_contents_and_all_operation_fields
        PASS [   0.007s] ( 9/54) zeppelin-embed::graph_canonical short_io_and_interrupted_reads_preserve_exact_streaming
        PASS [   0.007s] (10/54) zeppelin-embed::graph_canonical stream_failures_cancellation_and_boundaries_fail_loudly
        PASS [   0.007s] (11/54) zeppelin-embed::graph_key_lifecycle batch_disposition_preserves_per_item_replay_generations_and_real_durable_changes
        PASS [   0.007s] (12/54) zeppelin-embed::graph_key_lifecycle cancellation_interrupts_long_key_comparison_before_reporting_key_mismatch
        PASS [   0.007s] (13/54) zeppelin-embed::graph_key_lifecycle cancellation_interrupts_target_sort_before_its_first_comparison_mutates_input
        PASS [   0.007s] (14/54) zeppelin-embed::graph_key_lifecycle controlled_provenance_matches_existing_admission_and_exact_framing
        PASS [   0.007s] (15/54) zeppelin-embed::graph_key_lifecycle cypher_final_state_changes_advance_once_and_never_create_retry_receipts
        PASS [   0.007s] (16/54) zeppelin-embed::graph_key_lifecycle every_key_transition_row_has_explicit_replay_conflict_and_change_outcomes
        PASS [   0.007s] (17/54) zeppelin-embed::graph_key_lifecycle exact_create_retry_preserves_original_outcome_and_rejects_equal_hash_drift
        PASS [   0.007s] (18/54) zeppelin-embed::graph_key_lifecycle invalid_provenance_kinds_and_private_finalization_fail_loudly
        PASS [   0.034s] (19/54) zeppelin-embed::graph_canonical seeded_property_permutation_is_an_equivalence_relation
        PASS [   0.007s] (20/54) zeppelin-embed::graph_key_lifecycle key_comparison_errors_and_cancellation_never_become_replay
        PASS [   0.006s] (21/54) zeppelin-embed::graph_key_lifecycle logical_finalization_checks_cancellation_while_streaming_long_key_provenance
        PASS [   0.006s] (22/54) zeppelin-embed::graph_key_lifecycle long_relationship_type_comparison_is_cancellable_and_exact
        PASS [   0.006s] (23/54) zeppelin-embed::graph_key_lifecycle never_used_key_create_stages_identity_and_explicit_provenance
        PASS [   0.006s] (24/54) zeppelin-embed::graph_key_lifecycle put_delete_recreate_preserve_fences_and_reject_old_incarnations
        PASS [   0.007s] (25/54) zeppelin-embed::graph_key_lifecycle relationship_puts_preserve_full_directed_endpoints_and_exact_type
        PASS [   0.006s] (26/54) zeppelin-embed::graph_key_lifecycle unkeyed_cypher_entities_keep_identity_and_checked_revision_without_receipts
        PASS [   0.007s] (27/54) zeppelin-embed::graph_key_lifecycle structured_batches_reject_every_repeated_key_or_entity_target
        PASS [   0.009s] (28/54) zeppelin-embed::graph_write_staging changed_names_intern_lazily_while_exact_replay_ignores_exhausted_allocators
        PASS [   0.010s] (29/54) zeppelin-embed::graph_write_staging admitted_high_waters_must_cover_every_live_incarnation_before_allocating
        PASS [   0.009s] (30/54) zeppelin-embed::graph_write_staging cypher_classifies_all_revisions_before_selecting_changed_generation
        PASS [   0.008s] (31/54) zeppelin-embed::graph_write_staging cypher_fresh_payload_interpretation_and_duplicate_fields_precede_all_private_ids
        PASS [   0.009s] (32/54) zeppelin-embed::graph_write_staging cypher_finalization_advances_once_and_consumed_local_ids_survive_net_empty_changes
        PASS [   0.009s] (33/54) zeppelin-embed::graph_write_staging cypher_outputs_require_complete_precommit_materialization_even_for_noop
        PASS [   0.008s] (34/54) zeppelin-embed::graph_write_staging cypher_result_layout_limit_precedes_generation_overflow
        PASS [   0.008s] (35/54) zeppelin-embed::graph_write_staging cypher_result_layout_is_validated_before_private_ids
        PASS [   0.007s] (36/54) zeppelin-embed::graph_write_staging exact_replay_reads_original_bytes_and_rejects_truncated_base_source
        PASS [   0.007s] (37/54) zeppelin-embed::graph_write_staging every_revision_precondition_is_classified_before_any_private_identity_assignment
        PASS [   0.008s] (38/54) zeppelin-embed::graph_write_staging final_view_drift_discards_materialized_abi_and_registration_without_receipts
        PASS [   0.008s] (39/54) zeppelin-embed::graph_write_staging forward_local_endpoints_resolve_before_relationship_canonicalization
        PASS [   0.079s] (40/54) zeppelin-embed::graph_key_lifecycle every_target_order_is_checked_and_cancellation_can_interrupt_each_stage
        PASS [   0.008s] (41/54) zeppelin-embed::graph_write_staging full_width_high_waters_and_revision_generation_overflow_never_wrap
        PASS [   0.008s] (42/54) zeppelin-embed::graph_write_staging fresh_relationship_fields_and_exact_input_framing_are_validated_before_private_ids
        PASS [   0.008s] (43/54) zeppelin-embed::graph_write_staging invalid_endpoint_after_valid_node_exposes_no_ids_or_reservations
        PASS [   0.008s] (44/54) zeppelin-embed::graph_write_staging pending_access_observes_same_clause_changes_absence_empty_text_and_deletion
        PASS [   0.008s] (45/54) zeppelin-embed::graph_write_staging mixed_replay_preserves_original_generation_and_uniform_duplicates_reject
        PASS [   0.042s] (46/54) zeppelin-embed::graph_write_staging every_private_checkpoint_can_cancel_without_ids_or_retained_allocations
        PASS [   0.008s] (47/54) zeppelin-embed::graph_write_staging receipt_limits_reject_before_returning_ids_including_replay_results
        PASS [   0.007s] (48/54) zeppelin-embed::graph_write_staging restrict_integrity_precedes_generation_overflow_for_structured_writes
        PASS [   0.008s] (49/54) zeppelin-embed::graph_write_staging restrict_preconditions_precede_cypher_private_ids_and_detach_never_enumerates_incidents
        PASS [   0.007s] (50/54) zeppelin-embed::graph_write_staging result_materialization_counts_overlapping_arenas_and_retains_real_registration
        PASS [   0.007s] (51/54) zeppelin-embed::graph_write_staging result_scope_adoption_moves_sole_charge_and_rolls_back_each_partial_handoff
        PASS [   0.007s] (52/54) zeppelin-embed::graph_write_staging structured_result_layout_is_validated_before_private_ids
        PASS [   0.007s] (53/54) zeppelin-embed::graph_write_staging structured_result_layout_limit_precedes_generation_overflow
        PASS [   0.008s] (54/54) zeppelin-embed::graph_write_staging writer_adoption_checks_real_shared_owner_and_returns_failed_charge_intact
────────────
     Summary [   0.138s] 54 tests run: 54 passed, 0 skipped
