   Compiling zeppelin-embed v0.4.2 (/Users/aghatage/Documents/code/zeppelin-embed-wt-ze-37/crates/zeppelin-embed)
warning: method `belongs_to` is never used
   --> crates/zeppelin-embed/src/lifecycle/stats.rs:382:19
    |
352 | impl AccountedCounter {
    | --------------------- method in this implementation
...
382 |     pub(crate) fn belongs_to(&self, accounting: &Arc<Accounting>) -> bool {
    |                   ^^^^^^^^^^
    |
    = note: `#[warn(dead_code)]` (part of `#[warn(unused)]`) on by default

warning: method `belongs_to` is never used
  --> crates/zeppelin-embed/src/property_graph/resources.rs:56:19
   |
55 | impl GraphReservation {
   | --------------------- method in this implementation
56 |     pub(crate) fn belongs_to(&self, resources: &GraphResources) -> bool {
   |                   ^^^^^^^^^^

warning: `zeppelin-embed` (lib) generated 2 warnings
    Finished `test` profile [unoptimized + debuginfo] target(s) in 5.46s
────────────
 Nextest run ID c06764f8-c410-41ad-afd0-65f37fb79dc2 with nextest profile: default
    Starting 1 test across 1 binary (12 tests skipped)
        PASS [   0.009s] (1/1) zeppelin-embed::graph_write_staging result_scope_adoption_moves_sole_charge_and_rolls_back_each_partial_handoff
────────────
     Summary [   0.009s] 1 test run: 1 passed, 12 skipped
