   Compiling zeppelin-embed v0.4.2 (/Users/aghatage/Documents/code/zeppelin-embed-wt-ze-37/crates/zeppelin-embed)
    Finished `test` profile [unoptimized + debuginfo] target(s) in 1.86s
────────────
 Nextest run ID 8431d922-a609-40fd-846d-8f636ad37d04 with nextest profile: default
    Starting 1 test across 1 binary (26 tests skipped)
        FAIL [   0.013s] (1/1) zeppelin-embed::graph_write_staging writer_adoption_checks_real_shared_owner_and_returns_failed_charge_intact
  stdout ───

    running 1 test
    test writer_adoption_checks_real_shared_owner_and_returns_failed_charge_intact ... FAILED

    failures:

    failures:
        writer_adoption_checks_real_shared_owner_and_returns_failed_charge_intact

    test result: FAILED. 0 passed; 1 failed; 0 ignored; 0 measured; 26 filtered out; finished in 0.00s

  stderr ───

    thread 'writer_adoption_checks_real_shared_owner_and_returns_failed_charge_intact' (34148422) panicked at crates/zeppelin-embed/tests/graph_write_staging.rs:1606:14:
    foreign accounting owner accepted
    note: run with `RUST_BACKTRACE=1` environment variable to display a backtrace

────────────
     Summary [   0.014s] 1 test run: 0 passed, 1 failed, 26 skipped
        FAIL [   0.013s] (1/1) zeppelin-embed::graph_write_staging writer_adoption_checks_real_shared_owner_and_returns_failed_charge_intact
  stdout ───

    running 1 test
    test writer_adoption_checks_real_shared_owner_and_returns_failed_charge_intact ... FAILED

    failures:

    failures:
        writer_adoption_checks_real_shared_owner_and_returns_failed_charge_intact

    test result: FAILED. 0 passed; 1 failed; 0 ignored; 0 measured; 26 filtered out; finished in 0.00s

  stderr ───

    thread 'writer_adoption_checks_real_shared_owner_and_returns_failed_charge_intact' (34148422) panicked at crates/zeppelin-embed/tests/graph_write_staging.rs:1606:14:
    foreign accounting owner accepted
    note: run with `RUST_BACKTRACE=1` environment variable to display a backtrace

error: test run failed
