   Compiling zeppelin-embed v0.4.2 (/Users/aghatage/Documents/code/zeppelin-embed-wt-ze-37/crates/zeppelin-embed)
    Finished `test` profile [unoptimized + debuginfo] target(s) in 4.75s
────────────
 Nextest run ID 7d4ba57e-8d28-4f58-8a1b-76f5c533ff83 with nextest profile: default
    Starting 3 tests across 1 binary (587 tests skipped)
        PASS [   0.016s] (1/3) zeppelin-embed property_graph::staging::tests::preflight_provenance_sizing_matches_frozen_v1_lengths_and_encoder_refusals
        PASS [   0.020s] (2/3) zeppelin-embed property_graph::staging::tests::staging_owns_actual_capacities_and_audit_detects_unattributed_allocations
        PASS [   0.020s] (3/3) zeppelin-embed property_graph::staging::tests::prepared_relationship_length_never_materializes_unresolved_endpoint_zeroes
────────────
     Summary [   0.021s] 3 tests run: 3 passed, 587 skipped
        PASS [   0.016s] (1/3) zeppelin-embed property_graph::staging::tests::preflight_provenance_sizing_matches_frozen_v1_lengths_and_encoder_refusals
  stdout ───

    running 1 test
    test property_graph::staging::tests::preflight_provenance_sizing_matches_frozen_v1_lengths_and_encoder_refusals ... ok

    test result: ok. 1 passed; 0 failed; 0 ignored; 0 measured; 589 filtered out; finished in 0.00s


        PASS [   0.020s] (2/3) zeppelin-embed property_graph::staging::tests::staging_owns_actual_capacities_and_audit_detects_unattributed_allocations
  stdout ───

    running 1 test
    test property_graph::staging::tests::staging_owns_actual_capacities_and_audit_detects_unattributed_allocations ... ZE37 attributed_bytes=2248 allocations=11 retained_capacity=488 unattributed_bytes=0 denied_allocations=0 can_fire_unattributed=17
    ok

    test result: ok. 1 passed; 0 failed; 0 ignored; 0 measured; 589 filtered out; finished in 0.01s


        PASS [   0.020s] (3/3) zeppelin-embed property_graph::staging::tests::prepared_relationship_length_never_materializes_unresolved_endpoint_zeroes
  stdout ───

    running 1 test
    test property_graph::staging::tests::prepared_relationship_length_never_materializes_unresolved_endpoint_zeroes ... ok

    test result: ok. 1 passed; 0 failed; 0 ignored; 0 measured; 589 filtered out; finished in 0.01s
