   Compiling zeppelin-embed v0.4.2 (/Users/aghatage/Documents/code/zeppelin-embed-wt-ze-124/crates/zeppelin-embed)
   Compiling zeppelin-embed-cypher v0.4.2 (/Users/aghatage/Documents/code/zeppelin-embed-wt-ze-124/crates/zeppelin-embed-cypher)
   Compiling zeppelin-embed-ffi v0.4.2 (/Users/aghatage/Documents/code/zeppelin-embed-wt-ze-124/crates/zeppelin-embed-ffi)
   Compiling zeppelin-embed-bench v0.4.2 (/Users/aghatage/Documents/code/zeppelin-embed-wt-ze-124/crates/zeppelin-embed-bench)
   Compiling zeppelin-embed-workspace-tests v0.4.2 (/Users/aghatage/Documents/code/zeppelin-embed-wt-ze-124/tests)
    Finished `test` profile [unoptimized + debuginfo] target(s) in 4.17s
────────────
 Nextest run ID a8c991c0-aced-476f-9297-7e52706a9650 with nextest profile: default
    Starting 1 test across 1 binary (457 tests skipped)
        FAIL [   0.011s] (1/1) zeppelin-embed-workspace-tests::adversarial_tests property_graph_adjacency_probe_checks_edges_faults_and_comparator_controls
  stdout ───

    running 1 test
    test property_graph_adjacency_probe_checks_edges_faults_and_comparator_controls ... FAILED

    failures:

    failures:
        property_graph_adjacency_probe_checks_edges_faults_and_comparator_controls

    test result: FAILED. 0 passed; 1 failed; 0 ignored; 0 measured; 457 filtered out; finished in 0.00s

  stderr ───

    thread 'property_graph_adjacency_probe_checks_edges_faults_and_comparator_controls' (34563834) panicked at tests/adversarial_tests.rs:18865:79:
    called `Result::unwrap()` on an `Err` value: "PG12 exact edge mismatch expected=[(1669618699957329414083628697032589314, 102), (1669618699957329414083628697032589316, 104), (1669618699957329414083628697032589323, 111), (1669618699957329414083628697032589324, 112), (1669618699957329414083628697032589325, 113), (1669618699957329414083628697032589329, 117), (1669618699957329414083628697032589330, 118), (1669618699957329414083628697032589332, 120), (1669618699957329414083628697032589333, 121), (1669618699957329414083628697032589336, 124), (1669618699957329414083628697032589338, 126), (1669618699957329414083628697032589340, 128), (1669618699957329414083628697032589342, 130), (1669618699957329414083628697032589343, 131), (1669618699957329414083628697032589347, 135), (1669618699957329414083628697032589349, 137), (1669618699957329414083628697032589356, 144), (1669618699957329414083628697032589357, 145), (1669618699957329414083628697032589359, 147), (1669618699957329414083628697032589360, 148)] observed=[(1669618699957329414083628697032589313, 101), (1669618699957329414083628697032589314, 102), (1669618699957329414083628697032589315, 103), (1669618699957329414083628697032589316, 104), (1669618699957329414083628697032589317, 105), (1669618699957329414083628697032589318, 106), (1669618699957329414083628697032589319, 107), (1669618699957329414083628697032589320, 108), (1669618699957329414083628697032589321, 109), (1669618699957329414083628697032589322, 110), (1669618699957329414083628697032589323, 111), (1669618699957329414083628697032589324, 112), (1669618699957329414083628697032589325, 113), (1669618699957329414083628697032589326, 114), (1669618699957329414083628697032589327, 115), (1669618699957329414083628697032589328, 116), (1669618699957329414083628697032589329, 117), (1669618699957329414083628697032589330, 118), (1669618699957329414083628697032589331, 119), (1669618699957329414083628697032589332, 120), (1669618699957329414083628697032589333, 121), (1669618699957329414083628697032589334, 122), (1669618699957329414083628697032589335, 123), (1669618699957329414083628697032589336, 124), (1669618699957329414083628697032589337, 125), (1669618699957329414083628697032589338, 126), (1669618699957329414083628697032589339, 127), (1669618699957329414083628697032589340, 128), (1669618699957329414083628697032589341, 129), (1669618699957329414083628697032589342, 130), (1669618699957329414083628697032589343, 131), (1669618699957329414083628697032589344, 132), (1669618699957329414083628697032589345, 133), (1669618699957329414083628697032589346, 134), (1669618699957329414083628697032589347, 135), (1669618699957329414083628697032589348, 136), (1669618699957329414083628697032589349, 137), (1669618699957329414083628697032589350, 138), (1669618699957329414083628697032589351, 139), (1669618699957329414083628697032589352, 140), (1669618699957329414083628697032589353, 141), (1669618699957329414083628697032589354, 142), (1669618699957329414083628697032589355, 143), (1669618699957329414083628697032589356, 144), (1669618699957329414083628697032589357, 145), (1669618699957329414083628697032589358, 146), (1669618699957329414083628697032589359, 147), (1669618699957329414083628697032589360, 148)]"
    note: run with `RUST_BACKTRACE=1` environment variable to display a backtrace

────────────
     Summary [   0.012s] 1 test run: 0 passed, 1 failed, 457 skipped
        FAIL [   0.011s] (1/1) zeppelin-embed-workspace-tests::adversarial_tests property_graph_adjacency_probe_checks_edges_faults_and_comparator_controls
  stdout ───

    running 1 test
    test property_graph_adjacency_probe_checks_edges_faults_and_comparator_controls ... FAILED

    failures:

    failures:
        property_graph_adjacency_probe_checks_edges_faults_and_comparator_controls

    test result: FAILED. 0 passed; 1 failed; 0 ignored; 0 measured; 457 filtered out; finished in 0.00s

  stderr ───

    thread 'property_graph_adjacency_probe_checks_edges_faults_and_comparator_controls' (34563834) panicked at tests/adversarial_tests.rs:18865:79:
    called `Result::unwrap()` on an `Err` value: "PG12 exact edge mismatch expected=[(1669618699957329414083628697032589314, 102), (1669618699957329414083628697032589316, 104), (1669618699957329414083628697032589323, 111), (1669618699957329414083628697032589324, 112), (1669618699957329414083628697032589325, 113), (1669618699957329414083628697032589329, 117), (1669618699957329414083628697032589330, 118), (1669618699957329414083628697032589332, 120), (1669618699957329414083628697032589333, 121), (1669618699957329414083628697032589336, 124), (1669618699957329414083628697032589338, 126), (1669618699957329414083628697032589340, 128), (1669618699957329414083628697032589342, 130), (1669618699957329414083628697032589343, 131), (1669618699957329414083628697032589347, 135), (1669618699957329414083628697032589349, 137), (1669618699957329414083628697032589356, 144), (1669618699957329414083628697032589357, 145), (1669618699957329414083628697032589359, 147), (1669618699957329414083628697032589360, 148)] observed=[(1669618699957329414083628697032589313, 101), (1669618699957329414083628697032589314, 102), (1669618699957329414083628697032589315, 103), (1669618699957329414083628697032589316, 104), (1669618699957329414083628697032589317, 105), (1669618699957329414083628697032589318, 106), (1669618699957329414083628697032589319, 107), (1669618699957329414083628697032589320, 108), (1669618699957329414083628697032589321, 109), (1669618699957329414083628697032589322, 110), (1669618699957329414083628697032589323, 111), (1669618699957329414083628697032589324, 112), (1669618699957329414083628697032589325, 113), (1669618699957329414083628697032589326, 114), (1669618699957329414083628697032589327, 115), (1669618699957329414083628697032589328, 116), (1669618699957329414083628697032589329, 117), (1669618699957329414083628697032589330, 118), (1669618699957329414083628697032589331, 119), (1669618699957329414083628697032589332, 120), (1669618699957329414083628697032589333, 121), (1669618699957329414083628697032589334, 122), (1669618699957329414083628697032589335, 123), (1669618699957329414083628697032589336, 124), (1669618699957329414083628697032589337, 125), (1669618699957329414083628697032589338, 126), (1669618699957329414083628697032589339, 127), (1669618699957329414083628697032589340, 128), (1669618699957329414083628697032589341, 129), (1669618699957329414083628697032589342, 130), (1669618699957329414083628697032589343, 131), (1669618699957329414083628697032589344, 132), (1669618699957329414083628697032589345, 133), (1669618699957329414083628697032589346, 134), (1669618699957329414083628697032589347, 135), (1669618699957329414083628697032589348, 136), (1669618699957329414083628697032589349, 137), (1669618699957329414083628697032589350, 138), (1669618699957329414083628697032589351, 139), (1669618699957329414083628697032589352, 140), (1669618699957329414083628697032589353, 141), (1669618699957329414083628697032589354, 142), (1669618699957329414083628697032589355, 143), (1669618699957329414083628697032589356, 144), (1669618699957329414083628697032589357, 145), (1669618699957329414083628697032589358, 146), (1669618699957329414083628697032589359, 147), (1669618699957329414083628697032589360, 148)]"
    note: run with `RUST_BACKTRACE=1` environment variable to display a backtrace

error: test run failed
