   Compiling zeppelin-embed v0.4.2 (/Users/aghatage/Documents/code/zeppelin-embed/crates/zeppelin-embed)
   Compiling zeppelin-embed-adversarial-oracle v0.4.2 (/Users/aghatage/Documents/code/zeppelin-embed/tests/adversarial-oracle)
   Compiling zeppelin-embed-ffi v0.4.2 (/Users/aghatage/Documents/code/zeppelin-embed/crates/zeppelin-embed-ffi)
   Compiling zeppelin-embed-bench v0.4.2 (/Users/aghatage/Documents/code/zeppelin-embed/crates/zeppelin-embed-bench)
   Compiling zeppelin-embed-cypher v0.4.2 (/Users/aghatage/Documents/code/zeppelin-embed/crates/zeppelin-embed-cypher)
   Compiling zeppelin-embed-workspace-tests v0.4.2 (/Users/aghatage/Documents/code/zeppelin-embed/tests)
    Finished `test` profile [unoptimized + debuginfo] target(s) in 22.06s
────────────
 Nextest run ID df55f433-b9b7-4c95-956f-ff4e935915a7 with nextest profile: default
    Starting 3 tests across 1 binary (460 tests skipped)
        PASS [   0.028s] (1/3) zeppelin-embed-workspace-tests::adversarial_tests property_graph_runtime_probe_checks_bags_counters_and_scheduled_failures
  stdout ───

    running 1 test
    test property_graph_runtime_probe_checks_bags_counters_and_scheduled_failures ... PG9 cases=4 fires=2 clean_controls=2
    ok

    test result: ok. 1 passed; 0 failed; 0 ignored; 0 measured; 462 filtered out; finished in 0.01s


        PASS [   0.046s] (2/3) zeppelin-embed-workspace-tests::adversarial_tests property_graph_relational_probe_preserves_order_bags_and_inflight_faults
  stdout ───

    running 1 test
    test property_graph_relational_probe_preserves_order_bags_and_inflight_faults ... ok

    test result: ok. 1 passed; 0 failed; 0 ignored; 0 measured; 462 filtered out; finished in 0.03s

  stderr ───
    PG14 seed=0 ProbeReport { cases: 6, fault_fires: 3, clean_controls: 3 }
    PG14 seed=1 ProbeReport { cases: 6, fault_fires: 3, clean_controls: 3 }
    PG14 seed=125 ProbeReport { cases: 6, fault_fires: 3, clean_controls: 3 }
    PG14 seed=18446744073709551615 ProbeReport { cases: 6, fault_fires: 3, clean_controls: 3 }

        PASS [   0.914s] (3/3) zeppelin-embed-workspace-tests::adversarial_tests one_runner_episode_reaches_required_relational_contracts
  stdout ───

    running 1 test
    test one_runner_episode_reaches_required_relational_contracts ... ok

    test result: ok. 1 passed; 0 failed; 0 ignored; 0 measured; 462 filtered out; finished in 0.90s

  stderr ───
    PG14 actual runner seed=0 operations=59 violations=0

────────────
     Summary [   0.915s] 3 tests run: 3 passed, 460 skipped
        PASS [   0.028s] (1/3) zeppelin-embed-workspace-tests::adversarial_tests property_graph_runtime_probe_checks_bags_counters_and_scheduled_failures
  stdout ───

    running 1 test
    test property_graph_runtime_probe_checks_bags_counters_and_scheduled_failures ... PG9 cases=4 fires=2 clean_controls=2
    ok

    test result: ok. 1 passed; 0 failed; 0 ignored; 0 measured; 462 filtered out; finished in 0.01s


        PASS [   0.046s] (2/3) zeppelin-embed-workspace-tests::adversarial_tests property_graph_relational_probe_preserves_order_bags_and_inflight_faults
  stdout ───

    running 1 test
    test property_graph_relational_probe_preserves_order_bags_and_inflight_faults ... ok

    test result: ok. 1 passed; 0 failed; 0 ignored; 0 measured; 462 filtered out; finished in 0.03s

  stderr ───
    PG14 seed=0 ProbeReport { cases: 6, fault_fires: 3, clean_controls: 3 }
    PG14 seed=1 ProbeReport { cases: 6, fault_fires: 3, clean_controls: 3 }
    PG14 seed=125 ProbeReport { cases: 6, fault_fires: 3, clean_controls: 3 }
    PG14 seed=18446744073709551615 ProbeReport { cases: 6, fault_fires: 3, clean_controls: 3 }

        PASS [   0.914s] (3/3) zeppelin-embed-workspace-tests::adversarial_tests one_runner_episode_reaches_required_relational_contracts
  stdout ───

    running 1 test
    test one_runner_episode_reaches_required_relational_contracts ... ok

    test result: ok. 1 passed; 0 failed; 0 ignored; 0 measured; 462 filtered out; finished in 0.90s

  stderr ───
    PG14 actual runner seed=0 operations=59 violations=0

