   Compiling libc v0.2.189
   Compiling rustix v1.1.3
   Compiling getrandom v0.3.4
   Compiling cfg-if v1.0.4
   Compiling bytemuck v1.25.2
   Compiling byteorder v1.5.0
   Compiling bitflags v2.13.1
   Compiling fastrand v2.4.1
   Compiling xxhash-rust v0.8.18
   Compiling once_cell v1.21.4
   Compiling roaring v0.10.12
   Compiling errno v0.3.14
   Compiling zeppelin-embed v0.4.2 (/Users/aghatage/Documents/code/zeppelin-embed-wt-ze-128/crates/zeppelin-embed)
   Compiling tempfile v3.25.0
   Compiling zeppelin-embed-ffi v0.4.2 (/Users/aghatage/Documents/code/zeppelin-embed-wt-ze-128/crates/zeppelin-embed-ffi)
warning: unused import: `super::*`
 --> crates/zeppelin-embed-ffi/src/graph_result/tests.rs:3:5
  |
3 | use super::*;
  |     ^^^^^^^^
  |
  = note: `#[warn(unused_imports)]` (part of `#[warn(unused)]`) on by default

error[E0433]: failed to resolve: use of undeclared type `ArenaLayout`
 --> crates/zeppelin-embed-ffi/src/graph_result/tests.rs:7:16
  |
7 |     let plan = ArenaLayout::new([1, 1, 3, 1, 1, 1, 1, 1, 1, 1, 1, 1, 1, 1]).unwrap();
  |                ^^^^^^^^^^^ use of undeclared type `ArenaLayout`

error[E0433]: failed to resolve: use of undeclared type `ArenaLayout`
  --> crates/zeppelin-embed-ffi/src/graph_result/tests.rs:14:22
   |
14 |     assert!(matches!(ArenaLayout::new(huge), Err(OwnerError::Limit)));
   |                      ^^^^^^^^^^^ use of undeclared type `ArenaLayout`

error[E0433]: failed to resolve: use of undeclared type `ArenaLayout`
  --> crates/zeppelin-embed-ffi/src/graph_result/tests.rs:17:22
   |
17 |     assert!(matches!(ArenaLayout::new(too_big), Err(OwnerError::Limit)));
   |                      ^^^^^^^^^^^ use of undeclared type `ArenaLayout`

error[E0433]: failed to resolve: use of undeclared type `OwnerError`
  --> crates/zeppelin-embed-ffi/src/graph_result/tests.rs:17:53
   |
17 |     assert!(matches!(ArenaLayout::new(too_big), Err(OwnerError::Limit)));
   |                                                     ^^^^^^^^^^ use of undeclared type `OwnerError`

error[E0433]: failed to resolve: use of undeclared type `OwnerError`
  --> crates/zeppelin-embed-ffi/src/graph_result/tests.rs:14:50
   |
14 |     assert!(matches!(ArenaLayout::new(huge), Err(OwnerError::Limit)));
   |                                                  ^^^^^^^^^^ use of undeclared type `OwnerError`

For more information about this error, try `rustc --explain E0433`.
warning: `zeppelin-embed-ffi` (lib test) generated 1 warning
error: could not compile `zeppelin-embed-ffi` (lib test) due to 5 previous errors; 1 warning emitted
error: command `/Users/aghatage/.rustup/toolchains/1.93.0-aarch64-apple-darwin/bin/cargo '--color=auto' test --no-run --message-format json-render-diagnostics --package zeppelin-embed-ffi --lib --features graph-cypher` exited with code 101
