   Compiling zeppelin-embed-ffi v0.4.2 (/Users/aghatage/Documents/code/zeppelin-embed-wt-ze-128/crates/zeppelin-embed-ffi)
    Finished `test` profile [unoptimized + debuginfo] target(s) in 0.53s
────────────
 Nextest run ID be7c3ef4-ea29-4011-9132-bc9baf387ce2 with nextest profile: default
    Starting 1 test across 1 binary (26 tests skipped)
        FAIL [   0.014s] (1/1) zeppelin-embed-ffi graph_result::tests::graph_result_actual_allocator_failures_and_expose_free_have_exact_heap_accounting
  stdout ───

    running 1 test
    test graph_result::tests::graph_result_actual_allocator_failures_and_expose_free_have_exact_heap_accounting ... FAILED

    failures:

    failures:
        graph_result::tests::graph_result_actual_allocator_failures_and_expose_free_have_exact_heap_accounting

    test result: FAILED. 0 passed; 1 failed; 0 ignored; 0 measured; 26 filtered out; finished in 0.00s

  stderr ───

    thread 'graph_result::tests::graph_result_actual_allocator_failures_and_expose_free_have_exact_heap_accounting' (34615661) panicked at crates/zeppelin-embed-ffi/src/graph_result/tests.rs:251:13:
    assertion `left == right` failed
      left: 0
     right: 1
    note: run with `RUST_BACKTRACE=1` environment variable to display a backtrace

────────────
     Summary [   0.015s] 1 test run: 0 passed, 1 failed, 26 skipped
        FAIL [   0.014s] (1/1) zeppelin-embed-ffi graph_result::tests::graph_result_actual_allocator_failures_and_expose_free_have_exact_heap_accounting
  stdout ───

    running 1 test
    test graph_result::tests::graph_result_actual_allocator_failures_and_expose_free_have_exact_heap_accounting ... FAILED

    failures:

    failures:
        graph_result::tests::graph_result_actual_allocator_failures_and_expose_free_have_exact_heap_accounting

    test result: FAILED. 0 passed; 1 failed; 0 ignored; 0 measured; 26 filtered out; finished in 0.00s

  stderr ───

    thread 'graph_result::tests::graph_result_actual_allocator_failures_and_expose_free_have_exact_heap_accounting' (34615661) panicked at crates/zeppelin-embed-ffi/src/graph_result/tests.rs:251:13:
    assertion `left == right` failed
      left: 0
     right: 1
    note: run with `RUST_BACKTRACE=1` environment variable to display a backtrace

error: test run failed
