   Compiling proc-macro2 v1.0.107
   Compiling unicode-ident v1.0.24
   Compiling quote v1.0.47
   Compiling libc v0.2.189
   Compiling cfg-if v1.0.4
   Compiling zerocopy v0.8.52
   Compiling getrandom v0.3.4
   Compiling serde_core v1.0.229
   Compiling rustix v1.1.3
   Compiling zmij v1.0.23
   Compiling autocfg v1.5.1
   Compiling serde v1.0.229
   Compiling bitflags v2.13.1
   Compiling serde_json v1.0.151
   Compiling regex-syntax v0.8.11
   Compiling once_cell v1.21.4
   Compiling either v1.17.0
   Compiling clap_lex v1.1.0
   Compiling fastrand v2.4.1
   Compiling itoa v1.0.18
   Compiling ciborium-io v0.2.2
   Compiling anstyle v1.0.14
   Compiling memchr v2.8.3
   Compiling num-traits v0.2.19
   Compiling itertools v0.10.5
   Compiling same-file v1.0.6
   Compiling clap_builder v4.6.0
   Compiling cast v0.3.0
   Compiling bit-vec v0.8.0
   Compiling bytemuck v1.25.2
   Compiling fnv v1.0.7
   Compiling quick-error v1.2.3
   Compiling byteorder v1.5.0
   Compiling walkdir v2.5.0
   Compiling xxhash-rust v0.8.18
   Compiling oorandom v11.1.5
   Compiling unarray v0.1.4
   Compiling bit-set v0.8.0
   Compiling anes v0.1.6
   Compiling roaring v0.10.12
   Compiling errno v0.3.14
   Compiling wait-timeout v0.2.1
   Compiling is-terminal v0.4.17
   Compiling syn v2.0.119
   Compiling syn v3.0.3
   Compiling rand_core v0.9.5
   Compiling criterion-plot v0.5.0
   Compiling rand_xorshift v0.4.0
   Compiling regex-automata v0.4.18
   Compiling zeppelin-embed v0.4.2 (/Users/aghatage/Documents/code/zeppelin-embed-wt-ze-125/crates/zeppelin-embed)
   Compiling clap v4.6.1
   Compiling tempfile v3.25.0
   Compiling rusty-fork v0.3.1
   Compiling serde_derive v1.0.229
   Compiling regex v1.13.1
   Compiling zerocopy-derive v0.8.52
   Compiling tinytemplate v1.2.1
   Compiling half v2.7.1
   Compiling ppv-lite86 v0.2.21
   Compiling rand_chacha v0.9.0
   Compiling ciborium-ll v0.2.2
   Compiling rand v0.9.5
   Compiling ciborium v0.2.2
   Compiling proptest v1.10.0
   Compiling criterion v0.5.1
error[E0405]: cannot find trait `OperatorFactory` in this scope
   --> crates/zeppelin-embed/tests/graph_query_runtime_control.rs:148:18
    |
148 |     impl<'m, 'g> OperatorFactory<'m, 'g> for Factory {
    |                  ^^^^^^^^^^^^^^^ not found in this scope

error[E0223]: ambiguous associated type
   --> crates/zeppelin-embed/tests/graph_query_runtime_control.rs:150:85
    |
150 |         fn build<'v>(&mut self, context: &mut RuntimeContext<'v, 'm, 'g>) -> Result<Self::Operator<'v>, RuntimeError> {
    |                                                                                     ^^^^^^^^^^^^^^^^^^
    |
help: if there were a trait named `Example` with associated type `Operator` implemented for `Factory`, you could use the fully-qualified path
    |
150 -         fn build<'v>(&mut self, context: &mut RuntimeContext<'v, 'm, 'g>) -> Result<Self::Operator<'v>, RuntimeError> {
150 +         fn build<'v>(&mut self, context: &mut RuntimeContext<'v, 'm, 'g>) -> Result<<Factory as Example>::Operator<'v>, RuntimeError> {
    |

error[E0107]: trait takes 0 lifetime arguments but 3 lifetime arguments were supplied
   --> crates/zeppelin-embed/tests/graph_query_runtime_control.rs:121:22
    |
121 |     impl<'v, 'm, 'g> PullOperator<'v, 'm, 'g> for Retained<'v, 'm, 'g> {
    |                      ^^^^^^^^^^^^------------ help: remove the unnecessary generics
    |                      |
    |                      expected 0 lifetime arguments
    |
note: trait defined here, with 0 lifetime parameters
   --> /Users/aghatage/Documents/code/zeppelin-embed-wt-ze-125/crates/zeppelin-embed/src/property_graph/query/runtime/driver.rs:23:11
    |
 23 | pub trait PullOperator {
    |           ^^^^^^^^^^^^

error[E0107]: trait takes 0 lifetime arguments but 3 lifetime arguments were supplied
   --> crates/zeppelin-embed/tests/graph_query_runtime_control.rs:132:51
    |
132 |     impl<'v, 'm, 'g, O: PullOperator<'v, 'm, 'g>> PullOperator<'v, 'm, 'g> for Stage<'v, 'm, 'g, O> {
    |                                                   ^^^^^^^^^^^^------------ help: remove the unnecessary generics
    |                                                   |
    |                                                   expected 0 lifetime arguments
    |
note: trait defined here, with 0 lifetime parameters
   --> /Users/aghatage/Documents/code/zeppelin-embed-wt-ze-125/crates/zeppelin-embed/src/property_graph/query/runtime/driver.rs:23:11
    |
 23 | pub trait PullOperator {
    |           ^^^^^^^^^^^^

error[E0308]: method not compatible with trait
   --> crates/zeppelin-embed/tests/graph_query_runtime_control.rs:124:9
    |
124 |         fn pull(&mut self, context: &mut RuntimeContext<'v, 'm, 'g>, output: &mut RowBatch<'v, 'm, 'g>) -> Result<PullState, RuntimeError> {
    |         ^^^^^^^^^^^^^^^^^^^^^^^^^^^^^^^^^^^^^^^^^^^^^^^^^^^^^^^^^^^^^^^^^^^^^^^^^^^^^^^^^^^^^^^^^^^^^^^^^^^^^^^^^^^^^^^^^^^^^^^^^^^^^^^^^^ lifetime mismatch
    |
    = note: expected signature `fn(&mut factory_retains_real_buffers_through_three_stages_and_many_batches::Retained<'_, '_, '_>, &mut zeppelin_embed::property_graph::query::runtime::RuntimeContext<'v, 'm, 'g>, &mut zeppelin_embed::property_graph::query::runtime::RowBatch<'v, 'm, 'g>) -> Result<_, _>`
               found signature `fn(&mut factory_retains_real_buffers_through_three_stages_and_many_batches::Retained<'_, '_, '_>, &mut zeppelin_embed::property_graph::query::runtime::RuntimeContext<'v, 'm, 'g>, &mut zeppelin_embed::property_graph::query::runtime::RowBatch<'v, 'm, 'g>) -> Result<_, _>`
note: the lifetime `'v` as defined here...
   --> crates/zeppelin-embed/tests/graph_query_runtime_control.rs:121:10
    |
121 |     impl<'v, 'm, 'g> PullOperator<'v, 'm, 'g> for Retained<'v, 'm, 'g> {
    |          ^^
note: ...does not necessarily outlive the lifetime `'v` as defined here
   --> /Users/aghatage/Documents/code/zeppelin-embed-wt-ze-125/crates/zeppelin-embed/src/property_graph/query/runtime/driver.rs:34:13
    |
 34 |     fn pull<'v, 'm, 'g>(
    |             ^^

error[E0308]: method not compatible with trait
   --> crates/zeppelin-embed/tests/graph_query_runtime_control.rs:124:9
    |
124 |         fn pull(&mut self, context: &mut RuntimeContext<'v, 'm, 'g>, output: &mut RowBatch<'v, 'm, 'g>) -> Result<PullState, RuntimeError> {
    |         ^^^^^^^^^^^^^^^^^^^^^^^^^^^^^^^^^^^^^^^^^^^^^^^^^^^^^^^^^^^^^^^^^^^^^^^^^^^^^^^^^^^^^^^^^^^^^^^^^^^^^^^^^^^^^^^^^^^^^^^^^^^^^^^^^^ lifetime mismatch
    |
    = note: expected signature `fn(&mut factory_retains_real_buffers_through_three_stages_and_many_batches::Retained<'_, '_, '_>, &mut zeppelin_embed::property_graph::query::runtime::RuntimeContext<'v, 'm, 'g>, &mut zeppelin_embed::property_graph::query::runtime::RowBatch<'v, 'm, 'g>) -> Result<_, _>`
               found signature `fn(&mut factory_retains_real_buffers_through_three_stages_and_many_batches::Retained<'_, '_, '_>, &mut zeppelin_embed::property_graph::query::runtime::RuntimeContext<'v, 'm, 'g>, &mut zeppelin_embed::property_graph::query::runtime::RowBatch<'v, 'm, 'g>) -> Result<_, _>`
note: the lifetime `'v` as defined here...
   --> /Users/aghatage/Documents/code/zeppelin-embed-wt-ze-125/crates/zeppelin-embed/src/property_graph/query/runtime/driver.rs:34:13
    |
 34 |     fn pull<'v, 'm, 'g>(
    |             ^^
note: ...does not necessarily outlive the lifetime `'v` as defined here
   --> crates/zeppelin-embed/tests/graph_query_runtime_control.rs:121:10
    |
121 |     impl<'v, 'm, 'g> PullOperator<'v, 'm, 'g> for Retained<'v, 'm, 'g> {
    |          ^^

error[E0308]: method not compatible with trait
   --> crates/zeppelin-embed/tests/graph_query_runtime_control.rs:124:9
    |
124 |         fn pull(&mut self, context: &mut RuntimeContext<'v, 'm, 'g>, output: &mut RowBatch<'v, 'm, 'g>) -> Result<PullState, RuntimeError> {
    |         ^^^^^^^^^^^^^^^^^^^^^^^^^^^^^^^^^^^^^^^^^^^^^^^^^^^^^^^^^^^^^^^^^^^^^^^^^^^^^^^^^^^^^^^^^^^^^^^^^^^^^^^^^^^^^^^^^^^^^^^^^^^^^^^^^^ lifetime mismatch
    |
    = note: expected signature `fn(&mut factory_retains_real_buffers_through_three_stages_and_many_batches::Retained<'_, '_, '_>, &mut zeppelin_embed::property_graph::query::runtime::RuntimeContext<'v, 'm, 'g>, &mut zeppelin_embed::property_graph::query::runtime::RowBatch<'v, 'm, 'g>) -> Result<_, _>`
               found signature `fn(&mut factory_retains_real_buffers_through_three_stages_and_many_batches::Retained<'_, '_, '_>, &mut zeppelin_embed::property_graph::query::runtime::RuntimeContext<'v, 'm, 'g>, &mut zeppelin_embed::property_graph::query::runtime::RowBatch<'v, 'm, 'g>) -> Result<_, _>`
note: the lifetime `'m` as defined here...
   --> crates/zeppelin-embed/tests/graph_query_runtime_control.rs:121:14
    |
121 |     impl<'v, 'm, 'g> PullOperator<'v, 'm, 'g> for Retained<'v, 'm, 'g> {
    |              ^^
note: ...does not necessarily outlive the lifetime `'m` as defined here
   --> /Users/aghatage/Documents/code/zeppelin-embed-wt-ze-125/crates/zeppelin-embed/src/property_graph/query/runtime/driver.rs:34:17
    |
 34 |     fn pull<'v, 'm, 'g>(
    |                 ^^

error[E0308]: method not compatible with trait
   --> crates/zeppelin-embed/tests/graph_query_runtime_control.rs:124:9
    |
124 |         fn pull(&mut self, context: &mut RuntimeContext<'v, 'm, 'g>, output: &mut RowBatch<'v, 'm, 'g>) -> Result<PullState, RuntimeError> {
    |         ^^^^^^^^^^^^^^^^^^^^^^^^^^^^^^^^^^^^^^^^^^^^^^^^^^^^^^^^^^^^^^^^^^^^^^^^^^^^^^^^^^^^^^^^^^^^^^^^^^^^^^^^^^^^^^^^^^^^^^^^^^^^^^^^^^ lifetime mismatch
    |
    = note: expected signature `fn(&mut factory_retains_real_buffers_through_three_stages_and_many_batches::Retained<'_, '_, '_>, &mut zeppelin_embed::property_graph::query::runtime::RuntimeContext<'v, 'm, 'g>, &mut zeppelin_embed::property_graph::query::runtime::RowBatch<'v, 'm, 'g>) -> Result<_, _>`
               found signature `fn(&mut factory_retains_real_buffers_through_three_stages_and_many_batches::Retained<'_, '_, '_>, &mut zeppelin_embed::property_graph::query::runtime::RuntimeContext<'v, 'm, 'g>, &mut zeppelin_embed::property_graph::query::runtime::RowBatch<'v, 'm, 'g>) -> Result<_, _>`
note: the lifetime `'m` as defined here...
   --> /Users/aghatage/Documents/code/zeppelin-embed-wt-ze-125/crates/zeppelin-embed/src/property_graph/query/runtime/driver.rs:34:17
    |
 34 |     fn pull<'v, 'm, 'g>(
    |                 ^^
note: ...does not necessarily outlive the lifetime `'m` as defined here
   --> crates/zeppelin-embed/tests/graph_query_runtime_control.rs:121:14
    |
121 |     impl<'v, 'm, 'g> PullOperator<'v, 'm, 'g> for Retained<'v, 'm, 'g> {
    |              ^^

error[E0308]: method not compatible with trait
   --> crates/zeppelin-embed/tests/graph_query_runtime_control.rs:124:9
    |
124 |         fn pull(&mut self, context: &mut RuntimeContext<'v, 'm, 'g>, output: &mut RowBatch<'v, 'm, 'g>) -> Result<PullState, RuntimeError> {
    |         ^^^^^^^^^^^^^^^^^^^^^^^^^^^^^^^^^^^^^^^^^^^^^^^^^^^^^^^^^^^^^^^^^^^^^^^^^^^^^^^^^^^^^^^^^^^^^^^^^^^^^^^^^^^^^^^^^^^^^^^^^^^^^^^^^^ lifetime mismatch
    |
    = note: expected signature `fn(&mut factory_retains_real_buffers_through_three_stages_and_many_batches::Retained<'_, '_, '_>, &mut zeppelin_embed::property_graph::query::runtime::RuntimeContext<'v, 'm, 'g>, &mut zeppelin_embed::property_graph::query::runtime::RowBatch<'v, 'm, 'g>) -> Result<_, _>`
               found signature `fn(&mut factory_retains_real_buffers_through_three_stages_and_many_batches::Retained<'_, '_, '_>, &mut zeppelin_embed::property_graph::query::runtime::RuntimeContext<'v, 'm, 'g>, &mut zeppelin_embed::property_graph::query::runtime::RowBatch<'v, 'm, 'g>) -> Result<_, _>`
note: the lifetime `'g` as defined here...
   --> crates/zeppelin-embed/tests/graph_query_runtime_control.rs:121:18
    |
121 |     impl<'v, 'm, 'g> PullOperator<'v, 'm, 'g> for Retained<'v, 'm, 'g> {
    |                  ^^
note: ...does not necessarily outlive the lifetime `'g` as defined here
   --> /Users/aghatage/Documents/code/zeppelin-embed-wt-ze-125/crates/zeppelin-embed/src/property_graph/query/runtime/driver.rs:34:21
    |
 34 |     fn pull<'v, 'm, 'g>(
    |                     ^^

error[E0308]: method not compatible with trait
   --> crates/zeppelin-embed/tests/graph_query_runtime_control.rs:124:9
    |
124 |         fn pull(&mut self, context: &mut RuntimeContext<'v, 'm, 'g>, output: &mut RowBatch<'v, 'm, 'g>) -> Result<PullState, RuntimeError> {
    |         ^^^^^^^^^^^^^^^^^^^^^^^^^^^^^^^^^^^^^^^^^^^^^^^^^^^^^^^^^^^^^^^^^^^^^^^^^^^^^^^^^^^^^^^^^^^^^^^^^^^^^^^^^^^^^^^^^^^^^^^^^^^^^^^^^^ lifetime mismatch
    |
    = note: expected signature `fn(&mut factory_retains_real_buffers_through_three_stages_and_many_batches::Retained<'_, '_, '_>, &mut zeppelin_embed::property_graph::query::runtime::RuntimeContext<'v, 'm, 'g>, &mut zeppelin_embed::property_graph::query::runtime::RowBatch<'v, 'm, 'g>) -> Result<_, _>`
               found signature `fn(&mut factory_retains_real_buffers_through_three_stages_and_many_batches::Retained<'_, '_, '_>, &mut zeppelin_embed::property_graph::query::runtime::RuntimeContext<'v, 'm, 'g>, &mut zeppelin_embed::property_graph::query::runtime::RowBatch<'v, 'm, 'g>) -> Result<_, _>`
note: the lifetime `'g` as defined here...
   --> /Users/aghatage/Documents/code/zeppelin-embed-wt-ze-125/crates/zeppelin-embed/src/property_graph/query/runtime/driver.rs:34:21
    |
 34 |     fn pull<'v, 'm, 'g>(
    |                     ^^
note: ...does not necessarily outlive the lifetime `'g` as defined here
   --> crates/zeppelin-embed/tests/graph_query_runtime_control.rs:121:18
    |
121 |     impl<'v, 'm, 'g> PullOperator<'v, 'm, 'g> for Retained<'v, 'm, 'g> {
    |                  ^^

error[E0107]: trait takes 0 lifetime arguments but 3 lifetime arguments were supplied
   --> crates/zeppelin-embed/tests/graph_query_runtime_control.rs:132:25
    |
132 |     impl<'v, 'm, 'g, O: PullOperator<'v, 'm, 'g>> PullOperator<'v, 'm, 'g> for Stage<'v, 'm, 'g, O> {
    |                         ^^^^^^^^^^^^------------ help: remove the unnecessary generics
    |                         |
    |                         expected 0 lifetime arguments
    |
note: trait defined here, with 0 lifetime parameters
   --> /Users/aghatage/Documents/code/zeppelin-embed-wt-ze-125/crates/zeppelin-embed/src/property_graph/query/runtime/driver.rs:23:11
    |
 23 | pub trait PullOperator {
    |           ^^^^^^^^^^^^

error[E0308]: method not compatible with trait
   --> crates/zeppelin-embed/tests/graph_query_runtime_control.rs:135:9
    |
135 |         fn pull(&mut self, context: &mut RuntimeContext<'v, 'm, 'g>, output: &mut RowBatch<'v, 'm, 'g>) -> Result<PullState, RuntimeError> {
    |         ^^^^^^^^^^^^^^^^^^^^^^^^^^^^^^^^^^^^^^^^^^^^^^^^^^^^^^^^^^^^^^^^^^^^^^^^^^^^^^^^^^^^^^^^^^^^^^^^^^^^^^^^^^^^^^^^^^^^^^^^^^^^^^^^^^ lifetime mismatch
    |
    = note: expected signature `fn(&mut Stage<'_, '_, '_, _>, &mut zeppelin_embed::property_graph::query::runtime::RuntimeContext<'v, 'm, 'g>, &mut zeppelin_embed::property_graph::query::runtime::RowBatch<'v, 'm, 'g>) -> Result<_, _>`
               found signature `fn(&mut Stage<'_, '_, '_, _>, &mut zeppelin_embed::property_graph::query::runtime::RuntimeContext<'v, 'm, 'g>, &mut zeppelin_embed::property_graph::query::runtime::RowBatch<'v, 'm, 'g>) -> Result<_, _>`
note: the lifetime `'v` as defined here...
   --> crates/zeppelin-embed/tests/graph_query_runtime_control.rs:132:10
    |
132 |     impl<'v, 'm, 'g, O: PullOperator<'v, 'm, 'g>> PullOperator<'v, 'm, 'g> for Stage<'v, 'm, 'g, O> {
    |          ^^
note: ...does not necessarily outlive the lifetime `'v` as defined here
   --> /Users/aghatage/Documents/code/zeppelin-embed-wt-ze-125/crates/zeppelin-embed/src/property_graph/query/runtime/driver.rs:34:13
    |
 34 |     fn pull<'v, 'm, 'g>(
    |             ^^

error[E0308]: method not compatible with trait
   --> crates/zeppelin-embed/tests/graph_query_runtime_control.rs:135:9
    |
135 |         fn pull(&mut self, context: &mut RuntimeContext<'v, 'm, 'g>, output: &mut RowBatch<'v, 'm, 'g>) -> Result<PullState, RuntimeError> {
    |         ^^^^^^^^^^^^^^^^^^^^^^^^^^^^^^^^^^^^^^^^^^^^^^^^^^^^^^^^^^^^^^^^^^^^^^^^^^^^^^^^^^^^^^^^^^^^^^^^^^^^^^^^^^^^^^^^^^^^^^^^^^^^^^^^^^ lifetime mismatch
    |
    = note: expected signature `fn(&mut Stage<'_, '_, '_, _>, &mut zeppelin_embed::property_graph::query::runtime::RuntimeContext<'v, 'm, 'g>, &mut zeppelin_embed::property_graph::query::runtime::RowBatch<'v, 'm, 'g>) -> Result<_, _>`
               found signature `fn(&mut Stage<'_, '_, '_, _>, &mut zeppelin_embed::property_graph::query::runtime::RuntimeContext<'v, 'm, 'g>, &mut zeppelin_embed::property_graph::query::runtime::RowBatch<'v, 'm, 'g>) -> Result<_, _>`
note: the lifetime `'v` as defined here...
   --> /Users/aghatage/Documents/code/zeppelin-embed-wt-ze-125/crates/zeppelin-embed/src/property_graph/query/runtime/driver.rs:34:13
    |
 34 |     fn pull<'v, 'm, 'g>(
    |             ^^
note: ...does not necessarily outlive the lifetime `'v` as defined here
   --> crates/zeppelin-embed/tests/graph_query_runtime_control.rs:132:10
    |
132 |     impl<'v, 'm, 'g, O: PullOperator<'v, 'm, 'g>> PullOperator<'v, 'm, 'g> for Stage<'v, 'm, 'g, O> {
    |          ^^

error[E0308]: method not compatible with trait
   --> crates/zeppelin-embed/tests/graph_query_runtime_control.rs:135:9
    |
135 |         fn pull(&mut self, context: &mut RuntimeContext<'v, 'm, 'g>, output: &mut RowBatch<'v, 'm, 'g>) -> Result<PullState, RuntimeError> {
    |         ^^^^^^^^^^^^^^^^^^^^^^^^^^^^^^^^^^^^^^^^^^^^^^^^^^^^^^^^^^^^^^^^^^^^^^^^^^^^^^^^^^^^^^^^^^^^^^^^^^^^^^^^^^^^^^^^^^^^^^^^^^^^^^^^^^ lifetime mismatch
    |
    = note: expected signature `fn(&mut Stage<'_, '_, '_, _>, &mut zeppelin_embed::property_graph::query::runtime::RuntimeContext<'v, 'm, 'g>, &mut zeppelin_embed::property_graph::query::runtime::RowBatch<'v, 'm, 'g>) -> Result<_, _>`
               found signature `fn(&mut Stage<'_, '_, '_, _>, &mut zeppelin_embed::property_graph::query::runtime::RuntimeContext<'v, 'm, 'g>, &mut zeppelin_embed::property_graph::query::runtime::RowBatch<'v, 'm, 'g>) -> Result<_, _>`
note: the lifetime `'m` as defined here...
   --> crates/zeppelin-embed/tests/graph_query_runtime_control.rs:132:14
    |
132 |     impl<'v, 'm, 'g, O: PullOperator<'v, 'm, 'g>> PullOperator<'v, 'm, 'g> for Stage<'v, 'm, 'g, O> {
    |              ^^
note: ...does not necessarily outlive the lifetime `'m` as defined here
   --> /Users/aghatage/Documents/code/zeppelin-embed-wt-ze-125/crates/zeppelin-embed/src/property_graph/query/runtime/driver.rs:34:17
    |
 34 |     fn pull<'v, 'm, 'g>(
    |                 ^^

error[E0308]: method not compatible with trait
   --> crates/zeppelin-embed/tests/graph_query_runtime_control.rs:135:9
    |
135 |         fn pull(&mut self, context: &mut RuntimeContext<'v, 'm, 'g>, output: &mut RowBatch<'v, 'm, 'g>) -> Result<PullState, RuntimeError> {
    |         ^^^^^^^^^^^^^^^^^^^^^^^^^^^^^^^^^^^^^^^^^^^^^^^^^^^^^^^^^^^^^^^^^^^^^^^^^^^^^^^^^^^^^^^^^^^^^^^^^^^^^^^^^^^^^^^^^^^^^^^^^^^^^^^^^^ lifetime mismatch
    |
    = note: expected signature `fn(&mut Stage<'_, '_, '_, _>, &mut zeppelin_embed::property_graph::query::runtime::RuntimeContext<'v, 'm, 'g>, &mut zeppelin_embed::property_graph::query::runtime::RowBatch<'v, 'm, 'g>) -> Result<_, _>`
               found signature `fn(&mut Stage<'_, '_, '_, _>, &mut zeppelin_embed::property_graph::query::runtime::RuntimeContext<'v, 'm, 'g>, &mut zeppelin_embed::property_graph::query::runtime::RowBatch<'v, 'm, 'g>) -> Result<_, _>`
note: the lifetime `'m` as defined here...
   --> /Users/aghatage/Documents/code/zeppelin-embed-wt-ze-125/crates/zeppelin-embed/src/property_graph/query/runtime/driver.rs:34:17
    |
 34 |     fn pull<'v, 'm, 'g>(
    |                 ^^
note: ...does not necessarily outlive the lifetime `'m` as defined here
   --> crates/zeppelin-embed/tests/graph_query_runtime_control.rs:132:14
    |
132 |     impl<'v, 'm, 'g, O: PullOperator<'v, 'm, 'g>> PullOperator<'v, 'm, 'g> for Stage<'v, 'm, 'g, O> {
    |              ^^

error[E0308]: method not compatible with trait
   --> crates/zeppelin-embed/tests/graph_query_runtime_control.rs:135:9
    |
135 |         fn pull(&mut self, context: &mut RuntimeContext<'v, 'm, 'g>, output: &mut RowBatch<'v, 'm, 'g>) -> Result<PullState, RuntimeError> {
    |         ^^^^^^^^^^^^^^^^^^^^^^^^^^^^^^^^^^^^^^^^^^^^^^^^^^^^^^^^^^^^^^^^^^^^^^^^^^^^^^^^^^^^^^^^^^^^^^^^^^^^^^^^^^^^^^^^^^^^^^^^^^^^^^^^^^ lifetime mismatch
    |
    = note: expected signature `fn(&mut Stage<'_, '_, '_, _>, &mut zeppelin_embed::property_graph::query::runtime::RuntimeContext<'v, 'm, 'g>, &mut zeppelin_embed::property_graph::query::runtime::RowBatch<'v, 'm, 'g>) -> Result<_, _>`
               found signature `fn(&mut Stage<'_, '_, '_, _>, &mut zeppelin_embed::property_graph::query::runtime::RuntimeContext<'v, 'm, 'g>, &mut zeppelin_embed::property_graph::query::runtime::RowBatch<'v, 'm, 'g>) -> Result<_, _>`
note: the lifetime `'g` as defined here...
   --> crates/zeppelin-embed/tests/graph_query_runtime_control.rs:132:18
    |
132 |     impl<'v, 'm, 'g, O: PullOperator<'v, 'm, 'g>> PullOperator<'v, 'm, 'g> for Stage<'v, 'm, 'g, O> {
    |                  ^^
note: ...does not necessarily outlive the lifetime `'g` as defined here
   --> /Users/aghatage/Documents/code/zeppelin-embed-wt-ze-125/crates/zeppelin-embed/src/property_graph/query/runtime/driver.rs:34:21
    |
 34 |     fn pull<'v, 'm, 'g>(
    |                     ^^

error[E0308]: method not compatible with trait
   --> crates/zeppelin-embed/tests/graph_query_runtime_control.rs:135:9
    |
135 |         fn pull(&mut self, context: &mut RuntimeContext<'v, 'm, 'g>, output: &mut RowBatch<'v, 'm, 'g>) -> Result<PullState, RuntimeError> {
    |         ^^^^^^^^^^^^^^^^^^^^^^^^^^^^^^^^^^^^^^^^^^^^^^^^^^^^^^^^^^^^^^^^^^^^^^^^^^^^^^^^^^^^^^^^^^^^^^^^^^^^^^^^^^^^^^^^^^^^^^^^^^^^^^^^^^ lifetime mismatch
    |
    = note: expected signature `fn(&mut Stage<'_, '_, '_, _>, &mut zeppelin_embed::property_graph::query::runtime::RuntimeContext<'v, 'm, 'g>, &mut zeppelin_embed::property_graph::query::runtime::RowBatch<'v, 'm, 'g>) -> Result<_, _>`
               found signature `fn(&mut Stage<'_, '_, '_, _>, &mut zeppelin_embed::property_graph::query::runtime::RuntimeContext<'v, 'm, 'g>, &mut zeppelin_embed::property_graph::query::runtime::RowBatch<'v, 'm, 'g>) -> Result<_, _>`
note: the lifetime `'g` as defined here...
   --> /Users/aghatage/Documents/code/zeppelin-embed-wt-ze-125/crates/zeppelin-embed/src/property_graph/query/runtime/driver.rs:34:21
    |
 34 |     fn pull<'v, 'm, 'g>(
    |                     ^^
note: ...does not necessarily outlive the lifetime `'g` as defined here
   --> crates/zeppelin-embed/tests/graph_query_runtime_control.rs:132:18
    |
132 |     impl<'v, 'm, 'g, O: PullOperator<'v, 'm, 'g>> PullOperator<'v, 'm, 'g> for Stage<'v, 'm, 'g, O> {
    |                  ^^

error[E0425]: cannot find function `execute_factory` in this scope
   --> crates/zeppelin-embed/tests/graph_query_runtime_control.rs:167:22
    |
167 | ...   let result = execute_factory(view(store), &control, memory, plan, &mut Factory, &mut Count, ExecutionCapacity { batch_rows: 2, resu...
    |                    ^^^^^^^^^^^^^^^ not found in this scope

Some errors have detailed explanations: E0107, E0223, E0308, E0405, E0425.
For more information about an error, try `rustc --explain E0107`.
error: could not compile `zeppelin-embed` (test "graph_query_runtime_control") due to 18 previous errors
error: command `/Users/aghatage/.rustup/toolchains/1.93.0-aarch64-apple-darwin/bin/cargo '--color=auto' test --no-run --message-format json-render-diagnostics --package zeppelin-embed --test graph_query_runtime_control` exited with code 101
