   Compiling zerocopy v0.8.52
   Compiling once_cell v1.21.4
   Compiling serde_core v1.0.229
   Compiling zeppelin-embed-bench v0.4.2 (/Users/aghatage/Documents/code/zeppelin-embed-wt-ze-125/crates/zeppelin-embed-bench)
   Compiling zeppelin-embed-adversarial-oracle v0.4.2 (/Users/aghatage/Documents/code/zeppelin-embed-wt-ze-125/tests/adversarial-oracle)
   Compiling zeppelin-embed-cypher v0.4.2 (/Users/aghatage/Documents/code/zeppelin-embed-wt-ze-125/crates/zeppelin-embed-cypher)
   Compiling zeppelin-embed-ffi v0.4.2 (/Users/aghatage/Documents/code/zeppelin-embed-wt-ze-125/crates/zeppelin-embed-ffi)
   Compiling tempfile v3.25.0
   Compiling rusty-fork v0.3.1
   Compiling serde_json v1.0.151
   Compiling ppv-lite86 v0.2.21
   Compiling rand_chacha v0.9.0
   Compiling rand v0.9.5
   Compiling proptest v1.10.0
   Compiling zeppelin-embed-workspace-tests v0.4.2 (/Users/aghatage/Documents/code/zeppelin-embed-wt-ze-125/tests)
    Finished `test` profile [unoptimized + debuginfo] target(s) in 13.15s
────────────
 Nextest run ID a7caf2ba-1d6b-4b6d-92a2-48f53fd93ff6 with nextest profile: default
    Starting 1 test across 1 binary (455 tests skipped)
        PASS [   0.015s] (1/1) zeppelin-embed-workspace-tests::adversarial_tests property_graph_runtime_probe_checks_bags_counters_and_scheduled_failures
────────────
     Summary [   0.015s] 1 test run: 1 passed, 455 skipped
