warning: missing documentation for a struct field
  --> crates/zeppelin-embed/src/property_graph/query/relational/aggregate.rs:11:13
   |
11 |     Count { slot: SlotId, distinct: bool },
   |             ^^^^^^^^^^^^
   |
note: the lint level is defined here
  --> crates/zeppelin-embed/src/lib.rs:28:9
   |
28 | #![warn(missing_docs)]
   |         ^^^^^^^^^^^^

warning: missing documentation for a struct field
  --> crates/zeppelin-embed/src/property_graph/query/relational/aggregate.rs:11:27
   |
11 |     Count { slot: SlotId, distinct: bool },
   |                           ^^^^^^^^^^^^^^

warning: missing documentation for a struct field
  --> crates/zeppelin-embed/src/property_graph/query/relational/aggregate.rs:13:15
   |
13 |     Collect { slot: SlotId, distinct: bool },
   |               ^^^^^^^^^^^^

warning: missing documentation for a struct field
  --> crates/zeppelin-embed/src/property_graph/query/relational/aggregate.rs:13:29
   |
13 |     Collect { slot: SlotId, distinct: bool },
   |                             ^^^^^^^^^^^^^^

warning: `zeppelin-embed` (lib) generated 4 warnings
   Compiling zeppelin-embed v0.4.2 (/Users/aghatage/Documents/code/zeppelin-embed-wt-ze-125/crates/zeppelin-embed)
error[E0433]: failed to resolve: use of undeclared type `BlockingRows`
   --> crates/zeppelin-embed/tests/graph_relational.rs:151:22
    |
151 | ...   let sorted = BlockingRows::new(context, PlanNodeId(2), source, BlockingOperation::Sort(&[OrderKey { slot: SlotId(55), descending: f...
    |                    ^^^^^^^^^^^^ use of undeclared type `BlockingRows`

error[E0433]: failed to resolve: use of undeclared type `BlockingOperation`
   --> crates/zeppelin-embed/tests/graph_relational.rs:151:72
    |
151 | ...   let sorted = BlockingRows::new(context, PlanNodeId(2), source, BlockingOperation::Sort(&[OrderKey { slot: SlotId(55), descending: f...
    |                                                                      ^^^^^^^^^^^^^^^^^ use of undeclared type `BlockingOperation`

error[E0433]: failed to resolve: use of undeclared type `BlockingRows`
   --> crates/zeppelin-embed/tests/graph_relational.rs:153:29
    |
153 | ...   let mut collected = BlockingRows::new(context, PlanNodeId(3), sorted, BlockingOperation::Aggregate { keys: &[], columns: &aggregate...
    |                           ^^^^^^^^^^^^ use of undeclared type `BlockingRows`

error[E0433]: failed to resolve: use of undeclared type `BlockingOperation`
   --> crates/zeppelin-embed/tests/graph_relational.rs:153:79
    |
153 | ...:new(context, PlanNodeId(3), sorted, BlockingOperation::Aggregate { keys: &[], columns: &aggregates }, capacity(3), capacity(600), cap...
    |                                         ^^^^^^^^^^^^^^^^^ use of undeclared type `BlockingOperation`

For more information about this error, try `rustc --explain E0433`.
error: could not compile `zeppelin-embed` (test "graph_relational") due to 4 previous errors
error: command `/Users/aghatage/.rustup/toolchains/1.93.0-aarch64-apple-darwin/bin/cargo '--color=auto' test --no-run --message-format json-render-diagnostics --package zeppelin-embed --test graph_relational` exited with code 101
