   Compiling zeppelin-embed-adversarial-oracle v0.4.2 (/Users/aghatage/Documents/code/zeppelin-embed-wt-ze-125/tests/adversarial-oracle)
    Finished `test` profile [unoptimized + debuginfo] target(s) in 0.80s
────────────
 Nextest run ID eb024858-d521-44de-9e1a-7bb51dbb3776 with nextest profile: default
    Starting 1 test across 6 binaries (110 tests skipped)
        FAIL [   0.007s] (1/1) zeppelin-embed-adversarial-oracle graph_relational::tests::relational_oracle_orders_signed_values_before_transport_encoding
  stdout ───

    running 1 test
    test graph_relational::tests::relational_oracle_orders_signed_values_before_transport_encoding ... FAILED

    failures:

    failures:
        graph_relational::tests::relational_oracle_orders_signed_values_before_transport_encoding

    test result: FAILED. 0 passed; 1 failed; 0 ignored; 0 measured; 93 filtered out; finished in 0.00s

  stderr ───

    thread 'graph_relational::tests::relational_oracle_orders_signed_values_before_transport_encoding' (34679446) panicked at tests/adversarial-oracle/src/graph_relational.rs:53:9:
    assertion failed: check(0, &[-3, 1, -3], &[], &[negative, negative, 1]).is_ok()
    note: run with `RUST_BACKTRACE=1` environment variable to display a backtrace

────────────
     Summary [   0.008s] 1 test run: 0 passed, 1 failed, 110 skipped
        FAIL [   0.007s] (1/1) zeppelin-embed-adversarial-oracle graph_relational::tests::relational_oracle_orders_signed_values_before_transport_encoding
  stdout ───

    running 1 test
    test graph_relational::tests::relational_oracle_orders_signed_values_before_transport_encoding ... FAILED

    failures:

    failures:
        graph_relational::tests::relational_oracle_orders_signed_values_before_transport_encoding

    test result: FAILED. 0 passed; 1 failed; 0 ignored; 0 measured; 93 filtered out; finished in 0.00s

  stderr ───

    thread 'graph_relational::tests::relational_oracle_orders_signed_values_before_transport_encoding' (34679446) panicked at tests/adversarial-oracle/src/graph_relational.rs:53:9:
    assertion failed: check(0, &[-3, 1, -3], &[], &[negative, negative, 1]).is_ok()
    note: run with `RUST_BACKTRACE=1` environment variable to display a backtrace

error: test run failed
