    Checking cfg-if v1.0.4
    Checking once_cell v1.21.4
    Checking regex-syntax v0.8.11
    Checking bitflags v2.13.1
    Checking fastrand v2.4.1
    Checking libc v0.2.189
    Checking serde_core v1.0.229
    Checking zmij v1.0.23
    Checking ciborium-io v0.2.2
    Checking either v1.17.0
    Checking memchr v2.8.3
    Checking itoa v1.0.18
    Checking anstyle v1.0.14
    Checking clap_lex v1.1.0
    Checking zerocopy v0.8.52
    Checking num-traits v0.2.19
    Checking fnv v1.0.7
    Checking cast v0.3.0
    Checking quick-error v1.2.3
    Checking bytemuck v1.25.2
    Checking byteorder v1.5.0
    Checking same-file v1.0.6
    Checking bit-vec v0.8.0
    Checking oorandom v11.1.5
    Checking itertools v0.10.5
    Checking clap_builder v4.6.0
    Checking unarray v0.1.4
    Checking walkdir v2.5.0
    Checking xxhash-rust v0.8.18
    Checking anes v0.1.6
    Checking bit-set v0.8.0
    Checking roaring v0.10.12
    Checking getrandom v0.3.4
    Checking errno v0.3.14
    Checking wait-timeout v0.2.1
    Checking is-terminal v0.4.17
    Checking rustix v1.1.3
    Checking rand_core v0.9.5
    Checking rand_xorshift v0.4.0
    Checking zeppelin-embed v0.4.2 (/Users/aghatage/Documents/code/zeppelin-embed-wt-ze-43/crates/zeppelin-embed)
    Checking criterion-plot v0.5.0
    Checking clap v4.6.1
    Checking regex-automata v0.4.18
    Checking tempfile v3.25.0
    Checking rusty-fork v0.3.1
    Checking serde v1.0.229
    Checking serde_json v1.0.151
    Checking tinytemplate v1.2.1
    Checking regex v1.13.1
    Checking half v2.7.1
    Checking ppv-lite86 v0.2.21
    Checking rand_chacha v0.9.0
    Checking ciborium-ll v0.2.2
    Checking rand v0.9.5
    Checking ciborium v0.2.2
    Checking proptest v1.10.0
    Checking criterion v0.5.1
error: manual `!RangeInclusive::contains` implementation
   --> crates/zeppelin-embed/src/property_graph/storage/tree/directory.rs:190:12
    |
190 |         if reserved_bytes > MAX_PREPARE_BYTES || reserved_bytes < PAGE_BYTES {
    |            ^^^^^^^^^^^^^^^^^^^^^^^^^^^^^^^^^^^^^^^^^^^^^^^^^^^^^^^^^^^^^^^^^ help: use: `!(PAGE_BYTES..=MAX_PREPARE_BYTES).contains(&reserved_bytes)`
    |
    = help: for further information visit https://rust-lang.github.io/rust-clippy/rust-1.93.0/index.html#manual_range_contains
    = note: `-D clippy::manual-range-contains` implied by `-D warnings`
    = help: to override `-D warnings` add `#[allow(clippy::manual_range_contains)]`

error: this function has too many arguments (8/7)
   --> crates/zeppelin-embed/src/property_graph/storage/tree/directory.rs:251:1
    |
251 | / fn checked_page<'a>(
252 | |     source: &impl BlockSource,
253 | |     root: DirectoryRoot,
254 | |     identity: ArtifactIdentity,
...   |
259 | |     resources: &mut TreeResources<'_>,
260 | | ) -> Result<super::FramedPage<'a>, TreeError> {
    | |_____________________________________________^
    |
    = help: for further information visit https://rust-lang.github.io/rust-clippy/rust-1.93.0/index.html#too_many_arguments
    = note: `-D clippy::too-many-arguments` implied by `-D warnings`
    = help: to override `-D warnings` add `#[allow(clippy::too_many_arguments)]`

error: this `if` statement can be collapsed
   --> crates/zeppelin-embed/src/property_graph/storage/tree/directory.rs:284:13
    |
284 | /             if let Some(old) = previous {
285 | |                 if !compare(source, root, old, key, resources)?.is_lt() {
286 | |                     return Err(TreeError::Invalid("duplicate or unordered directory key"));
287 | |                 }
288 | |             }
    | |_____________^
    |
    = help: for further information visit https://rust-lang.github.io/rust-clippy/rust-1.93.0/index.html#collapsible_if
    = note: `-D clippy::collapsible-if` implied by `-D warnings`
    = help: to override `-D warnings` add `#[allow(clippy::collapsible_if)]`
help: collapse nested if block
    |
284 ~             if let Some(old) = previous
285 ~                 && !compare(source, root, old, key, resources)?.is_lt() {
286 |                     return Err(TreeError::Invalid("duplicate or unordered directory key"));
287 ~                 }
    |

error: this `if` statement can be collapsed
   --> crates/zeppelin-embed/src/property_graph/storage/tree/directory.rs:295:13
    |
295 | /             if let Some(upper) = upper {
296 | |                 if !compare(source, root, key, upper, resources)?.is_lt() {
297 | |                     return Err(TreeError::Invalid("key exceeds ancestor upper bound"));
298 | |                 }
299 | |             }
    | |_____________^
    |
    = help: for further information visit https://rust-lang.github.io/rust-clippy/rust-1.93.0/index.html#collapsible_if
help: collapse nested if block
    |
295 ~             if let Some(upper) = upper
296 ~                 && !compare(source, root, key, upper, resources)?.is_lt() {
297 |                     return Err(TreeError::Invalid("key exceeds ancestor upper bound"));
298 ~                 }
    |

error: large size difference between variants
   --> crates/zeppelin-embed/src/property_graph/storage/tree/directory.rs:469:1
    |
469 | /   enum Separator {
470 | | /     Inline {
471 | | |         bytes: [u8; INLINE_BYTES],
472 | | |         len: usize,
473 | | |     },
    | | |_____- the largest variant contains at least 520 bytes
474 | | /     Overflow {
475 | | |         logical_length: u64,
476 | | |         reference: PhysicalRef,
477 | | |     },
    | | |_____- the second-largest variant contains at least 40 bytes
478 | |   }
    | |___^ the entire enum is at least 528 bytes
    |
    = help: for further information visit https://rust-lang.github.io/rust-clippy/rust-1.93.0/index.html#large_enum_variant
    = note: `-D clippy::large-enum-variant` implied by `-D warnings`
    = help: to override `-D warnings` add `#[allow(clippy::large_enum_variant)]`
help: consider boxing the large fields or introducing indirection in some other way to reduce the total size of the enum
    |
471 -         bytes: [u8; INLINE_BYTES],
471 +         bytes: Box<[u8; INLINE_BYTES]>,
    |

error: this `if` statement can be collapsed
   --> crates/zeppelin-embed/src/property_graph/storage/tree/directory.rs:533:9
    |
533 | /         if let Key::Inline(bytes) = *key {
534 | |             if bytes.len() > INLINE_BYTES {
535 | |                 if root.kind != TreeKind::KeyFences {
536 | |                     return Err(TreeError::Invalid("overflow comparator kind"));
...   |
551 | |         }
    | |_________^
    |
    = help: for further information visit https://rust-lang.github.io/rust-clippy/rust-1.93.0/index.html#collapsible_if
help: collapse nested if block
    |
533 ~         if let Key::Inline(bytes) = *key
534 ~             && bytes.len() > INLINE_BYTES {
535 |                 if root.kind != TreeKind::KeyFences {
...
549 |                 };
550 ~             }
    |

error: could not compile `zeppelin-embed` (lib) due to 6 previous errors
