    Checking zeppelin-embed v0.4.2 (/Users/aghatage/Documents/code/zeppelin-embed-wt-ze-43/crates/zeppelin-embed)
error: large size difference between variants
  --> crates/zeppelin-embed/src/property_graph/storage/records/tombstone.rs:33:1
   |
33 | / pub enum NodeRecordState<'a, S: BlockSource> {
34 | |     /// Fully correlated live canonical image and symbol index.
35 | |     Live(RecordView<'a, S>),
   | |     ----------------------- the largest variant contains at least 1120 bytes
36 | |     /// Fully correlated deletion evidence with no live payload.
37 | |     Tombstone(NodeTombstone<'a, S>),
   | |     ------------------------------- the second-largest variant contains at least 336 bytes
38 | | }
   | |_^ the entire enum is at least 1120 bytes
   |
   = help: for further information visit https://rust-lang.github.io/rust-clippy/rust-1.93.0/index.html#large_enum_variant
   = note: `-D clippy::large-enum-variant` implied by `-D warnings`
   = help: to override `-D warnings` add `#[allow(clippy::large_enum_variant)]`
help: consider boxing the large fields or introducing indirection in some other way to reduce the total size of the enum
   |
35 -     Live(RecordView<'a, S>),
35 +     Live(Box<RecordView<'a, S>>),
   |

error: could not compile `zeppelin-embed` (lib) due to 1 previous error
