   Compiling zeppelin-embed v0.4.2 (/Users/aghatage/Documents/code/zeppelin-embed-wt-ze-43/crates/zeppelin-embed)
    Finished `test` profile [unoptimized + debuginfo] target(s) in 5.30s
────────────
 Nextest run ID 62ace794-5215-4c11-be99-498d82d78d7d with nextest profile: default
    Starting 14 tests across 1 binary
        PASS [   0.016s] ( 1/14) zeppelin-embed::graph_directories cancellation_after_final_sink_resolution_returns_no_prepared_root
        PASS [   0.019s] ( 2/14) zeppelin-embed::graph_directories graph_root_bundle_retains_typed_full_width_label_and_type_directories
        PASS [   0.013s] ( 3/14) zeppelin-embed::graph_directories immutable_directory_preserves_full_ids_and_old_root_values
        PASS [   0.024s] ( 4/14) zeppelin-embed::graph_directories lossless_extent_payloads_read_across_chunks_and_preserve_relocated_bytes
        PASS [   0.376s] ( 5/14) zeppelin-embed::graph_directories derived_record_stream_spans_objects_without_relaxing_canonical_input_cap
        PASS [   2.877s] ( 6/14) zeppelin-embed::graph_directories directory_cursor_matches_ordered_map_after_middle_first_and_last_deletes
        PASS [   0.009s] ( 7/14) zeppelin-embed::graph_directories read_resources_charge_their_shared_fixed_working_set
        PASS [   0.018s] ( 8/14) zeppelin-embed::graph_directories reopened_near_page_inline_key_normalizes_without_changing_logical_bytes
        PASS [   0.010s] ( 9/14) zeppelin-embed::graph_directories root_collapse_rejects_wrong_level_in_the_surviving_sibling
        PASS [   0.008s] (10/14) zeppelin-embed::graph_directories tree_scratch_charges_real_shared_capacity_and_releases_before_other_work
        PASS [   0.014s] (11/14) zeppelin-embed::graph_directories whole_directory_verifier_rejects_corruption_on_an_unvisited_point_path
        PASS [   2.923s] (12/14) zeppelin-embed::graph_directories overflow_keys_compare_full_eight_mib_and_cursor_preserves_exact_bytes
        PASS [   3.937s] (13/14) zeppelin-embed::graph_directories directory_leaf_splits_preserve_old_roots_and_share_untouched_pages
        PASS [   6.200s] (14/14) zeppelin-embed::graph_directories multilevel_directory_deletion_restores_last_bounds_and_collapses_root
────────────
     Summary [   6.273s] 14 tests run: 14 passed, 0 skipped
