   Compiling zeppelin-embed v0.4.2 (/Users/aghatage/Documents/code/zeppelin-embed-wt-ze-43/crates/zeppelin-embed)
    Finished `test` profile [unoptimized + debuginfo] target(s) in 2.56s
────────────
 Nextest run ID 81675456-d625-43c3-a72f-f0d015fdf7bb with nextest profile: default
    Starting 16 tests across 1 binary
        PASS [   0.010s] ( 1/16) zeppelin-embed::graph_directories canonical_storage_walk_preserves_typed_empty_and_scalar_bits
        PASS [   0.011s] ( 2/16) zeppelin-embed::graph_directories cancellation_after_final_sink_resolution_returns_no_prepared_root
        PASS [   0.016s] ( 3/16) zeppelin-embed::graph_directories graph_root_bundle_retains_typed_full_width_label_and_type_directories
        PASS [   0.014s] ( 4/16) zeppelin-embed::graph_directories immutable_directory_preserves_full_ids_and_old_root_values
        PASS [   0.027s] ( 5/16) zeppelin-embed::graph_directories lossless_extent_payloads_read_across_chunks_and_preserve_relocated_bytes
        PASS [   0.409s] ( 6/16) zeppelin-embed::graph_directories derived_record_stream_spans_objects_without_relaxing_canonical_input_cap
        PASS [   3.113s] ( 7/16) zeppelin-embed::graph_directories directory_cursor_matches_ordered_map_after_middle_first_and_last_deletes
        PASS [   0.011s] ( 8/16) zeppelin-embed::graph_directories read_resources_charge_their_shared_fixed_working_set
        PASS [   0.020s] ( 9/16) zeppelin-embed::graph_directories reopened_near_page_inline_key_normalizes_without_changing_logical_bytes
        PASS [   0.016s] (10/16) zeppelin-embed::graph_directories retained_payload_slices_bound_cross_chunk_utf8_and_cursor_fields
        PASS [   0.013s] (11/16) zeppelin-embed::graph_directories root_collapse_rejects_wrong_level_in_the_surviving_sibling
        PASS [   0.014s] (12/16) zeppelin-embed::graph_directories tree_scratch_charges_real_shared_capacity_and_releases_before_other_work
        PASS [   0.016s] (13/16) zeppelin-embed::graph_directories whole_directory_verifier_rejects_corruption_on_an_unvisited_point_path
        PASS [   3.183s] (14/16) zeppelin-embed::graph_directories overflow_keys_compare_full_eight_mib_and_cursor_preserves_exact_bytes
        PASS [   4.162s] (15/16) zeppelin-embed::graph_directories directory_leaf_splits_preserve_old_roots_and_share_untouched_pages
        PASS [   6.535s] (16/16) zeppelin-embed::graph_directories multilevel_directory_deletion_restores_last_bounds_and_collapses_root
────────────
     Summary [   6.603s] 16 tests run: 16 passed, 0 skipped
