   Compiling zeppelin-embed v0.4.2 (/Users/aghatage/Documents/code/zeppelin-embed-wt-ze-43/crates/zeppelin-embed)
    Finished `test` profile [unoptimized + debuginfo] target(s) in 2.54s
────────────
 Nextest run ID 997e0cf6-79eb-44de-a940-2ba4e5a764ca with nextest profile: default
    Starting 36 tests across 2 binaries
        PASS [   0.028s] ( 1/36) zeppelin-embed::graph_artifact allocation_preflight_rejects_before_entropy_or_filesystem_access
        PASS [   0.045s] ( 2/36) zeppelin-embed::graph_artifact complete_artifact_cap_includes_framing_and_rejects_before_output_mutation
        PASS [   0.055s] ( 3/36) zeppelin-embed::graph_artifact controlled_artifact_admission_polls_bounded_bytes_and_every_directory_entry
        PASS [   0.012s] ( 4/36) zeppelin-embed::graph_artifact entropy_and_collisions_fail_without_replacing_published_or_orphan_objects
        PASS [   0.009s] ( 5/36) zeppelin-embed::graph_artifact exclusive_creation_survives_vfs_decorators_and_fault_images
        PASS [   0.009s] ( 6/36) zeppelin-embed::graph_artifact exclusive_object_creation_preserves_published_and_orphan_bytes
        PASS [   0.038s] ( 7/36) zeppelin-embed::graph_artifact controlled_artifact_encoding_keeps_wire_bytes_and_capacity_preflight
        PASS [   0.007s] ( 8/36) zeppelin-embed::graph_artifact graph_object_corruption_and_wrong_references_are_rejected_before_payload_access
        PASS [   0.009s] ( 9/36) zeppelin-embed::graph_artifact failed_create_reports_its_nonce_without_granting_collision_cleanup_ownership
        PASS [   0.010s] (10/36) zeppelin-embed::graph_artifact incompatible_root_validation_never_mutates_root_or_neighbor_artifacts
        PASS [   0.007s] (11/36) zeppelin-embed::graph_artifact native_graph_formats_are_required_and_append_only
        PASS [   0.009s] (12/36) zeppelin-embed::graph_artifact native_graph_artifact_reference_and_page_bytes_match_independent_goldens
        PASS [   0.007s] (13/36) zeppelin-embed::graph_artifact native_graph_only_object_reopens_full_width_identity_and_exact_payload
        PASS [   0.006s] (14/36) zeppelin-embed::graph_artifact page_comparators_use_declared_numeric_fields_and_exact_key_bytes
        PASS [   0.006s] (15/36) zeppelin-embed::graph_artifact tree_page_frames_keep_full_width_inline_overflow_and_infinite_keys_distinct
        PASS [   0.009s] (16/36) zeppelin-embed::graph_directories cancellation_after_final_sink_resolution_returns_no_prepared_root
        PASS [   0.007s] (17/36) zeppelin-embed::graph_directories canonical_storage_walk_preserves_typed_empty_and_scalar_bits
        PASS [   0.017s] (18/36) zeppelin-embed::graph_artifact tree_page_corruption_cannot_be_hidden_by_valid_outer_checksums
        PASS [   0.110s] (19/36) zeppelin-embed::graph_artifact artifact_and_page_preflight_reject_invalid_shapes_without_touching_output
        PASS [   0.014s] (20/36) zeppelin-embed::graph_directories graph_root_bundle_retains_typed_full_width_label_and_type_directories
        PASS [   0.012s] (21/36) zeppelin-embed::graph_directories immutable_directory_preserves_full_ids_and_old_root_values
        PASS [   0.024s] (22/36) zeppelin-embed::graph_directories lossless_extent_payloads_read_across_chunks_and_preserve_relocated_bytes
        PASS [   0.371s] (23/36) zeppelin-embed::graph_directories derived_record_stream_spans_objects_without_relaxing_canonical_input_cap
        PASS [   0.010s] (24/36) zeppelin-embed::graph_directories native_record_requires_complete_canonical_index_labels_and_provenance
        PASS [   2.890s] (25/36) zeppelin-embed::graph_directories directory_cursor_matches_ordered_map_after_middle_first_and_last_deletes
        PASS [   0.028s] (26/36) zeppelin-embed::graph_directories provenance_storage_walk_retains_complete_fields_and_split_utf8_keys
        PASS [   0.008s] (27/36) zeppelin-embed::graph_directories read_resources_charge_their_shared_fixed_working_set
        PASS [   0.008s] (28/36) zeppelin-embed::graph_directories relationship_record_correlates_full_topology_and_rejects_future_payloads
        PASS [   0.018s] (29/36) zeppelin-embed::graph_directories reopened_near_page_inline_key_normalizes_without_changing_logical_bytes
        PASS [   0.013s] (30/36) zeppelin-embed::graph_directories retained_payload_slices_bound_cross_chunk_utf8_and_cursor_fields
        PASS [   0.010s] (31/36) zeppelin-embed::graph_directories root_collapse_rejects_wrong_level_in_the_surviving_sibling
        PASS [   0.007s] (32/36) zeppelin-embed::graph_directories tree_scratch_charges_real_shared_capacity_and_releases_before_other_work
        PASS [   0.013s] (33/36) zeppelin-embed::graph_directories whole_directory_verifier_rejects_corruption_on_an_unvisited_point_path
        PASS [   2.955s] (34/36) zeppelin-embed::graph_directories overflow_keys_compare_full_eight_mib_and_cursor_preserves_exact_bytes
        PASS [   3.951s] (35/36) zeppelin-embed::graph_directories directory_leaf_splits_preserve_old_roots_and_share_untouched_pages
        PASS [   6.332s] (36/36) zeppelin-embed::graph_directories multilevel_directory_deletion_restores_last_bounds_and_collapses_root
────────────
     Summary [   6.493s] 36 tests run: 36 passed, 0 skipped
