   Compiling zeppelin-embed v0.4.2 (/Users/aghatage/Documents/code/zeppelin-embed-wt-ze-43/crates/zeppelin-embed)
    Finished `test` profile [unoptimized + debuginfo] target(s) in 0.37s
────────────
 Nextest run ID 5666a248-5a05-407f-aa56-9c65910ea9d5 with nextest profile: default
    Starting 1 test across 1 binary (3 tests skipped)
        FAIL [  26.102s] (1/1) zeppelin-embed::graph_storage_prepare native_index_preparation_sorts_chunk_spanning_arrays_in_the_shared_participant
  stdout ───

    running 1 test
    test native_index_preparation_sorts_chunk_spanning_arrays_in_the_shared_participant ... FAILED

    failures:

    failures:
        native_index_preparation_sorts_chunk_spanning_arrays_in_the_shared_participant

    test result: FAILED. 0 passed; 1 failed; 0 ignored; 0 measured; 3 filtered out; finished in 26.09s

  stderr ───

    thread 'native_index_preparation_sorts_chunk_spanning_arrays_in_the_shared_participant' (34809333) panicked at crates/zeppelin-embed/tests/graph_storage_prepare.rs:1206:10:
    called `Result::unwrap()` on an `Err` value: Work
    note: run with `RUST_BACKTRACE=1` environment variable to display a backtrace

────────────
     Summary [  26.103s] 1 test run: 0 passed, 1 failed, 3 skipped
        FAIL [  26.102s] (1/1) zeppelin-embed::graph_storage_prepare native_index_preparation_sorts_chunk_spanning_arrays_in_the_shared_participant
  stdout ───

    running 1 test
    test native_index_preparation_sorts_chunk_spanning_arrays_in_the_shared_participant ... FAILED

    failures:

    failures:
        native_index_preparation_sorts_chunk_spanning_arrays_in_the_shared_participant

    test result: FAILED. 0 passed; 1 failed; 0 ignored; 0 measured; 3 filtered out; finished in 26.09s

  stderr ───

    thread 'native_index_preparation_sorts_chunk_spanning_arrays_in_the_shared_participant' (34809333) panicked at crates/zeppelin-embed/tests/graph_storage_prepare.rs:1206:10:
    called `Result::unwrap()` on an `Err` value: Work
    note: run with `RUST_BACKTRACE=1` environment variable to display a backtrace

error: test run failed
