    Checking zeppelin-embed v0.4.2 (/Users/aghatage/Documents/code/zeppelin-embed-wt-ze-43/crates/zeppelin-embed)
error: this `if` statement can be collapsed
   --> crates/zeppelin-embed/src/property_graph/storage/participant.rs:272:13
    |
272 | /             if let (Some(old), RecordShape::Relationship { .. }) = (&old, new.shape) {
273 | |                 if old.shape != new.shape {
274 | |                     return Err(TreeError::Invalid("relationship topology changed"));
275 | |                 }
276 | |             }
    | |_____________^
    |
    = help: for further information visit https://rust-lang.github.io/rust-clippy/rust-1.93.0/index.html#collapsible_if
    = note: `-D clippy::collapsible-if` implied by `-D warnings`
    = help: to override `-D warnings` add `#[allow(clippy::collapsible_if)]`
help: collapse nested if block
    |
272 ~             if let (Some(old), RecordShape::Relationship { .. }) = (&old, new.shape)
273 ~                 && old.shape != new.shape {
274 |                     return Err(TreeError::Invalid("relationship topology changed"));
275 ~                 }
    |

error: could not compile `zeppelin-embed` (lib) due to 1 previous error
