   Compiling zeppelin-embed v0.4.2 (/Users/aghatage/Documents/code/zeppelin-embed-wt-ze-43/crates/zeppelin-embed)
    Finished `test` profile [unoptimized + debuginfo] target(s) in 0.49s
────────────
 Nextest run ID 366f91e5-49c6-4708-80a8-f7e295627d02 with nextest profile: default
    Starting 3 tests across 1 binary (26 tests skipped)
        FAIL [   0.015s] (1/3) zeppelin-embed::graph_directories cow_does_not_legitimize_future_unselected_branch_child
  stdout ───

    running 1 test
    test cow_does_not_legitimize_future_unselected_branch_child ... FAILED

    failures:

    failures:
        cow_does_not_legitimize_future_unselected_branch_child

    test result: FAILED. 0 passed; 1 failed; 0 ignored; 0 measured; 28 filtered out; finished in 0.01s

  stderr ───

    thread 'cow_does_not_legitimize_future_unselected_branch_child' (34698718) panicked at crates/zeppelin-embed/tests/graph_directories.rs:2959:5:
    COW must not legitimize a future unselected branch child
    note: run with `RUST_BACKTRACE=1` environment variable to display a backtrace

        FAIL [   0.018s] (2/3) zeppelin-embed::graph_directories inventory_directory_preserves_exact_descriptors_without_granting_liveness
  stdout ───

    running 1 test
    test inventory_directory_preserves_exact_descriptors_without_granting_liveness ... FAILED

    failures:

    failures:
        inventory_directory_preserves_exact_descriptors_without_granting_liveness

    test result: FAILED. 0 passed; 1 failed; 0 ignored; 0 measured; 28 filtered out; finished in 0.01s

  stderr ───

    thread 'inventory_directory_preserves_exact_descriptors_without_granting_liveness' (34698719) panicked at crates/zeppelin-embed/tests/graph_directories.rs:2796:5:
    inventory COW must not legitimize a future descriptor retained from an old leaf
    note: run with `RUST_BACKTRACE=1` environment variable to display a backtrace

        FAIL [   0.030s] (3/3) zeppelin-embed::graph_directories keyed_fence_retains_complete_history_and_checks_containing_leaf_generation
  stdout ───

    running 1 test
    test keyed_fence_retains_complete_history_and_checks_containing_leaf_generation ... FAILED

    failures:

    failures:
        keyed_fence_retains_complete_history_and_checks_containing_leaf_generation

    test result: FAILED. 0 passed; 1 failed; 0 ignored; 0 measured; 28 filtered out; finished in 0.02s

  stderr ───

    thread 'keyed_fence_retains_complete_history_and_checks_containing_leaf_generation' (34698717) panicked at crates/zeppelin-embed/tests/graph_directories.rs:2564:5:
    COW must not legitimize a future reference retained from an old leaf
    note: run with `RUST_BACKTRACE=1` environment variable to display a backtrace

────────────
     Summary [   0.030s] 3 tests run: 0 passed, 3 failed, 26 skipped
        FAIL [   0.015s] (1/3) zeppelin-embed::graph_directories cow_does_not_legitimize_future_unselected_branch_child
  stdout ───

    running 1 test
    test cow_does_not_legitimize_future_unselected_branch_child ... FAILED

    failures:

    failures:
        cow_does_not_legitimize_future_unselected_branch_child

    test result: FAILED. 0 passed; 1 failed; 0 ignored; 0 measured; 28 filtered out; finished in 0.01s

  stderr ───

    thread 'cow_does_not_legitimize_future_unselected_branch_child' (34698718) panicked at crates/zeppelin-embed/tests/graph_directories.rs:2959:5:
    COW must not legitimize a future unselected branch child
    note: run with `RUST_BACKTRACE=1` environment variable to display a backtrace

        FAIL [   0.018s] (2/3) zeppelin-embed::graph_directories inventory_directory_preserves_exact_descriptors_without_granting_liveness
  stdout ───

    running 1 test
    test inventory_directory_preserves_exact_descriptors_without_granting_liveness ... FAILED

    failures:

    failures:
        inventory_directory_preserves_exact_descriptors_without_granting_liveness

    test result: FAILED. 0 passed; 1 failed; 0 ignored; 0 measured; 28 filtered out; finished in 0.01s

  stderr ───

    thread 'inventory_directory_preserves_exact_descriptors_without_granting_liveness' (34698719) panicked at crates/zeppelin-embed/tests/graph_directories.rs:2796:5:
    inventory COW must not legitimize a future descriptor retained from an old leaf
    note: run with `RUST_BACKTRACE=1` environment variable to display a backtrace

        FAIL [   0.030s] (3/3) zeppelin-embed::graph_directories keyed_fence_retains_complete_history_and_checks_containing_leaf_generation
  stdout ───

    running 1 test
    test keyed_fence_retains_complete_history_and_checks_containing_leaf_generation ... FAILED

    failures:

    failures:
        keyed_fence_retains_complete_history_and_checks_containing_leaf_generation

    test result: FAILED. 0 passed; 1 failed; 0 ignored; 0 measured; 28 filtered out; finished in 0.02s

  stderr ───

    thread 'keyed_fence_retains_complete_history_and_checks_containing_leaf_generation' (34698717) panicked at crates/zeppelin-embed/tests/graph_directories.rs:2564:5:
    COW must not legitimize a future reference retained from an old leaf
    note: run with `RUST_BACKTRACE=1` environment variable to display a backtrace

error: test run failed
