   Compiling zeppelin-embed v0.4.2 (/Users/aghatage/Documents/code/zeppelin-embed-wt-ze-43/crates/zeppelin-embed)
    Finished `test` profile [unoptimized + debuginfo] target(s) in 2.06s
────────────
 Nextest run ID 7895b7ac-0b4f-436f-82c5-a300705ef4f3 with nextest profile: default
    Starting 1 test across 1 binary (26 tests skipped)
        FAIL [   0.036s] (1/1) zeppelin-embed::graph_directories keyed_fence_retains_complete_history_and_checks_containing_leaf_generation
  stdout ───

    running 1 test
    test keyed_fence_retains_complete_history_and_checks_containing_leaf_generation ... FAILED

    failures:

    failures:
        keyed_fence_retains_complete_history_and_checks_containing_leaf_generation

    test result: FAILED. 0 passed; 1 failed; 0 ignored; 0 measured; 26 filtered out; finished in 0.03s

  stderr ───

    thread 'keyed_fence_retains_complete_history_and_checks_containing_leaf_generation' (34615080) panicked at crates/zeppelin-embed/tests/graph_directories.rs:2508:5:
    new root does not relax old leaf generation
    note: run with `RUST_BACKTRACE=1` environment variable to display a backtrace

────────────
     Summary [   0.036s] 1 test run: 0 passed, 1 failed, 26 skipped
        FAIL [   0.036s] (1/1) zeppelin-embed::graph_directories keyed_fence_retains_complete_history_and_checks_containing_leaf_generation
  stdout ───

    running 1 test
    test keyed_fence_retains_complete_history_and_checks_containing_leaf_generation ... FAILED

    failures:

    failures:
        keyed_fence_retains_complete_history_and_checks_containing_leaf_generation

    test result: FAILED. 0 passed; 1 failed; 0 ignored; 0 measured; 26 filtered out; finished in 0.03s

  stderr ───

    thread 'keyed_fence_retains_complete_history_and_checks_containing_leaf_generation' (34615080) panicked at crates/zeppelin-embed/tests/graph_directories.rs:2508:5:
    new root does not relax old leaf generation
    note: run with `RUST_BACKTRACE=1` environment variable to display a backtrace

error: test run failed
