   Compiling zerocopy v0.8.52
   Compiling once_cell v1.21.4
   Compiling serde_core v1.0.229
   Compiling zeppelin-embed-bench v0.4.2 (/Users/aghatage/Documents/code/zeppelin-embed-wt-ze-43/crates/zeppelin-embed-bench)
   Compiling zeppelin-embed v0.4.2 (/Users/aghatage/Documents/code/zeppelin-embed-wt-ze-43/crates/zeppelin-embed)
   Compiling zeppelin-embed-adversarial-oracle v0.4.2 (/Users/aghatage/Documents/code/zeppelin-embed-wt-ze-43/tests/adversarial-oracle)
   Compiling tempfile v3.25.0
   Compiling rusty-fork v0.3.1
   Compiling serde_json v1.0.151
   Compiling ppv-lite86 v0.2.21
   Compiling rand_chacha v0.9.0
   Compiling rand v0.9.5
   Compiling proptest v1.10.0
   Compiling zeppelin-embed-ffi v0.4.2 (/Users/aghatage/Documents/code/zeppelin-embed-wt-ze-43/crates/zeppelin-embed-ffi)
   Compiling zeppelin-embed-workspace-tests v0.4.2 (/Users/aghatage/Documents/code/zeppelin-embed-wt-ze-43/tests)
    Finished `test` profile [unoptimized + debuginfo] target(s) in 17.78s
────────────
 Nextest run ID a81b8895-4689-4477-b308-86158e5955b0 with nextest profile: default
    Starting 1 test across 1 binary (455 tests skipped)
        FAIL [   0.009s] (1/1) zeppelin-embed-workspace-tests::adversarial_tests property_graph_directories_probe_checks_native_roots_and_independent_history
  stdout ───

    running 1 test
    test property_graph_directories_probe_checks_native_roots_and_independent_history ... FAILED

    failures:

    failures:
        property_graph_directories_probe_checks_native_roots_and_independent_history

    test result: FAILED. 0 passed; 1 failed; 0 ignored; 0 measured; 455 filtered out; finished in 0.00s

  stderr ───

    thread 'property_graph_directories_probe_checks_native_roots_and_independent_history' (34735020) panicked at tests/adversarial_tests.rs:18833:13:
    missing PG8 case property-graph.directories.native-history
    note: run with `RUST_BACKTRACE=1` environment variable to display a backtrace

────────────
     Summary [   0.009s] 1 test run: 0 passed, 1 failed, 455 skipped
        FAIL [   0.009s] (1/1) zeppelin-embed-workspace-tests::adversarial_tests property_graph_directories_probe_checks_native_roots_and_independent_history
  stdout ───

    running 1 test
    test property_graph_directories_probe_checks_native_roots_and_independent_history ... FAILED

    failures:

    failures:
        property_graph_directories_probe_checks_native_roots_and_independent_history

    test result: FAILED. 0 passed; 1 failed; 0 ignored; 0 measured; 455 filtered out; finished in 0.00s

  stderr ───

    thread 'property_graph_directories_probe_checks_native_roots_and_independent_history' (34735020) panicked at tests/adversarial_tests.rs:18833:13:
    missing PG8 case property-graph.directories.native-history
    note: run with `RUST_BACKTRACE=1` environment variable to display a backtrace

error: test run failed
