   Compiling zeppelin-embed v0.4.2 (/Users/aghatage/Documents/code/zeppelin-embed-wt-ze-43/crates/zeppelin-embed)
warning: unused variable: `resources`
  --> crates/zeppelin-embed/src/property_graph/storage/stream.rs:68:9
   |
68 |         resources: &mut TreeResources<'_>,
   |         ^^^^^^^^^ help: if this is intentional, prefix it with an underscore: `_resources`
   |
   = note: `#[warn(unused_variables)]` (part of `#[warn(unused)]`) on by default

warning: `zeppelin-embed` (lib) generated 1 warning (run `cargo fix --lib -p zeppelin-embed` to apply 1 suggestion)
    Finished `test` profile [unoptimized + debuginfo] target(s) in 1.90s
────────────
 Nextest run ID 35a1daf0-7ff5-451d-bf0a-a3d070575fcd with nextest profile: default
    Starting 1 test across 1 binary (18 tests skipped)
        FAIL [   0.011s] (1/1) zeppelin-embed::graph_directories relationship_record_correlates_full_topology_and_rejects_future_payloads
  stdout ───

    running 1 test
    test relationship_record_correlates_full_topology_and_rejects_future_payloads ... FAILED

    failures:

    failures:
        relationship_record_correlates_full_topology_and_rejects_future_payloads

    test result: FAILED. 0 passed; 1 failed; 0 ignored; 0 measured; 18 filtered out; finished in 0.00s

  stderr ───

    thread 'relationship_record_correlates_full_topology_and_rejects_future_payloads' (34226507) panicked at crates/zeppelin-embed/tests/graph_directories.rs:1717:5:
    a later read view cannot legitimize a payload newer than its parent record
    note: run with `RUST_BACKTRACE=1` environment variable to display a backtrace

────────────
     Summary [   0.011s] 1 test run: 0 passed, 1 failed, 18 skipped
        FAIL [   0.011s] (1/1) zeppelin-embed::graph_directories relationship_record_correlates_full_topology_and_rejects_future_payloads
  stdout ───

    running 1 test
    test relationship_record_correlates_full_topology_and_rejects_future_payloads ... FAILED

    failures:

    failures:
        relationship_record_correlates_full_topology_and_rejects_future_payloads

    test result: FAILED. 0 passed; 1 failed; 0 ignored; 0 measured; 18 filtered out; finished in 0.00s

  stderr ───

    thread 'relationship_record_correlates_full_topology_and_rejects_future_payloads' (34226507) panicked at crates/zeppelin-embed/tests/graph_directories.rs:1717:5:
    a later read view cannot legitimize a payload newer than its parent record
    note: run with `RUST_BACKTRACE=1` environment variable to display a backtrace

error: test run failed
