   Compiling zeppelin-embed v0.4.2 (/Users/aghatage/Documents/code/zeppelin-embed-wt-ze-43/crates/zeppelin-embed)
warning: method `require_batch` is never used
  --> crates/zeppelin-embed/src/property_graph/storage/memory.rs:45:19
   |
21 | impl<'a> StorageMemory<'a> {
   | -------------------------- method in this implementation
...
45 |     pub(super) fn require_batch(&self, batch: &crate::property_graph::staging::StagedBatch<'_>) -> Result<(), TreeError> {
   |                   ^^^^^^^^^^^^^
   |
   = note: `#[warn(dead_code)]` (part of `#[warn(unused)]`) on by default

warning: method `uses_memory` is never used
   --> crates/zeppelin-embed/src/property_graph/staging.rs:366:19
    |
365 | impl StagedBatch<'_> {
    | -------------------- method in this implementation
366 |     pub(crate) fn uses_memory(&self, memory: &WriteMemory<'_>) -> bool {
    |                   ^^^^^^^^^^^

warning: method `uses_memory` is never used
  --> crates/zeppelin-embed/src/property_graph/staging/memory.rs:32:19
   |
31 | impl<'a, T> Arena<'a, T> {
   | ------------------------ method in this implementation
32 |     pub(super) fn uses_memory(&self, memory: &WriteMemory<'_>) -> bool {
   |                   ^^^^^^^^^^^

warning: `zeppelin-embed` (lib) generated 3 warnings
error[E0432]: unresolved import `zeppelin_embed::property_graph::storage::participant`
  --> crates/zeppelin-embed/tests/graph_storage_prepare.rs:71:46
   |
71 | use zeppelin_embed::property_graph::storage::participant::{DirectoryBase, PreparationCatalog, prepare_directories};
   |                                              ^^^^^^^^^^^ could not find `participant` in `storage`

For more information about this error, try `rustc --explain E0432`.
error: could not compile `zeppelin-embed` (test "graph_storage_prepare") due to 1 previous error
error: command `/Users/aghatage/.rustup/toolchains/1.93.0-aarch64-apple-darwin/bin/cargo '--color=auto' test --no-run --message-format json-render-diagnostics --package zeppelin-embed --test graph_storage_prepare` exited with code 101
