    Checking zeppelin-embed v0.4.2 (/Users/aghatage/Documents/code/zeppelin-embed-wt-ze-43/crates/zeppelin-embed)
error: this `if` statement can be collapsed
  --> crates/zeppelin-embed/src/property_graph/storage/inventory.rs:88:9
   |
88 | /         if let Some(entry) =
89 | |             lookup_entry(store, root, &change.object.artifact.get().to_le_bytes(), r)?
90 | |         {
91 | |             if verify_inventory_entry(root, entry, r)?.object != change.object {
...  |
94 | |         }
   | |_________^
   |
   = help: for further information visit https://rust-lang.github.io/rust-clippy/rust-1.93.0/index.html#collapsible_if
   = note: `-D clippy::collapsible-if` implied by `-D warnings`
   = help: to override `-D warnings` add `#[allow(clippy::collapsible_if)]`
help: collapse nested if block
   |
89 ~             lookup_entry(store, root, &change.object.artifact.get().to_le_bytes(), r)?
90 ~             && verify_inventory_entry(root, entry, r)?.object != change.object {
91 |                 return Err(TreeError::Invalid("inventory immutable descriptor changed"));
92 ~             }
   |

error: could not compile `zeppelin-embed` (lib) due to 1 previous error
