info: cargo-llvm-cov currently setting cfg(coverage); you can opt-out it by passing --no-cfg-coverage
   Compiling proc-macro2 v1.0.107
   Compiling quote v1.0.47
   Compiling unicode-ident v1.0.24
   Compiling cfg-if v1.0.4
   Compiling libc v0.2.189
   Compiling glob v0.3.4
   Compiling find-msvc-tools v0.1.11
   Compiling prettyplease v0.2.37
   Compiling either v1.17.0
   Compiling shlex v2.0.1
   Compiling memchr v2.8.3
   Compiling regex-syntax v0.8.11
   Compiling minimal-lexical v0.2.1
   Compiling fnv v1.0.7
   Compiling bindgen v0.70.1
   Compiling libloading v0.8.9
   Compiling winnow v1.0.4
   Compiling equivalent v1.0.2
   Compiling cc v1.4.4
   Compiling hashbrown v0.17.1
   Compiling strsim v0.11.1
   Compiling ident_case v1.0.1
   Compiling itertools v0.10.5
   Compiling autocfg v1.5.1
   Compiling bitflags v2.13.1
   Compiling shlex v1.3.0
   Compiling clang-sys v1.9.1
   Compiling nom v7.1.3
   Compiling fastrand v2.4.1
   Compiling toml_datetime v1.1.1+spec-1.1.0
   Compiling log v0.4.34
   Compiling rustc-hash v1.1.0
   Compiling smallvec v1.15.2
   Compiling num-traits v0.2.19
   Compiling parking_lot_core v0.9.12
   Compiling indexmap v2.14.1
   Compiling zerocopy v0.8.52
   Compiling rustversion v1.0.23
   Compiling mach-sys v0.5.4
   Compiling thiserror v2.0.20
   Compiling cmake v0.1.58
   Compiling regex-automata v0.4.18
   Compiling toml_parser v1.1.3+spec-1.1.0
   Compiling heck v0.5.0
   Compiling scopeguard v1.2.0
   Compiling paste v1.0.15
   Compiling lock_api v0.4.14
   Compiling syn v2.0.119
   Compiling syn v3.0.3
   Compiling toml_edit v0.25.13+spec-1.1.0
   Compiling itertools v0.14.0
   Compiling rustix v1.1.3
   Compiling getrandom v0.3.4
   Compiling byteorder v1.5.0
   Compiling bytemuck v1.25.2
   Compiling roaring v0.10.12
   Compiling zeppelin-embed-text v0.4.2 (/Users/aghatage/Documents/code/zeppelin-embed-wt-ze-115/crates/zeppelin-embed-text)
   Compiling parking_lot v0.12.5
   Compiling errno v0.3.14
   Compiling dyn-clone v1.0.20
   Compiling num-complex v0.4.6
   Compiling xxhash-rust v0.8.18
   Compiling proc-macro-crate v3.5.0
   Compiling cexpr v0.6.0
   Compiling unicode-normalization-alignments v0.1.12
   Compiling once_cell v1.21.4
   Compiling unicode_categories v0.1.1
   Compiling regex v1.13.1
   Compiling zeppelin-embed v0.4.2 (/Users/aghatage/Documents/code/zeppelin-embed-wt-ze-115/crates/zeppelin-embed)
   Compiling tempfile v3.25.0
   Compiling thiserror-impl v2.0.20
   Compiling darling_core v0.21.3
   Compiling zerocopy-derive v0.8.52
   Compiling strum_macros v0.27.2
   Compiling num_enum_derive v0.7.6
   Compiling num_enum v0.7.6
   Compiling darling_macro v0.21.3
   Compiling strum v0.27.2
   Compiling darling v0.21.3
   Compiling mlx-internal-macros v0.25.3
   Compiling mlx-macros v0.25.3
   Compiling mlx-sys v0.2.0
   Compiling half v2.7.1
   Compiling mlx-rs v0.25.3
    Finished `test` profile [unoptimized + debuginfo] target(s) in 1m 04s
     Running unittests src/lib.rs (target/ze115-coverage/llvm-cov-target/debug/deps/zeppelin_embed_text-44e674cce9a0d784)

running 11 tests
test query::tests::query_options_default_to_hybrid_ten_and_allow_an_explicit_leg ... ok
test ingest::tests::cancellation_prevents_acquiring_an_in_flight_slot ... ok
test ingest::tests::vector_normalization_checks_dimensions_finiteness_and_unit_norm ... ok
test runtime::tests::embedding_batches_and_runtime_errors_preserve_their_typed_contracts ... ok
test error::tests::text_error_preserves_typed_sources_and_stable_context ... ok
test tokenizer::tests::tokenizer_rejects_invalid_tables_and_batch_shapes ... ok
test bundle::tests::bundle_errors_are_typed_and_descriptive ... ok
test bundle::tests::metadata_cursor_reads_every_scalar_and_refuses_truncation_and_nonzero_reservations ... ok
test ingest::tests::ingest_options_chunking_and_caller_id_boundaries_fail_loudly ... ok
test tokenizer::tests::unigram_chooses_the_highest_scoring_complete_segmentation_and_fails_unknown_wholes ... ok
test tokenizer::tests::wordpiece_normalizes_splits_unknowns_and_pads_rectangular_batches ... ok

test result: ok. 11 passed; 0 failed; 0 ignored; 0 measured; 0 filtered out; finished in 0.00s

     Running tests/adversarial.rs (target/ze115-coverage/llvm-cov-target/debug/deps/adversarial-82a7f7d4671f1b91)

running 1 test
test text_pipeline_fault_sites_fire_and_surface_typed_errors ... ok

test result: ok. 1 passed; 0 failed; 0 ignored; 0 measured; 0 filtered out; finished in 0.17s

     Running tests/arch.rs (target/ze115-coverage/llvm-cov-target/debug/deps/arch-cfaae99080c8701f)

running 9 tests
test arctic_v15_batched_cls_matches_reference_across_padding_and_chunk_boundary ... ignored, requires the external ze-model-bundles-v2-c1 fixture
test astra_08_ascii_tokenization_is_unchanged ... ignored, requires the external ze-model-bundles-v2-c1 fixture
test astra_08_reembedded_unicode_documents_match_reference ... ignored, requires the external ze-model-bundles-v2-c1 fixture
test astra_08_source_tokenizer_normalization_order_matches ... ignored, requires the external ze-model-bundles-v2-c1 fixture
test astra_08_source_tokenizer_unicode_ids_match ... ignored, requires the external ze-model-bundles-v2-c1 fixture
test bert_with_dense_head_matches_the_fp32_reference_vectors_for_mdbr_leaf_ir_to_1e_4 ... ignored, requires the external ze-model-bundles-v2-c1 fixture
test gte_matches_the_fp32_reference_vectors_for_arctic_m_v2_to_1e_4 ... ignored, requires the external ze-model-bundles-v2-c1 fixture
test an_unknown_architecture_id_fails_typed_at_load ... ok
test batched_one_dimension_truncation_matches_each_individual_row ... ok

test result: ok. 2 passed; 0 failed; 7 ignored; 0 measured; 0 filtered out; finished in 0.10s

     Running tests/bundle.rs (target/ze115-coverage/llvm-cov-target/debug/deps/bundle-6d15fbcfac2a6026)

running 5 tests
test unknown_tokenizer_flag_bits_are_refused_instead_of_silently_dropped ... ok
test a_tower_weights_digest_must_equal_its_exact_tensor_section ... ok
test a_bundle_with_a_corrupted_tensor_digest_is_refused_before_any_tensor_is_mapped ... ok
test a_two_tower_bundle_binds_document_and_query_by_name_and_a_one_tower_bundle_serves_both ... ok
test malformed_bundle_metadata_is_refused_at_the_exact_field_boundary ... ok

test result: ok. 5 passed; 0 failed; 0 ignored; 0 measured; 0 filtered out; finished in 0.01s

     Running tests/epoch.rs (target/ze115-coverage/llvm-cov-target/debug/deps/epoch-e5d0a56a4cb1e28f)

running 3 tests
test astra_08_old_tokenizer_epoch_is_refused_without_writes ... ok
test pre_layout_fix_store_is_refused_without_modifying_persisted_bytes ... ok
test swapping_the_query_tower_keeps_the_store_open_and_swapping_the_document_tower_refuses_open ... ok

test result: ok. 3 passed; 0 failed; 0 ignored; 0 measured; 0 filtered out; finished in 0.03s

     Running tests/handoff.rs (target/ze115-coverage/llvm-cov-target/debug/deps/handoff-1504085204ac36cd)

running 1 test
test the_embed_to_writer_hand_off_allocates_zero_bytes_per_document ... ok

test result: ok. 1 passed; 0 failed; 0 ignored; 0 measured; 0 filtered out; finished in 0.00s

     Running tests/pipeline.rs (target/ze115-coverage/llvm-cov-target/debug/deps/pipeline-6ff03c67e4de2772)

running 3 tests
test a_failing_embed_worker_surfaces_as_a_typed_error_and_every_thread_is_joined ... ok
test ingest_text_over_a_corpus_produces_the_same_rows_and_vectors_as_the_serialized_path ... ok
test back_pressure_bounds_in_flight_batches_to_the_channel_capacity ... ok

test result: ok. 3 passed; 0 failed; 0 ignored; 0 measured; 0 filtered out; finished in 0.08s

     Running tests/placement.rs (target/ze115-coverage/llvm-cov-target/debug/deps/placement-ea99268b497413b1)

running 1 test
test gpu_cpu_and_ane_query_vectors_agree_within_tolerance_on_the_golden_queries ... ignored, requires external MLX and CoreML model fixtures

test result: ok. 0 passed; 0 failed; 1 ignored; 0 measured; 0 filtered out; finished in 0.00s

     Running tests/query.rs (target/ze115-coverage/llvm-cov-target/debug/deps/query-15cec236bb88ef4f)

running 6 tests
test the_query_prefix_is_applied_from_the_bundle_and_never_by_the_caller ... ok
test astra_18_expired_text_entry_never_returns_partial_hits ... ok
test a_lexical_query_does_not_evaluate_the_query_tower ... ok
test astra_00_detailed_text_query_preserves_hits_and_reports_its_boundaries ... ok
test astra_06_text_query_exposes_explicit_rescore_and_preserves_tier_controls ... ok
test astra_07_result_materialization_uses_one_admission ... ok

test result: ok. 6 passed; 0 failed; 0 ignored; 0 measured; 0 filtered out; finished in 0.07s

     Running tests/text_api.rs (target/ze115-coverage/llvm-cov-target/debug/deps/text_api-c97af1a0ef466978)

running 6 tests
test default_text_store_over_30000_documents_maintains_and_serves_a_graph ... ignored, requires an unsandboxed MLX runtime
test default_ingest_seals_at_4096_rows ... ok
test health_reports_sealed_scan_segments_and_maintain_reports_complete_below_the_graph_threshold ... ok
test ingest_text_then_query_text_returns_the_ingested_text_with_the_declared_epoch ... ok
test query_options_carry_an_explicit_search_tier_through_dense_and_hybrid_legs ... ok
test deleting_a_caller_id_deletes_every_chunk_row ... ok

test result: ok. 5 passed; 0 failed; 1 ignored; 0 measured; 0 filtered out; finished in 0.06s


    Finished report saved to /tmp/ze-115-evidence/baseline-coverage.json
