   Compiling zeppelin-embed-text v0.4.2 (/Users/aghatage/Documents/code/zeppelin-embed-wt-ze-115/crates/zeppelin-embed-text)
warning: unused variable: `tokens`
    --> crates/zeppelin-embed-text/src/ingest.rs:1417:9
     |
1417 |     let tokens = std::env::var("ZE_QUERY_COREML_TOKENS")
     |         ^^^^^^ help: if this is intentional, prefix it with an underscore: `_tokens`
     |
     = note: `#[warn(unused_variables)]` (part of `#[warn(unused)]`) on by default

warning: unused variable: `model`
    --> crates/zeppelin-embed-text/src/ingest.rs:1421:9
     |
1421 |     let model = match std::env::var("ZE_QUERY_COREML") {
     |         ^^^^^ help: if this is intentional, prefix it with an underscore: `_model`

warning: `zeppelin-embed-text` (lib) generated 2 warnings (run `cargo fix --lib -p zeppelin-embed-text` to apply 2 suggestions)
    Finished `test` profile [unoptimized + debuginfo] target(s) in 0.83s
     Running tests/lifecycle_contracts.rs (target/ze115-coverage/debug/deps/lifecycle_contracts-3110e831a19d1158)

running 1 test

thread 'discovered_broken_coreml_artifact_fails_open_without_silent_backend_fallback' (32655536) panicked at crates/zeppelin-embed-text/tests/lifecycle_contracts.rs:112:5:
present invalid artifact must fail open
note: run with `RUST_BACKTRACE=1` environment variable to display a backtrace
test discovered_broken_coreml_artifact_fails_open_without_silent_backend_fallback ... FAILED

failures:

failures:
    discovered_broken_coreml_artifact_fails_open_without_silent_backend_fallback

test result: FAILED. 0 passed; 1 failed; 0 ignored; 0 measured; 1 filtered out; finished in 0.06s

error: test failed, to rerun pass `-p zeppelin-embed-text --test lifecycle_contracts`
