   Compiling zeppelin-embed-text v0.4.2 (/Users/aghatage/Documents/code/zeppelin-embed-wt-ze-115/crates/zeppelin-embed-text)
warning: unused variable: `query`
    --> crates/zeppelin-embed-text/src/ingest.rs:1653:36
     |
1653 |             Self::Pair { document, query } => match role {
     |                                    ^^^^^ help: try ignoring the field: `query: _`
     |
     = note: `#[warn(unused_variables)]` (part of `#[warn(unused)]`) on by default

warning: method `embed_controlled` is never used
    --> crates/zeppelin-embed-text/src/ingest.rs:1590:8
     |
1563 | impl QueryRuntime {
     | ----------------- method in this implementation
...
1590 |     fn embed_controlled(
     |        ^^^^^^^^^^^^^^^^
     |
     = note: `#[warn(dead_code)]` (part of `#[warn(unused)]`) on by default

warning: `zeppelin-embed-text` (lib) generated 2 warnings (run `cargo fix --lib -p zeppelin-embed-text` to apply 1 suggestion)
    Finished `test` profile [unoptimized + debuginfo] target(s) in 0.80s
     Running tests/lifecycle_contracts.rs (target/ze115-coverage/debug/deps/lifecycle_contracts-3110e831a19d1158)

running 1 test

thread 'paired_towers_keep_query_routing_and_chunk_deletion_across_reopen' (32648005) panicked at crates/zeppelin-embed-text/tests/lifecycle_contracts.rs:43:5:
assertion `left == right` failed: query tower deliberately points at the other document
  left: 1
 right: 2
note: run with `RUST_BACKTRACE=1` environment variable to display a backtrace
test paired_towers_keep_query_routing_and_chunk_deletion_across_reopen ... FAILED

failures:

failures:
    paired_towers_keep_query_routing_and_chunk_deletion_across_reopen

test result: FAILED. 0 passed; 1 failed; 0 ignored; 0 measured; 1 filtered out; finished in 0.06s

error: test failed, to rerun pass `-p zeppelin-embed-text --test lifecycle_contracts`
