   Compiling zerocopy v0.8.52
   Compiling serde_core v1.0.229
   Compiling zeppelin-embed-bench v0.4.2 (/private/tmp/ze43-pg8-independent/repro/crates/zeppelin-embed-bench)
   Compiling zeppelin-embed v0.4.2 (/private/tmp/ze43-pg8-independent/repro/crates/zeppelin-embed)
   Compiling zeppelin-embed-adversarial-oracle v0.4.2 (/private/tmp/ze43-pg8-independent/repro/tests/adversarial-oracle)
   Compiling tempfile v3.25.0
   Compiling rusty-fork v0.3.1
   Compiling serde_json v1.0.151
   Compiling ppv-lite86 v0.2.21
   Compiling rand_chacha v0.9.0
   Compiling rand v0.9.5
   Compiling proptest v1.10.0
   Compiling zeppelin-embed-ffi v0.4.2 (/private/tmp/ze43-pg8-independent/repro/crates/zeppelin-embed-ffi)
   Compiling zeppelin-embed-workspace-tests v0.4.2 (/private/tmp/ze43-pg8-independent/repro/tests)
    Finished `test` profile [unoptimized + debuginfo] target(s) in 21.78s
────────────
 Nextest run ID dc7727b4-e08b-4627-9423-a162b4fc17b3 with nextest profile: default
    Starting 2 tests across 1 binary (454 tests skipped)
        PASS [   4.001s] (1/2) zeppelin-embed-workspace-tests::adversarial_tests one_runner_episode_reaches_required_native_directory_contracts
  stdout ───

    running 1 test
    test one_runner_episode_reaches_required_native_directory_contracts ... ok

    test result: ok. 1 passed; 0 failed; 0 ignored; 0 measured; 455 filtered out; finished in 3.99s


        PASS [   6.450s] (2/2) zeppelin-embed-workspace-tests::adversarial_tests property_graph_directories_probe_checks_native_roots_and_independent_history
  stdout ───

    running 1 test
    test property_graph_directories_probe_checks_native_roots_and_independent_history ... seed=0 property-graph.directories.native-history=1
    seed=0 property-graph.directories.old-root=1
    seed=0 property-graph.directories.reopen=1
    seed=0 property-graph.directories.range=1
    seed=0 property-graph.directories.detach=1
    seed=0 property-graph.directories.recreate=1
    seed=0 property-graph.directories.oracle.can-fire=1
    seed=0 property-graph.directories.append.fire=3
    seed=0 property-graph.directories.append.clean=3
    seed=0 property-graph.directories.read.fire=3
    seed=0 property-graph.directories.read.clean=3
    seed=0 property-graph.directories.cancel.fire=3
    seed=0 property-graph.directories.cancel.clean=3
    seed=0 property-graph.directories.budget.fire=1
    seed=0 property-graph.directories.budget.clean=1
    seed=41 property-graph.directories.native-history=1
    seed=41 property-graph.directories.old-root=1
    seed=41 property-graph.directories.reopen=1
    seed=41 property-graph.directories.range=1
    seed=41 property-graph.directories.detach=1
    seed=41 property-graph.directories.recreate=1
    seed=41 property-graph.directories.oracle.can-fire=1
    seed=41 property-graph.directories.append.fire=3
    seed=41 property-graph.directories.append.clean=3
    seed=41 property-graph.directories.read.fire=3
    seed=41 property-graph.directories.read.clean=3
    seed=41 property-graph.directories.cancel.fire=3
    seed=41 property-graph.directories.cancel.clean=3
    seed=41 property-graph.directories.budget.fire=1
    seed=41 property-graph.directories.budget.clean=1
    ok

    test result: ok. 1 passed; 0 failed; 0 ignored; 0 measured; 455 filtered out; finished in 6.44s


────────────
     Summary [   6.450s] 2 tests run: 2 passed, 454 skipped
