    Checking cfg-if v1.0.4
    Checking bitflags v2.13.1
    Checking byteorder v1.5.0
    Checking fastrand v2.4.1
    Checking bytemuck v1.25.2
    Checking once_cell v1.21.4
    Checking xxhash-rust v0.8.18
    Checking quick-error v1.2.3
    Checking libc v0.2.189
    Checking zerocopy v0.8.52
    Checking serde_core v1.0.229
    Checking zmij v1.0.23
   Compiling zeppelin-embed-bench v0.4.2 (/private/tmp/ze43-pg8-independent/repro/crates/zeppelin-embed-bench)
    Checking memchr v2.8.3
    Checking fnv v1.0.7
    Checking bit-vec v0.8.0
    Checking itoa v1.0.18
    Checking num-traits v0.2.19
    Checking unarray v0.1.4
    Checking regex-syntax v0.8.11
    Checking zeppelin-embed-adversarial-oracle v0.4.2 (/private/tmp/ze43-pg8-independent/repro/tests/adversarial-oracle)
    Checking roaring v0.10.12
    Checking bit-set v0.8.0
    Checking getrandom v0.3.4
    Checking errno v0.3.14
    Checking wait-timeout v0.2.1
    Checking rustix v1.1.3
    Checking rand_core v0.9.5
    Checking zeppelin-embed v0.4.2 (/private/tmp/ze43-pg8-independent/repro/crates/zeppelin-embed)
    Checking rand_xorshift v0.4.0
    Checking tempfile v3.25.0
    Checking rusty-fork v0.3.1
    Checking serde_json v1.0.151
    Checking ppv-lite86 v0.2.21
    Checking rand_chacha v0.9.0
    Checking rand v0.9.5
    Checking proptest v1.10.0
    Checking zeppelin-embed-ffi v0.4.2 (/private/tmp/ze43-pg8-independent/repro/crates/zeppelin-embed-ffi)
    Checking zeppelin-embed-workspace-tests v0.4.2 (/private/tmp/ze43-pg8-independent/repro/tests)
    Finished `dev` profile [unoptimized + debuginfo] target(s) in 11.92s
