   Compiling proc-macro2 v1.0.107
   Compiling unicode-ident v1.0.24
   Compiling quote v1.0.47
   Compiling libc v0.2.189
   Compiling cfg-if v1.0.4
   Compiling zerocopy v0.8.52
   Compiling getrandom v0.3.4
   Compiling serde_core v1.0.229
   Compiling rustix v1.1.3
   Compiling autocfg v1.5.1
   Compiling zmij v1.0.23
   Compiling serde v1.0.229
   Compiling bitflags v2.13.1
   Compiling once_cell v1.21.4
   Compiling regex-syntax v0.8.11
   Compiling serde_json v1.0.151
   Compiling ciborium-io v0.2.2
   Compiling fastrand v2.4.1
   Compiling memchr v2.8.3
   Compiling anstyle v1.0.14
   Compiling itoa v1.0.18
   Compiling clap_lex v1.1.0
   Compiling either v1.17.0
   Compiling num-traits v0.2.19
   Compiling clap_builder v4.6.0
   Compiling itertools v0.10.5
   Compiling byteorder v1.5.0
   Compiling cast v0.3.0
   Compiling same-file v1.0.6
   Compiling bit-vec v0.8.0
   Compiling fnv v1.0.7
   Compiling quick-error v1.2.3
   Compiling bytemuck v1.25.2
   Compiling walkdir v2.5.0
   Compiling anes v0.1.6
   Compiling oorandom v11.1.5
   Compiling xxhash-rust v0.8.18
   Compiling unarray v0.1.4
   Compiling bit-set v0.8.0
   Compiling roaring v0.10.12
   Compiling syn v2.0.119
   Compiling syn v3.0.3
   Compiling errno v0.3.14
   Compiling wait-timeout v0.2.1
   Compiling is-terminal v0.4.17
   Compiling rand_core v0.9.5
   Compiling criterion-plot v0.5.0
   Compiling rand_xorshift v0.4.0
   Compiling regex-automata v0.4.18
   Compiling clap v4.6.1
   Compiling zeppelin-embed v0.4.2 (/Users/aghatage/Documents/code/zeppelin-embed-wt-ze-34/crates/zeppelin-embed)
   Compiling tempfile v3.25.0
   Compiling rusty-fork v0.3.1
   Compiling serde_derive v1.0.229
   Compiling regex v1.13.1
   Compiling zerocopy-derive v0.8.52
   Compiling tinytemplate v1.2.1
   Compiling half v2.7.1
   Compiling ppv-lite86 v0.2.21
   Compiling rand_chacha v0.9.0
   Compiling ciborium-ll v0.2.2
   Compiling rand v0.9.5
   Compiling ciborium v0.2.2
   Compiling proptest v1.10.0
   Compiling criterion v0.5.1
    Finished `test` profile [unoptimized + debuginfo] target(s) in 24.09s
     Running unittests src/lib.rs (target/ze34-audit/debug/deps/zeppelin_embed-30128617a360998f)

running 1 test
targets=16384 key_bytes=200000 success_allocator_calls=0 duplicate_allocator_calls=0 positive_control_bytes=17
test property_graph::key_lifecycle::allocation_tests::full_target_sort_and_exact_retry_have_zero_allocator_calls ... ok

test result: ok. 1 passed; 0 failed; 0 ignored; 0 measured; 585 filtered out; finished in 0.03s

