   Compiling zeppelin-embed v0.4.2 (/Users/aghatage/Documents/code/zeppelin-embed-wt-ze-34/crates/zeppelin-embed)
warning: missing documentation for a struct field
  --> crates/zeppelin-embed/src/property_graph/key_lifecycle.rs:30:14
   |
30 |     Create { revision: GraphRevision, contents: CanonicalRecord<'a> },
   |              ^^^^^^^^^^^^^^^^^^^^^^^
   |
note: the lint level is defined here
  --> crates/zeppelin-embed/src/lib.rs:28:9
   |
28 | #![warn(missing_docs)]
   |         ^^^^^^^^^^^^

warning: missing documentation for a struct field
  --> crates/zeppelin-embed/src/property_graph/key_lifecycle.rs:30:39
   |
30 |     Create { revision: GraphRevision, contents: CanonicalRecord<'a> },
   |                                       ^^^^^^^^^^^^^^^^^^^^^^^^^^^^^

warning: `zeppelin-embed` (lib) generated 2 warnings
warning: irrefutable `let...else` pattern
  --> crates/zeppelin-embed/tests/graph_key_lifecycle.rs:27:5
   |
27 |     let KeyDecision::Change(change) = decision else { panic!("new create must change") };
   |     ^^^^^^^^^^^^^^^^^^^^^^^^^^^^^^^^^^^^^^^^^^
   |
   = note: this pattern will always match, so the `else` clause is useless
   = help: consider removing the `else` clause
   = note: `#[warn(irrefutable_let_patterns)]` on by default

warning: `zeppelin-embed` (test "graph_key_lifecycle") generated 1 warning
    Finished `test` profile [unoptimized + debuginfo] target(s) in 9.25s
     Running tests/graph_key_lifecycle.rs (target/ze34/debug/deps/graph_key_lifecycle-5a7aa439f0a0b949)

running 1 test
test never_used_key_create_stages_identity_and_explicit_provenance ... ok

test result: ok. 1 passed; 0 failed; 0 ignored; 0 measured; 0 filtered out; finished in 0.00s

