   Compiling proc-macro2 v1.0.107
   Compiling quote v1.0.47
   Compiling unicode-ident v1.0.24
   Compiling zerocopy v0.8.52
   Compiling serde_core v1.0.229
   Compiling serde v1.0.229
   Compiling once_cell v1.21.4
   Compiling ciborium-io v0.2.2
   Compiling either v1.17.0
   Compiling clap_lex v1.1.0
   Compiling anstyle v1.0.14
   Compiling regex-automata v0.4.18
   Compiling cast v0.3.0
   Compiling same-file v1.0.6
   Compiling is-terminal v0.4.17
   Compiling anes v0.1.6
   Compiling oorandom v11.1.5
   Compiling walkdir v2.5.0
   Compiling tempfile v3.25.0
   Compiling clap_builder v4.6.0
   Compiling itertools v0.10.5
   Compiling rusty-fork v0.3.1
   Compiling regex v1.13.1
   Compiling criterion-plot v0.5.0
   Compiling syn v2.0.119
   Compiling syn v3.0.3
   Compiling clap v4.6.1
   Compiling serde_json v1.0.151
   Compiling serde_derive v1.0.229
   Compiling zerocopy-derive v0.8.52
   Compiling tinytemplate v1.2.1
   Compiling half v2.7.1
   Compiling ppv-lite86 v0.2.21
   Compiling rand_chacha v0.9.0
   Compiling ciborium-ll v0.2.2
   Compiling rand v0.9.5
   Compiling ciborium v0.2.2
   Compiling criterion v0.5.1
   Compiling proptest v1.10.0
   Compiling zeppelin-embed v0.4.2 (/Users/aghatage/Documents/code/zeppelin-embed-wt-ze-34/crates/zeppelin-embed)
error[E0433]: failed to resolve: use of undeclared type `CanonicalRecord`
  --> crates/zeppelin-embed/tests/graph_key_lifecycle.rs:25:73
   |
25 | ...ision: revision(7), contents: CanonicalRecord::from_validated(EntityShape::Node, fingerprint, &mut source) };
   |                                  ^^^^^^^^^^^^^^^
   |                                  |
   |                                  use of undeclared type `CanonicalRecord`
   |                                  help: an enum with a similar name exists: `CanonicalError`

error[E0433]: failed to resolve: use of undeclared type `EntityShape`
  --> crates/zeppelin-embed/tests/graph_key_lifecycle.rs:25:105
   |
25 | ... contents: CanonicalRecord::from_validated(EntityShape::Node, fingerprint, &mut source) };
   |                                               ^^^^^^^^^^^ use of undeclared type `EntityShape`

error[E0433]: failed to resolve: use of undeclared type `KeyState`
  --> crates/zeppelin-embed/tests/graph_key_lifecycle.rs:26:40
   |
26 |     let decision = classify_key(key(), KeyState::NeverUsed, request, &mut [0; 64], &mut || Ok(())).expect("new create");
   |                                        ^^^^^^^^ use of undeclared type `KeyState`

error[E0425]: cannot find function `classify_key` in this scope
  --> crates/zeppelin-embed/tests/graph_key_lifecycle.rs:26:20
   |
26 |     let decision = classify_key(key(), KeyState::NeverUsed, request, &mut [0; 64], &mut || Ok(())).expect("new create");
   |                    ^^^^^^^^^^^^ not found in this scope

error[E0433]: failed to resolve: use of undeclared type `KeyRequest`
  --> crates/zeppelin-embed/tests/graph_key_lifecycle.rs:25:19
   |
25 |     let request = KeyRequest::Create { revision: revision(7), contents: CanonicalRecord::from_validated(EntityShape::Node, fingerprint, &...
   |                   ^^^^^^^^^^ use of undeclared type `KeyRequest`

error[E0433]: failed to resolve: use of undeclared type `KeyDecision`
  --> crates/zeppelin-embed/tests/graph_key_lifecycle.rs:27:9
   |
27 |     let KeyDecision::Change(change) = decision else { panic!("new create must change") };
   |         ^^^^^^^^^^^ use of undeclared type `KeyDecision`

Some errors have detailed explanations: E0425, E0433.
For more information about an error, try `rustc --explain E0425`.
error: could not compile `zeppelin-embed` (test "graph_key_lifecycle") due to 6 previous errors
