   Compiling zeppelin-embed-cypher v0.4.2 (/Users/aghatage/Documents/code/zeppelin-embed-wt-ze-54/crates/zeppelin-embed-cypher)
    Finished `test` profile [unoptimized + debuginfo] target(s) in 0.16s
     Running tests/parser.rs (target/ze54/debug/deps/parser-d9c8f0ed5d369f67)

running 16 tests
test byte_admission_validates_limits_before_scanning_input ... FAILED
test duplicate_property_error_names_the_second_key ... FAILED
test truncated_utf8_error_span_covers_the_remaining_bytes ... ok
test parses_literals_and_expression_precedence ... ok
test malformed_bytes_diagnostics_and_iterative_visitor_fail_explicitly ... ok
test precedence_and_chain_operands_are_preserved_in_the_arena ... ok
test escapes_full_width_numbers_and_utf8_byte_spans_are_exact ... ok
test reserved_words_require_escaping_as_variables_but_allow_schema_names ... ok
test aggregate_placement_and_with_alias_are_profile_checked ... ok
test grouping_preserves_top_level_aggregates_and_variable_forwarding ... ok
test limits_fire_on_actual_tokens_arena_depth_names_and_projection ... ok
test every_syntax_inventory_expression_has_a_preserved_node ... ok
test parses_complete_clause_pattern_projection_and_write_inventory ... ok
test complete_input_rejects_unsupported_suffixes_and_profile_syntax ... ok
test selected_original_tck_statements_parse_without_claiming_execution_conformance ... ok
test cancellation_and_allocation_faults_can_fire_at_every_reachable_site ... ok

failures:

---- byte_admission_validates_limits_before_scanning_input stdout ----

thread 'byte_admission_validates_limits_before_scanning_input' (32380180) panicked at crates/zeppelin-embed-cypher/tests/parser.rs:672:5:
assertion `left == right` failed
  left: Syntax
 right: InvalidLimits
note: run with `RUST_BACKTRACE=1` environment variable to display a backtrace

---- duplicate_property_error_names_the_second_key stdout ----

thread 'duplicate_property_error_names_the_second_key' (32380183) panicked at crates/zeppelin-embed-cypher/tests/parser.rs:666:5:
assertion `left == right` failed
  left: Span { start: 16, end: 17 }
 right: Span { start: 15, end: 16 }


failures:
    byte_admission_validates_limits_before_scanning_input
    duplicate_property_error_names_the_second_key

test result: FAILED. 14 passed; 2 failed; 0 ignored; 0 measured; 0 filtered out; finished in 0.01s

error: test failed, to rerun pass `-p zeppelin-embed-cypher --test parser`
