   Compiling libc v0.2.189
   Compiling getrandom v0.3.4
   Compiling cfg-if v1.0.4
   Compiling rustix v1.1.3
   Compiling zerocopy v0.8.52
   Compiling bitflags v2.13.1
   Compiling zmij v1.0.23
   Compiling autocfg v1.5.1
   Compiling bytemuck v1.25.2
   Compiling once_cell v1.21.4
   Compiling serde_core v1.0.229
   Compiling fastrand v2.4.1
   Compiling byteorder v1.5.0
   Compiling xxhash-rust v0.8.18
   Compiling serde_json v1.0.151
   Compiling fnv v1.0.7
   Compiling itoa v1.0.18
   Compiling bit-vec v0.8.0
   Compiling quick-error v1.2.3
   Compiling memchr v2.8.3
   Compiling zeppelin-embed-bench v0.4.2 (/Users/aghatage/Documents/code/zeppelin-embed-wt-ze-54/crates/zeppelin-embed-bench)
   Compiling roaring v0.10.12
   Compiling regex-syntax v0.8.11
   Compiling unarray v0.1.4
   Compiling zeppelin-embed-adversarial-oracle v0.4.2 (/Users/aghatage/Documents/code/zeppelin-embed-wt-ze-54/tests/adversarial-oracle)
   Compiling bit-set v0.8.0
   Compiling num-traits v0.2.19
   Compiling errno v0.3.14
   Compiling wait-timeout v0.2.1
   Compiling zeppelin-embed v0.4.2 (/Users/aghatage/Documents/code/zeppelin-embed-wt-ze-54/crates/zeppelin-embed)
   Compiling rand_core v0.9.5
   Compiling rand_xorshift v0.4.0
   Compiling tempfile v3.25.0
   Compiling rusty-fork v0.3.1
   Compiling ppv-lite86 v0.2.21
   Compiling rand_chacha v0.9.0
   Compiling rand v0.9.5
   Compiling proptest v1.10.0
   Compiling zeppelin-embed-ffi v0.4.2 (/Users/aghatage/Documents/code/zeppelin-embed-wt-ze-54/crates/zeppelin-embed-ffi)
   Compiling zeppelin-embed-workspace-tests v0.4.2 (/Users/aghatage/Documents/code/zeppelin-embed-wt-ze-54/tests)
    Finished `test` profile [unoptimized + debuginfo] target(s) in 18.97s
     Running adversarial_tests.rs (target/ze54/debug/deps/adversarial_tests-dc11412a44b91ab3)

running 1 test
test smoke has been running for over 60 seconds
test smoke ... ok

test result: ok. 1 passed; 0 failed; 0 ignored; 0 measured; 432 filtered out; finished in 88.01s
