   Compiling zeppelin-embed-cypher v0.4.2 (/Users/aghatage/Documents/code/zeppelin-embed-wt-ze-54/crates/zeppelin-embed-cypher)
warning: unused variable: `limits`
  --> crates/zeppelin-embed-cypher/src/lexer.rs:56:5
   |
56 |     limits: CompileLimits,
   |     ^^^^^^ help: if this is intentional, prefix it with an underscore: `_limits`
   |
   = note: `#[warn(unused_variables)]` (part of `#[warn(unused)]`) on by default

warning: `zeppelin-embed-cypher` (lib) generated 1 warning (run `cargo fix --lib -p zeppelin-embed-cypher` to apply 1 suggestion)
    Finished `test` profile [unoptimized + debuginfo] target(s) in 0.24s
     Running tests/parser.rs (target/ze54-mutations/debug/deps/parser-d9c8f0ed5d369f67)

running 1 test
test limits_fire_on_actual_tokens_arena_depth_names_and_projection ... FAILED

failures:

---- limits_fire_on_actual_tokens_arena_depth_names_and_projection stdout ----

thread 'limits_fire_on_actual_tokens_arena_depth_names_and_projection' (32466232) panicked at crates/zeppelin-embed-cypher/tests/parser.rs:355:18:
called `Result::unwrap_err()` on an `Ok` value: Ast { source: "RETURN 1", tokens: [Token { kind: Ident, span: Span { start: 0, end: 6 }, decoded: None }, Token { kind: Integer, span: Span { start: 7, end: 8 }, decoded: None }], nodes: [Node { kind: Integer(1), span: Span { start: 7, end: 8 }, children: [], aggregate: false }, Node { kind: ProjectionItem { alias: None }, span: Span { start: 7, end: 8 }, children: [AstId(0)], aggregate: false }, Node { kind: Projection { with: false, distinct: false }, span: Span { start: 0, end: 8 }, children: [AstId(1)], aggregate: false }, Node { kind: Statement, span: Span { start: 0, end: 8 }, children: [AstId(2)], aggregate: false }], root: AstId(3) }
note: run with `RUST_BACKTRACE=1` environment variable to display a backtrace


failures:
    limits_fire_on_actual_tokens_arena_depth_names_and_projection

test result: FAILED. 0 passed; 1 failed; 0 ignored; 0 measured; 18 filtered out; finished in 0.00s

error: test failed, to rerun pass `-p zeppelin-embed-cypher --test parser`
