   Compiling zeppelin-embed-cypher v0.4.2 (/Users/aghatage/Documents/code/zeppelin-embed-wt-ze-54/crates/zeppelin-embed-cypher)
    Finished `test` profile [unoptimized + debuginfo] target(s) in 0.24s
     Running unittests src/lib.rs (target/ze54/debug/deps/zeppelin_embed_cypher-63e3f0462d752cea)

running 0 tests

test result: ok. 0 passed; 0 failed; 0 ignored; 0 measured; 0 filtered out; finished in 0.00s

     Running tests/parser.rs (target/ze54/debug/deps/parser-d9c8f0ed5d369f67)

running 19 tests
test byte_admission_validates_limits_before_scanning_input ... ok
test duplicate_property_error_names_the_second_key ... ok
test precedence_and_chain_operands_are_preserved_in_the_arena ... ok
test parses_literals_and_expression_precedence ... ok
test malformed_bytes_diagnostics_and_iterative_visitor_fail_explicitly ... ok
test aggregate_placement_and_with_alias_are_profile_checked ... ok
test truncated_utf8_error_span_covers_the_remaining_bytes ... ok
test reserved_words_require_escaping_as_variables_but_allow_schema_names ... ok
test patterns_calls_and_projection_modifiers_preserve_lowering_payload ... ok
test escapes_full_width_numbers_and_utf8_byte_spans_are_exact ... ok
test recognized_out_of_profile_syntax_has_a_distinct_profile_error ... ok
test unknown_function_and_procedure_errors_identify_the_name ... ok
test every_syntax_inventory_expression_has_a_preserved_node ... ok
test grouping_preserves_top_level_aggregates_and_variable_forwarding ... ok
test limits_fire_on_actual_tokens_arena_depth_names_and_projection ... ok
test parses_complete_clause_pattern_projection_and_write_inventory ... ok
test complete_input_rejects_unsupported_suffixes_and_profile_syntax ... ok
test selected_original_tck_statements_parse_without_claiming_execution_conformance ... ok
frontend faults: checkpoints=323 reservations=65 charged_bytes=11900
frontend faults: checkpoints=152 reservations=39 charged_bytes=5946
frontend faults: checkpoints=128 reservations=26 charged_bytes=3040
test cancellation_and_allocation_faults_can_fire_at_every_reachable_site ... ok

test result: ok. 19 passed; 0 failed; 0 ignored; 0 measured; 0 filtered out; finished in 0.01s

   Doc-tests zeppelin_embed_cypher

running 0 tests

test result: ok. 0 passed; 0 failed; 0 ignored; 0 measured; 0 filtered out; finished in 0.00s
